core_cm4.h:1676:26:__NVIC_GetPriorityGrouping	4	static
core_cm4.h:1688:22:__NVIC_EnableIRQ	16	static
core_cm4.h:1816:22:__NVIC_SetPriority	16	static
core_cm4.h:1863:26:NVIC_EncodePriority	40	static
Audio_Drivers.c:21:6:Configure_GPIO_Output	32	static
Audio_Drivers.c:45:6:initAudioTimer	56	static
Audio_Drivers.c:66:6:setAudioTimer	24	static
Audio_Drivers.c:79:10:hasAudioTimerFinished	4	static
Audio_Drivers.c:82:6:audioDelay	16	static
Audio_Drivers.c:88:10:waitForFlagWithTimeout	32	static
Audio_Drivers.c:111:24:myConfigureI2SClock	24	static
Audio_Drivers.c:135:24:myConfigureTheMainClockPLL	16	static
Audio_Drivers.c:169:24:myConfigureFlashWaitStatesAndBusClocks	56	static
Audio_Drivers.c:224:24:myAudioSpeedUpTheSystemClock	8	static
Audio_Drivers.c:261:24:configureAudioDACI2CRegisters	16	static
Audio_Drivers.c:291:13:setupClocksAndGPIOForAudioI2C	8	static
Audio_Drivers.c:317:13:setupAudioI2CPeripheral	8	static
Audio_Drivers.c:327:6:setupResetForAudioDAC	8	static
Audio_Drivers.c:345:31:waitForI2CMasterAddressFlagUntilTimeout	16	static
Audio_Drivers.c:368:31:waitForI2CTXEFlagUntilTimeout	16	static
Audio_Drivers.c:388:31:waitForI2CBTFFlagUntilTimeout	16	static
Audio_Drivers.c:411:31:myI2C_WaitOnRXNEFlagUntilTimeout	16	static
Audio_Drivers.c:438:13:clearTheADDRFlag	24	static
Audio_Drivers.c:445:24:readDataFromI2CPeripheral	32	static
Audio_Drivers.c:562:13:resetTheI2CDriver	8	static
Audio_Drivers.c:572:24:writeDataToI2CPeripheral	40	static
Audio_Drivers.c:652:10:myI2Cx_WriteData	40	static
Audio_Drivers.c:667:10:checkAudioDAC_ID	32	static
Audio_Drivers.c:681:13:AUDIO_IO_DeInit	4	static
Audio_Drivers.c:682:13:AUDIO_IO_Init	4	static
Audio_Drivers.c:683:16:AUDIO_IO_Read	16	static
Audio_Drivers.c:686:13:AUDIO_IO_Write	16	static
Audio_Drivers.c:692:6:setupI2SPeripheral	48	static
Audio_Drivers.c:747:6:setupDMAForI2SPeripheral	16	static
Audio_Drivers.c:794:6:configureI2SClockPLL	24	static
Audio_Drivers.c:820:24:myAudioInitialisePeripherals	24	static
Audio_Drivers.c:866:6:setupDMAForAudioDAC	24	static
Audio_Drivers.c:903:6:myAudioStartPlaying	24	static
Audio_Drivers.c:927:6:DMA1_Stream7_IRQHandler	16	static
Audio_Drivers.c:970:6:myAudioChangeBuffer	24	static
