Archive member included to satisfy reference by file (symbol)

/Applications/STM32CubeIDE.app/Contents/Eclipse/plugins/com.st.stm32cube.ide.mcu.externaltools.gnu-tools-for-stm32.9-2020-q2-update.macos64_2.0.0.202105311346/tools/bin/../lib/gcc/arm-none-eabi/9.3.1/../../../../arm-none-eabi/lib/thumb/v7e-m+fp/hard/libc_nano.a(lib_a-errno.o)
                              ./Src/syscalls.o (__errno)
/Applications/STM32CubeIDE.app/Contents/Eclipse/plugins/com.st.stm32cube.ide.mcu.externaltools.gnu-tools-for-stm32.9-2020-q2-update.macos64_2.0.0.202105311346/tools/bin/../lib/gcc/arm-none-eabi/9.3.1/../../../../arm-none-eabi/lib/thumb/v7e-m+fp/hard/libc_nano.a(lib_a-exit.o)
                              /Applications/STM32CubeIDE.app/Contents/Eclipse/plugins/com.st.stm32cube.ide.mcu.externaltools.gnu-tools-for-stm32.9-2020-q2-update.macos64_2.0.0.202105311346/tools/bin/../lib/gcc/arm-none-eabi/9.3.1/../../../../arm-none-eabi/lib/thumb/v7e-m+fp/hard/crt0.o (exit)
/Applications/STM32CubeIDE.app/Contents/Eclipse/plugins/com.st.stm32cube.ide.mcu.externaltools.gnu-tools-for-stm32.9-2020-q2-update.macos64_2.0.0.202105311346/tools/bin/../lib/gcc/arm-none-eabi/9.3.1/../../../../arm-none-eabi/lib/thumb/v7e-m+fp/hard/libc_nano.a(lib_a-impure.o)
                              /Applications/STM32CubeIDE.app/Contents/Eclipse/plugins/com.st.stm32cube.ide.mcu.externaltools.gnu-tools-for-stm32.9-2020-q2-update.macos64_2.0.0.202105311346/tools/bin/../lib/gcc/arm-none-eabi/9.3.1/../../../../arm-none-eabi/lib/thumb/v7e-m+fp/hard/libc_nano.a(lib_a-exit.o) (_global_impure_ptr)
/Applications/STM32CubeIDE.app/Contents/Eclipse/plugins/com.st.stm32cube.ide.mcu.externaltools.gnu-tools-for-stm32.9-2020-q2-update.macos64_2.0.0.202105311346/tools/bin/../lib/gcc/arm-none-eabi/9.3.1/../../../../arm-none-eabi/lib/thumb/v7e-m+fp/hard/libc_nano.a(lib_a-init.o)
                              /Applications/STM32CubeIDE.app/Contents/Eclipse/plugins/com.st.stm32cube.ide.mcu.externaltools.gnu-tools-for-stm32.9-2020-q2-update.macos64_2.0.0.202105311346/tools/bin/../lib/gcc/arm-none-eabi/9.3.1/../../../../arm-none-eabi/lib/thumb/v7e-m+fp/hard/crt0.o (__libc_init_array)
/Applications/STM32CubeIDE.app/Contents/Eclipse/plugins/com.st.stm32cube.ide.mcu.externaltools.gnu-tools-for-stm32.9-2020-q2-update.macos64_2.0.0.202105311346/tools/bin/../lib/gcc/arm-none-eabi/9.3.1/../../../../arm-none-eabi/lib/thumb/v7e-m+fp/hard/libc_nano.a(lib_a-memset.o)
                              /Applications/STM32CubeIDE.app/Contents/Eclipse/plugins/com.st.stm32cube.ide.mcu.externaltools.gnu-tools-for-stm32.9-2020-q2-update.macos64_2.0.0.202105311346/tools/bin/../lib/gcc/arm-none-eabi/9.3.1/../../../../arm-none-eabi/lib/thumb/v7e-m+fp/hard/crt0.o (memset)
/Applications/STM32CubeIDE.app/Contents/Eclipse/plugins/com.st.stm32cube.ide.mcu.externaltools.gnu-tools-for-stm32.9-2020-q2-update.macos64_2.0.0.202105311346/tools/bin/../lib/gcc/arm-none-eabi/9.3.1/../../../../arm-none-eabi/lib/thumb/v7e-m+fp/hard/libm.a(lib_a-s_sin.o)
                              ./Src/sineWave.o (sin)
/Applications/STM32CubeIDE.app/Contents/Eclipse/plugins/com.st.stm32cube.ide.mcu.externaltools.gnu-tools-for-stm32.9-2020-q2-update.macos64_2.0.0.202105311346/tools/bin/../lib/gcc/arm-none-eabi/9.3.1/../../../../arm-none-eabi/lib/thumb/v7e-m+fp/hard/libm.a(lib_a-e_rem_pio2.o)
                              /Applications/STM32CubeIDE.app/Contents/Eclipse/plugins/com.st.stm32cube.ide.mcu.externaltools.gnu-tools-for-stm32.9-2020-q2-update.macos64_2.0.0.202105311346/tools/bin/../lib/gcc/arm-none-eabi/9.3.1/../../../../arm-none-eabi/lib/thumb/v7e-m+fp/hard/libm.a(lib_a-s_sin.o) (__ieee754_rem_pio2)
/Applications/STM32CubeIDE.app/Contents/Eclipse/plugins/com.st.stm32cube.ide.mcu.externaltools.gnu-tools-for-stm32.9-2020-q2-update.macos64_2.0.0.202105311346/tools/bin/../lib/gcc/arm-none-eabi/9.3.1/../../../../arm-none-eabi/lib/thumb/v7e-m+fp/hard/libm.a(lib_a-k_cos.o)
                              /Applications/STM32CubeIDE.app/Contents/Eclipse/plugins/com.st.stm32cube.ide.mcu.externaltools.gnu-tools-for-stm32.9-2020-q2-update.macos64_2.0.0.202105311346/tools/bin/../lib/gcc/arm-none-eabi/9.3.1/../../../../arm-none-eabi/lib/thumb/v7e-m+fp/hard/libm.a(lib_a-s_sin.o) (__kernel_cos)
/Applications/STM32CubeIDE.app/Contents/Eclipse/plugins/com.st.stm32cube.ide.mcu.externaltools.gnu-tools-for-stm32.9-2020-q2-update.macos64_2.0.0.202105311346/tools/bin/../lib/gcc/arm-none-eabi/9.3.1/../../../../arm-none-eabi/lib/thumb/v7e-m+fp/hard/libm.a(lib_a-k_rem_pio2.o)
                              /Applications/STM32CubeIDE.app/Contents/Eclipse/plugins/com.st.stm32cube.ide.mcu.externaltools.gnu-tools-for-stm32.9-2020-q2-update.macos64_2.0.0.202105311346/tools/bin/../lib/gcc/arm-none-eabi/9.3.1/../../../../arm-none-eabi/lib/thumb/v7e-m+fp/hard/libm.a(lib_a-e_rem_pio2.o) (__kernel_rem_pio2)
[...]
Memory Configuration

Name             Origin             Length             Attributes
CCMRAM           0x0000000010000000 0x0000000000010000 xrw
RAM              0x0000000020000000 0x0000000000020000 xrw
FLASH            0x0000000008000000 0x0000000000100000 xr
*default*        0x0000000000000000 0xffffffffffffffff

Linker script and memory map

LOAD /Applications/STM32CubeIDE.app/Contents/Eclipse/plugins/com.st.stm32cube.ide.mcu.externaltools.gnu-tools-for-stm32.9-2020-q2-update.macos64_2.0.0.202105311346/tools/bin/../lib/gcc/arm-none-eabi/9.3.1/thumb/v7e-m+fp/hard/crti.o
LOAD /Applications/STM32CubeIDE.app/Contents/Eclipse/plugins/com.st.stm32cube.ide.mcu.externaltools.gnu-tools-for-stm32.9-2020-q2-update.macos64_2.0.0.202105311346/tools/bin/../lib/gcc/arm-none-eabi/9.3.1/thumb/v7e-m+fp/hard/crtbegin.o
LOAD /Applications/STM32CubeIDE.app/Contents/Eclipse/plugins/com.st.stm32cube.ide.mcu.externaltools.gnu-tools-for-stm32.9-2020-q2-update.macos64_2.0.0.202105311346/tools/bin/../lib/gcc/arm-none-eabi/9.3.1/../../../../arm-none-eabi/lib/thumb/v7e-m+fp/hard/crt0.o
LOAD ./Src/Audio_Drivers.o
LOAD ./Src/cs43l22.o
LOAD ./Src/main.o
LOAD ./Src/sineWave.o
LOAD ./Src/syscalls.o
LOAD ./Src/sysmem.o
LOAD ./Src/system_stm32f4xx.o
LOAD ./Startup/startup_stm32f407vgtx.o
START GROUP
LOAD /Applications/STM32CubeIDE.app/Contents/Eclipse/plugins/com.st.stm32cube.ide.mcu.externaltools.gnu-tools-for-stm32.9-2020-q2-update.macos64_2.0.0.202105311346/tools/bin/../lib/gcc/arm-none-eabi/9.3.1/../../../../arm-none-eabi/lib/thumb/v7e-m+fp/hard/libc_nano.a
LOAD /Applications/STM32CubeIDE.app/Contents/Eclipse/plugins/com.st.stm32cube.ide.mcu.externaltools.gnu-tools-for-stm32.9-2020-q2-update.macos64_2.0.0.202105311346/tools/bin/../lib/gcc/arm-none-eabi/9.3.1/../../../../arm-none-eabi/lib/thumb/v7e-m+fp/hard/libm.a
END GROUP
START GROUP
LOAD /Applications/STM32CubeIDE.app/Contents/Eclipse/plugins/com.st.stm32cube.ide.mcu.externaltools.gnu-tools-for-stm32.9-2020-q2-update.macos64_2.0.0.202105311346/tools/bin/../lib/gcc/arm-none-eabi/9.3.1/thumb/v7e-m+fp/hard/libgcc.a
LOAD /Applications/STM32CubeIDE.app/Contents/Eclipse/plugins/com.st.stm32cube.ide.mcu.externaltools.gnu-tools-for-stm32.9-2020-q2-update.macos64_2.0.0.202105311346/tools/bin/../lib/gcc/arm-none-eabi/9.3.1/../../../../arm-none-eabi/lib/thumb/v7e-m+fp/hard/libc_nano.a
END GROUP
START GROUP
LOAD /Applications/STM32CubeIDE.app/Contents/Eclipse/plugins/com.st.stm32cube.ide.mcu.externaltools.gnu-tools-for-stm32.9-2020-q2-update.macos64_2.0.0.202105311346/tools/bin/../lib/gcc/arm-none-eabi/9.3.1/thumb/v7e-m+fp/hard/libgcc.a
LOAD /Applications/STM32CubeIDE.app/Contents/Eclipse/plugins/com.st.stm32cube.ide.mcu.externaltools.gnu-tools-for-stm32.9-2020-q2-update.macos64_2.0.0.202105311346/tools/bin/../lib/gcc/arm-none-eabi/9.3.1/../../../../arm-none-eabi/lib/thumb/v7e-m+fp/hard/libc_nano.a
LOAD /Applications/STM32CubeIDE.app/Contents/Eclipse/plugins/com.st.stm32cube.ide.mcu.externaltools.gnu-tools-for-stm32.9-2020-q2-update.macos64_2.0.0.202105311346/tools/bin/../lib/gcc/arm-none-eabi/9.3.1/../../../../arm-none-eabi/lib/thumb/v7e-m+fp/hard/libnosys.a
END GROUP
START GROUP
LOAD /Applications/STM32CubeIDE.app/Contents/Eclipse/plugins/com.st.stm32cube.ide.mcu.externaltools.gnu-tools-for-stm32.9-2020-q2-update.macos64_2.0.0.202105311346/tools/bin/../lib/gcc/arm-none-eabi/9.3.1/thumb/v7e-m+fp/hard/libgcc.a
LOAD /Applications/STM32CubeIDE.app/Contents/Eclipse/plugins/com.st.stm32cube.ide.mcu.externaltools.gnu-tools-for-stm32.9-2020-q2-update.macos64_2.0.0.202105311346/tools/bin/../lib/gcc/arm-none-eabi/9.3.1/../../../../arm-none-eabi/lib/thumb/v7e-m+fp/hard/libc_nano.a
LOAD /Applications/STM32CubeIDE.app/Contents/Eclipse/plugins/com.st.stm32cube.ide.mcu.externaltools.gnu-tools-for-stm32.9-2020-q2-update.macos64_2.0.0.202105311346/tools/bin/../lib/gcc/arm-none-eabi/9.3.1/../../../../arm-none-eabi/lib/thumb/v7e-m+fp/hard/libnosys.a
END GROUP
LOAD /Applications/STM32CubeIDE.app/Contents/Eclipse/plugins/com.st.stm32cube.ide.mcu.externaltools.gnu-tools-for-stm32.9-2020-q2-update.macos64_2.0.0.202105311346/tools/bin/../lib/gcc/arm-none-eabi/9.3.1/thumb/v7e-m+fp/hard/crtend.o
LOAD /Applications/STM32CubeIDE.app/Contents/Eclipse/plugins/com.st.stm32cube.ide.mcu.externaltools.gnu-tools-for-stm32.9-2020-q2-update.macos64_2.0.0.202105311346/tools/bin/../lib/gcc/arm-none-eabi/9.3.1/thumb/v7e-m+fp/hard/crtn.o
                0x0000000020020000                _estack = (ORIGIN (RAM) + LENGTH (RAM))
                0x0000000000000200                _Min_Heap_Size = 0x200
                0x0000000000000400                _Min_Stack_Size = 0x400

.isr_vector     0x0000000008000000      0x1a8
                0x0000000008000000                . = ALIGN (0x4)
 *(.isr_vector)
 .isr_vector    0x0000000008000000      0x1a8 ./Startup/startup_stm32f407vgtx.o
                0x0000000008000000                g_pfnVectors
                0x00000000080001a8                . = ALIGN (0x4)

.text           0x00000000080001a8     0x399c
                0x00000000080001a8                . = ALIGN (0x4)
 *(.text)
 .text          0x00000000080001a8       0x40 /Applications/STM32CubeIDE.app/Contents/Eclipse/plugins/com.st.stm32cube.ide.mcu.externaltools.gnu-tools-for-stm32.9-2020-q2-update.macos64_2.0.0.202105311346/tools/bin/../lib/gcc/arm-none-eabi/9.3.1/thumb/v7e-m+fp/hard/crtbegin.o
 .text          0x00000000080001e8      0x378 /Applications/STM32CubeIDE.app/Contents/Eclipse/plugins/com.st.stm32cube.ide.mcu.externaltools.gnu-tools-for-stm32.9-2020-q2-update.macos64_2.0.0.202105311346/tools/bin/../lib/gcc/arm-none-eabi/9.3.1/thumb/v7e-m+fp/hard/libgcc.a(_arm_addsubdf3.o)
                0x00000000080001e8                __aeabi_drsub
                0x00000000080001f0                __subdf3
                0x00000000080001f0                __aeabi_dsub
                0x00000000080001f4                __aeabi_dadd
                0x00000000080001f4                __adddf3
                0x000000000800046c                __aeabi_ui2d
                0x000000000800046c                __floatunsidf
                0x000000000800048c                __floatsidf
                0x000000000800048c                __aeabi_i2d
                0x00000000080004b0                __extendsfdf2
                0x00000000080004b0                __aeabi_f2d
                0x00000000080004f4                __aeabi_ul2d
                0x00000000080004f4                __floatundidf
                0x0000000008000504                __aeabi_l2d
                0x0000000008000504                __floatdidf
 .text          0x0000000008000560      0x424 /Applications/STM32CubeIDE.app/Contents/Eclipse/plugins/com.st.stm32cube.ide.mcu.externaltools.gnu-tools-for-stm32.9-2020-q2-update.macos64_2.0.0.202105311346/tools/bin/../lib/gcc/arm-none-eabi/9.3.1/thumb/v7e-m+fp/hard/libgcc.a(_arm_muldivdf3.o)
                0x0000000008000560                __aeabi_dmul
                0x0000000008000560                __muldf3
                0x00000000080007b4                __aeabi_ddiv
                0x00000000080007b4                __divdf3
 .text          0x0000000008000984      0x110 /Applications/STM32CubeIDE.app/Contents/Eclipse/plugins/com.st.stm32cube.ide.mcu.externaltools.gnu-tools-for-stm32.9-2020-q2-update.macos64_2.0.0.202105311346/tools/bin/../lib/gcc/arm-none-eabi/9.3.1/thumb/v7e-m+fp/hard/libgcc.a(_arm_cmpdf2.o)
                0x0000000008000984                __gedf2
                0x0000000008000984                __gtdf2
                0x000000000800098c                __ledf2
                0x000000000800098c                __ltdf2
                0x0000000008000994                __cmpdf2
                0x0000000008000994                __eqdf2
                0x0000000008000994                __nedf2
                0x0000000008000a10                __aeabi_cdrcmple
                0x0000000008000a20                __aeabi_cdcmple
                0x0000000008000a20                __aeabi_cdcmpeq
                0x0000000008000a30                __aeabi_dcmpeq
                0x0000000008000a44                __aeabi_dcmplt
                0x0000000008000a58                __aeabi_dcmple
                0x0000000008000a6c                __aeabi_dcmpge
                0x0000000008000a80                __aeabi_dcmpgt
 .text          0x0000000008000a94       0x50 /Applications/STM32CubeIDE.app/Contents/Eclipse/plugins/com.st.stm32cube.ide.mcu.externaltools.gnu-tools-for-stm32.9-2020-q2-update.macos64_2.0.0.202105311346/tools/bin/../lib/gcc/arm-none-eabi/9.3.1/thumb/v7e-m+fp/hard/libgcc.a(_arm_fixdfsi.o)
                0x0000000008000a94                __fixdfsi
                0x0000000008000a94                __aeabi_d2iz
 .text          0x0000000008000ae4       0xa0 /Applications/STM32CubeIDE.app/Contents/Eclipse/plugins/com.st.stm32cube.ide.mcu.externaltools.gnu-tools-for-stm32.9-2020-q2-update.macos64_2.0.0.202105311346/tools/bin/../lib/gcc/arm-none-eabi/9.3.1/thumb/v7e-m+fp/hard/libgcc.a(_arm_truncdfsf2.o)
                0x0000000008000ae4                __aeabi_d2f
                0x0000000008000ae4                __truncdfsf2
 .text          0x0000000008000b84       0x30 /Applications/STM32CubeIDE.app/Contents/Eclipse/plugins/com.st.stm32cube.ide.mcu.externaltools.gnu-tools-for-stm32.9-2020-q2-update.macos64_2.0.0.202105311346/tools/bin/../lib/gcc/arm-none-eabi/9.3.1/thumb/v7e-m+fp/hard/libgcc.a(_aeabi_uldivmod.o)
                0x0000000008000b84                __aeabi_uldivmod
 .text          0x0000000008000bb4      0x2c4 /Applications/STM32CubeIDE.app/Contents/Eclipse/plugins/com.st.stm32cube.ide.mcu.externaltools.gnu-tools-for-stm32.9-2020-q2-update.macos64_2.0.0.202105311346/tools/bin/../lib/gcc/arm-none-eabi/9.3.1/thumb/v7e-m+fp/hard/libgcc.a(_udivmoddi4.o)
                0x0000000008000bb4                __udivmoddi4
 .text          0x0000000008000e78        0x4 /Applications/STM32CubeIDE.app/Contents/Eclipse/plugins/com.st.stm32cube.ide.mcu.externaltools.gnu-tools-for-stm32.9-2020-q2-update.macos64_2.0.0.202105311346/tools/bin/../lib/gcc/arm-none-eabi/9.3.1/thumb/v7e-m+fp/hard/libgcc.a(_dvmd_tls.o)
                0x0000000008000e78                __aeabi_ldiv0
                0x0000000008000e78                __aeabi_idiv0
 *(.text*)
 .text.__NVIC_GetPriorityGrouping
                0x0000000008000e7c       0x1c ./Src/Audio_Drivers.o
 .text.__NVIC_EnableIRQ
                0x0000000008000e98       0x3c ./Src/Audio_Drivers.o
 .text.__NVIC_SetPriority
                0x0000000008000ed4       0x54 ./Src/Audio_Drivers.o
 .text.NVIC_EncodePriority
                0x0000000008000f28       0x66 ./Src/Audio_Drivers.o
 *fill*         0x0000000008000f8e        0x2 
 .text.Configure_GPIO_Output
                0x0000000008000f90       0xfc ./Src/Audio_Drivers.o
                0x0000000008000f90                Configure_GPIO_Output
 .text.initAudioTimer
                0x000000000800108c      0x114 ./Src/Audio_Drivers.o
                0x000000000800108c                initAudioTimer
 .text.setAudioTimer
                0x00000000080011a0       0x8c ./Src/Audio_Drivers.o
                0x00000000080011a0                setAudioTimer
 .text.hasAudioTimerFinished
                0x000000000800122c       0x1c ./Src/Audio_Drivers.o
                0x000000000800122c                hasAudioTimerFinished
 .text.audioDelay
                0x0000000008001248       0x22 ./Src/Audio_Drivers.o
                0x0000000008001248                audioDelay
 .text.waitForFlagWithTimeout
                0x000000000800126a       0x62 ./Src/Audio_Drivers.o
                0x000000000800126a                waitForFlagWithTimeout
 .text.myConfigureI2SClock
                0x00000000080012cc       0x74 ./Src/Audio_Drivers.o
                0x00000000080012cc                myConfigureI2SClock
 .text.myConfigureTheMainClockPLL
                0x0000000008001340       0xac ./Src/Audio_Drivers.o
                0x0000000008001340                myConfigureTheMainClockPLL
 .text.myConfigureFlashWaitStatesAndBusClocks
                0x00000000080013ec      0x1ac ./Src/Audio_Drivers.o
                0x00000000080013ec                myConfigureFlashWaitStatesAndBusClocks
 .text.myAudioSpeedUpTheSystemClock
                0x0000000008001598       0x7c ./Src/Audio_Drivers.o
                0x0000000008001598                myAudioSpeedUpTheSystemClock
 .text.configureAudioDACI2CRegisters
                0x0000000008001614       0x94 ./Src/Audio_Drivers.o
                0x0000000008001614                configureAudioDACI2CRegisters
 .text.setupClocksAndGPIOForAudioI2C
                0x00000000080016a8       0xb0 ./Src/Audio_Drivers.o
 .text.setupAudioI2CPeripheral
                0x0000000008001758       0x1c ./Src/Audio_Drivers.o
 .text.setupResetForAudioDAC
                0x0000000008001774       0x50 ./Src/Audio_Drivers.o
                0x0000000008001774                setupResetForAudioDAC
 .text.waitForI2CMasterAddressFlagUntilTimeout
                0x00000000080017c4       0x70 ./Src/Audio_Drivers.o
 .text.waitForI2CTXEFlagUntilTimeout
                0x0000000008001834       0x60 ./Src/Audio_Drivers.o
 .text.waitForI2CBTFFlagUntilTimeout
                0x0000000008001894       0x64 ./Src/Audio_Drivers.o
 .text.myI2C_WaitOnRXNEFlagUntilTimeout
                0x00000000080018f8       0x64 ./Src/Audio_Drivers.o
 .text.clearTheADDRFlag
                0x000000000800195c       0x26 ./Src/Audio_Drivers.o
 *fill*         0x0000000008001982        0x2 
 .text.readDataFromI2CPeripheral
                0x0000000008001984      0x234 ./Src/Audio_Drivers.o
                0x0000000008001984                readDataFromI2CPeripheral
 .text.resetTheI2CDriver
                0x0000000008001bb8       0x28 ./Src/Audio_Drivers.o
 .text.writeDataToI2CPeripheral
                0x0000000008001be0      0x18c ./Src/Audio_Drivers.o
                0x0000000008001be0                writeDataToI2CPeripheral
 .text.myI2Cx_WriteData
                0x0000000008001d6c       0x68 ./Src/Audio_Drivers.o
                0x0000000008001d6c                myI2Cx_WriteData
 .text.checkAudioDAC_ID
                0x0000000008001dd4       0x50 ./Src/Audio_Drivers.o
                0x0000000008001dd4                checkAudioDAC_ID
 .text.AUDIO_IO_Init
                0x0000000008001e24        0xe ./Src/Audio_Drivers.o
                0x0000000008001e24                AUDIO_IO_Init
 .text.AUDIO_IO_Write
                0x0000000008001e32       0x26 ./Src/Audio_Drivers.o
                0x0000000008001e32                AUDIO_IO_Write
 .text.setupI2SPeripheral
                0x0000000008001e58      0x144 ./Src/Audio_Drivers.o
                0x0000000008001e58                setupI2SPeripheral
 .text.setupDMAForI2SPeripheral
                0x0000000008001f9c       0xec ./Src/Audio_Drivers.o
                0x0000000008001f9c                setupDMAForI2SPeripheral
 .text.configureI2SClockPLL
                0x0000000008002088       0xc0 ./Src/Audio_Drivers.o
                0x0000000008002088                configureI2SClockPLL
 .text.myAudioInitialisePeripherals
                0x0000000008002148       0x88 ./Src/Audio_Drivers.o
                0x0000000008002148                myAudioInitialisePeripherals
 .text.setupDMAForAudioDAC
                0x00000000080021d0       0x84 ./Src/Audio_Drivers.o
                0x00000000080021d0                setupDMAForAudioDAC
 .text.myAudioStartPlaying
                0x0000000008002254       0x68 ./Src/Audio_Drivers.o
                0x0000000008002254                myAudioStartPlaying
 .text.DMA1_Stream7_IRQHandler
                0x00000000080022bc       0xc0 ./Src/Audio_Drivers.o
                0x00000000080022bc                DMA1_Stream7_IRQHandler
 .text.myAudioChangeBuffer
                0x000000000800237c       0x78 ./Src/Audio_Drivers.o
                0x000000000800237c                myAudioChangeBuffer
 .text.cs43l22_Init
                0x00000000080023f4      0x1c8 ./Src/cs43l22.o
                0x00000000080023f4                cs43l22_Init
 .text.cs43l22_Play
                0x00000000080025bc       0x74 ./Src/cs43l22.o
                0x00000000080025bc                cs43l22_Play
 .text.cs43l22_SetVolume
                0x0000000008002630       0xbc ./Src/cs43l22.o
                0x0000000008002630                cs43l22_SetVolume
 .text.cs43l22_SetMute
                0x00000000080026ec       0xbc ./Src/cs43l22.o
                0x00000000080026ec                cs43l22_SetMute
 .text.CODEC_IO_Write
                0x00000000080027a8       0x2e ./Src/cs43l22.o
 .text.main     0x00000000080027d6        0xe ./Src/main.o
                0x00000000080027d6                main
 *fill*         0x00000000080027e4        0x4 
 .text.setup    0x00000000080027e8       0xdc ./Src/sineWave.o
                0x00000000080027e8                setup
 .text.loopAudio
                0x00000000080028c4      0x104 ./Src/sineWave.o
                0x00000000080028c4                loopAudio
 .text.myAudioHalfTransferCallback
                0x00000000080029c8       0x18 ./Src/sineWave.o
                0x00000000080029c8                myAudioHalfTransferCallback
 .text.myAudioTransferCompleteCallback
                0x00000000080029e0       0x20 ./Src/sineWave.o
                0x00000000080029e0                myAudioTransferCompleteCallback
 .text.SystemInit
                0x0000000008002a00       0x24 ./Src/system_stm32f4xx.o
                0x0000000008002a00                SystemInit
 .text.Reset_Handler
                0x0000000008002a24       0x50 ./Startup/startup_stm32f407vgtx.o
                0x0000000008002a24                Reset_Handler
 .text.Default_Handler
                0x0000000008002a74        0x2 ./Startup/startup_stm32f407vgtx.o
                0x0000000008002a74                DMA1_Stream3_IRQHandler
                0x0000000008002a74                HASH_RNG_IRQHandler
                0x0000000008002a74                EXTI2_IRQHandler
                0x0000000008002a74                TIM8_CC_IRQHandler
                0x0000000008002a74                DebugMon_Handler
                0x0000000008002a74                TIM1_CC_IRQHandler
                0x0000000008002a74                DMA2_Stream5_IRQHandler
                0x0000000008002a74                HardFault_Handler
                0x0000000008002a74                DMA1_Stream5_IRQHandler
                0x0000000008002a74                SysTick_Handler
                0x0000000008002a74                PVD_IRQHandler
                0x0000000008002a74                SDIO_IRQHandler
                0x0000000008002a74                TAMP_STAMP_IRQHandler
                0x0000000008002a74                PendSV_Handler
                0x0000000008002a74                NMI_Handler
                0x0000000008002a74                CAN2_RX1_IRQHandler
                0x0000000008002a74                EXTI3_IRQHandler
                0x0000000008002a74                TIM8_TRG_COM_TIM14_IRQHandler
                0x0000000008002a74                TIM1_UP_TIM10_IRQHandler
                0x0000000008002a74                TIM8_UP_TIM13_IRQHandler
                0x0000000008002a74                I2C3_ER_IRQHandler
                0x0000000008002a74                LCD_TFT_IRQHandler
                0x0000000008002a74                EXTI0_IRQHandler
                0x0000000008002a74                I2C2_EV_IRQHandler
                0x0000000008002a74                DMA1_Stream2_IRQHandler
                0x0000000008002a74                CAN1_RX0_IRQHandler
                0x0000000008002a74                FPU_IRQHandler
                0x0000000008002a74                OTG_HS_WKUP_IRQHandler
                0x0000000008002a74                UsageFault_Handler
                0x0000000008002a74                CAN2_SCE_IRQHandler
                0x0000000008002a74                DMA2_Stream2_IRQHandler
                0x0000000008002a74                SPI1_IRQHandler
                0x0000000008002a74                TIM6_DAC_IRQHandler
                0x0000000008002a74                TIM1_BRK_TIM9_IRQHandler
                0x0000000008002a74                DCMI_IRQHandler
                0x0000000008002a74                CAN2_RX0_IRQHandler
                0x0000000008002a74                DMA2_Stream3_IRQHandler
                0x0000000008002a74                USART6_IRQHandler
                0x0000000008002a74                USART3_IRQHandler
                0x0000000008002a74                CRYP_IRQHandler
                0x0000000008002a74                CAN1_RX1_IRQHandler
                0x0000000008002a74                UART5_IRQHandler
                0x0000000008002a74                DMA2_Stream0_IRQHandler
                0x0000000008002a74                TIM4_IRQHandler
                0x0000000008002a74                I2C1_EV_IRQHandler
                0x0000000008002a74                DMA1_Stream6_IRQHandler
                0x0000000008002a74                DMA1_Stream1_IRQHandler
                0x0000000008002a74                UART4_IRQHandler
                0x0000000008002a74                LCD_TFT_1_IRQHandler
                0x0000000008002a74                TIM3_IRQHandler
                0x0000000008002a74                RCC_IRQHandler
                0x0000000008002a74                TIM8_BRK_TIM12_IRQHandler
                0x0000000008002a74                Default_Handler
                0x0000000008002a74                EXTI15_10_IRQHandler
                0x0000000008002a74                ADC_IRQHandler
                0x0000000008002a74                TIM7_IRQHandler
                0x0000000008002a74                CAN2_TX_IRQHandler
                0x0000000008002a74                TIM5_IRQHandler
                0x0000000008002a74                DMA2_Stream7_IRQHandler
                0x0000000008002a74                I2C3_EV_IRQHandler
                0x0000000008002a74                EXTI9_5_IRQHandler
                0x0000000008002a74                RTC_WKUP_IRQHandler
                0x0000000008002a74                ETH_WKUP_IRQHandler
                0x0000000008002a74                SPI2_IRQHandler
                0x0000000008002a74                OTG_HS_EP1_IN_IRQHandler
                0x0000000008002a74                MemManage_Handler
                0x0000000008002a74                DMA1_Stream0_IRQHandler
                0x0000000008002a74                CAN1_TX_IRQHandler
                0x0000000008002a74                SVC_Handler
                0x0000000008002a74                EXTI4_IRQHandler
                0x0000000008002a74                FSMC_IRQHandler
                0x0000000008002a74                ETH_IRQHandler
                0x0000000008002a74                OTG_HS_EP1_OUT_IRQHandler
                0x0000000008002a74                WWDG_IRQHandler
                0x0000000008002a74                TIM2_IRQHandler
                0x0000000008002a74                OTG_FS_WKUP_IRQHandler
                0x0000000008002a74                TIM1_TRG_COM_TIM11_IRQHandler
                0x0000000008002a74                OTG_HS_IRQHandler
                0x0000000008002a74                EXTI1_IRQHandler
                0x0000000008002a74                USART2_IRQHandler
                0x0000000008002a74                I2C2_ER_IRQHandler
                0x0000000008002a74                DMA2_Stream1_IRQHandler
                0x0000000008002a74                CAN1_SCE_IRQHandler
                0x0000000008002a74                DMA2_Stream4_IRQHandler
                0x0000000008002a74                BusFault_Handler
                0x0000000008002a74                USART1_IRQHandler
                0x0000000008002a74                OTG_FS_IRQHandler
                0x0000000008002a74                SPI3_IRQHandler
                0x0000000008002a74                DMA1_Stream4_IRQHandler
                0x0000000008002a74                I2C1_ER_IRQHandler
                0x0000000008002a74                DMA2_Stream6_IRQHandler
                0x0000000008002a74                RTC_Alarm_IRQHandler
 *fill*         0x0000000008002a76        0x2 
 .text.__libc_init_array
                0x0000000008002a78       0x48 /Applications/STM32CubeIDE.app/Contents/Eclipse/plugins/com.st.stm32cube.ide.mcu.externaltools.gnu-tools-for-stm32.9-2020-q2-update.macos64_2.0.0.202105311346/tools/bin/../lib/gcc/arm-none-eabi/9.3.1/../../../../arm-none-eabi/lib/thumb/v7e-m+fp/hard/libc_nano.a(lib_a-init.o)
                0x0000000008002a78                __libc_init_array
 .text.sin      0x0000000008002ac0       0xa8 /Applications/STM32CubeIDE.app/Contents/Eclipse/plugins/com.st.stm32cube.ide.mcu.externaltools.gnu-tools-for-stm32.9-2020-q2-update.macos64_2.0.0.202105311346/tools/bin/../lib/gcc/arm-none-eabi/9.3.1/../../../../arm-none-eabi/lib/thumb/v7e-m+fp/hard/libm.a(lib_a-s_sin.o)
                0x0000000008002ac0                sin
 .text.__ieee754_rem_pio2
                0x0000000008002b68      0x414 /Applications/STM32CubeIDE.app/Contents/Eclipse/plugins/com.st.stm32cube.ide.mcu.externaltools.gnu-tools-for-stm32.9-2020-q2-update.macos64_2.0.0.202105311346/tools/bin/../lib/gcc/arm-none-eabi/9.3.1/../../../../arm-none-eabi/lib/thumb/v7e-m+fp/hard/libm.a(lib_a-e_rem_pio2.o)
                0x0000000008002b68                __ieee754_rem_pio2
 *fill*         0x0000000008002f7c        0x4 
 .text.__kernel_cos
                0x0000000008002f80      0x18c /Applications/STM32CubeIDE.app/Contents/Eclipse/plugins/com.st.stm32cube.ide.mcu.externaltools.gnu-tools-for-stm32.9-2020-q2-update.macos64_2.0.0.202105311346/tools/bin/../lib/gcc/arm-none-eabi/9.3.1/../../../../arm-none-eabi/lib/thumb/v7e-m+fp/hard/libm.a(lib_a-k_cos.o)
                0x0000000008002f80                __kernel_cos
 *fill*         0x000000000800310c        0x4 
 .text.__kernel_rem_pio2
                0x0000000008003110      0x680 /Applications/STM32CubeIDE.app/Contents/Eclipse/plugins/com.st.stm32cube.ide.mcu.externaltools.gnu-tools-for-stm32.9-2020-q2-update.macos64_2.0.0.202105311346/tools/bin/../lib/gcc/arm-none-eabi/9.3.1/../../../../arm-none-eabi/lib/thumb/v7e-m+fp/hard/libm.a(lib_a-k_rem_pio2.o)
                0x0000000008003110                __kernel_rem_pio2
 .text.__kernel_sin
                0x0000000008003790      0x17c /Applications/STM32CubeIDE.app/Contents/Eclipse/plugins/com.st.stm32cube.ide.mcu.externaltools.gnu-tools-for-stm32.9-2020-q2-update.macos64_2.0.0.202105311346/tools/bin/../lib/gcc/arm-none-eabi/9.3.1/../../../../arm-none-eabi/lib/thumb/v7e-m+fp/hard/libm.a(lib_a-k_sin.o)
                0x0000000008003790                __kernel_sin
 .text.fabs     0x000000000800390c       0x12 /Applications/STM32CubeIDE.app/Contents/Eclipse/plugins/com.st.stm32cube.ide.mcu.externaltools.gnu-tools-for-stm32.9-2020-q2-update.macos64_2.0.0.202105311346/tools/bin/../lib/gcc/arm-none-eabi/9.3.1/../../../../arm-none-eabi/lib/thumb/v7e-m+fp/hard/libm.a(lib_a-s_fabs.o)
                0x000000000800390c                fabs
 *fill*         0x000000000800391e        0x2 
 .text.floor    0x0000000008003920      0x100 /Applications/STM32CubeIDE.app/Contents/Eclipse/plugins/com.st.stm32cube.ide.mcu.externaltools.gnu-tools-for-stm32.9-2020-q2-update.macos64_2.0.0.202105311346/tools/bin/../lib/gcc/arm-none-eabi/9.3.1/../../../../arm-none-eabi/lib/thumb/v7e-m+fp/hard/libm.a(lib_a-s_floor.o)
                0x0000000008003920                floor
 .text.scalbn   0x0000000008003a20      0x10c /Applications/STM32CubeIDE.app/Contents/Eclipse/plugins/com.st.stm32cube.ide.mcu.externaltools.gnu-tools-for-stm32.9-2020-q2-update.macos64_2.0.0.202105311346/tools/bin/../lib/gcc/arm-none-eabi/9.3.1/../../../../arm-none-eabi/lib/thumb/v7e-m+fp/hard/libm.a(lib_a-s_scalbn.o)
                0x0000000008003a20                scalbn
 *(.glue_7)
 .glue_7        0x0000000008003b2c        0x0 linker stubs
 *(.glue_7t)
 .glue_7t       0x0000000008003b2c        0x0 linker stubs
 *(.eh_frame)
 .eh_frame      0x0000000008003b2c        0x0 /Applications/STM32CubeIDE.app/Contents/Eclipse/plugins/com.st.stm32cube.ide.mcu.externaltools.gnu-tools-for-stm32.9-2020-q2-update.macos64_2.0.0.202105311346/tools/bin/../lib/gcc/arm-none-eabi/9.3.1/thumb/v7e-m+fp/hard/crtbegin.o
 *(.init)
 .init          0x0000000008003b2c        0x4 /Applications/STM32CubeIDE.app/Contents/Eclipse/plugins/com.st.stm32cube.ide.mcu.externaltools.gnu-tools-for-stm32.9-2020-q2-update.macos64_2.0.0.202105311346/tools/bin/../lib/gcc/arm-none-eabi/9.3.1/thumb/v7e-m+fp/hard/crti.o
                0x0000000008003b2c                _init
 .init          0x0000000008003b30        0x8 /Applications/STM32CubeIDE.app/Contents/Eclipse/plugins/com.st.stm32cube.ide.mcu.externaltools.gnu-tools-for-stm32.9-2020-q2-update.macos64_2.0.0.202105311346/tools/bin/../lib/gcc/arm-none-eabi/9.3.1/thumb/v7e-m+fp/hard/crtn.o
 *(.fini)
 .fini          0x0000000008003b38        0x4 /Applications/STM32CubeIDE.app/Contents/Eclipse/plugins/com.st.stm32cube.ide.mcu.externaltools.gnu-tools-for-stm32.9-2020-q2-update.macos64_2.0.0.202105311346/tools/bin/../lib/gcc/arm-none-eabi/9.3.1/thumb/v7e-m+fp/hard/crti.o
                0x0000000008003b38                _fini
 .fini          0x0000000008003b3c        0x8 /Applications/STM32CubeIDE.app/Contents/Eclipse/plugins/com.st.stm32cube.ide.mcu.externaltools.gnu-tools-for-stm32.9-2020-q2-update.macos64_2.0.0.202105311346/tools/bin/../lib/gcc/arm-none-eabi/9.3.1/thumb/v7e-m+fp/hard/crtn.o
                0x0000000008003b44                . = ALIGN (0x4)
                0x0000000008003b44                _etext = .

.vfp11_veneer   0x0000000008003b44        0x0
 .vfp11_veneer  0x0000000008003b44        0x0 linker stubs

.v4_bx          0x0000000008003b44        0x0
 .v4_bx         0x0000000008003b44        0x0 linker stubs

.iplt           0x0000000008003b44        0x0
 .iplt          0x0000000008003b44        0x0 /Applications/STM32CubeIDE.app/Contents/Eclipse/plugins/com.st.stm32cube.ide.mcu.externaltools.gnu-tools-for-stm32.9-2020-q2-update.macos64_2.0.0.202105311346/tools/bin/../lib/gcc/arm-none-eabi/9.3.1/thumb/v7e-m+fp/hard/crtbegin.o

.rodata         0x0000000008003b48      0x270
                0x0000000008003b48                . = ALIGN (0x4)
 *(.rodata)
 .rodata        0x0000000008003b48       0x20 ./Src/Audio_Drivers.o
 *(.rodata*)
 .rodata.myI2SFreq
                0x0000000008003b68       0x20 ./Src/Audio_Drivers.o
                0x0000000008003b68                myI2SFreq
 .rodata.myI2SPLLN
                0x0000000008003b88       0x20 ./Src/Audio_Drivers.o
                0x0000000008003b88                myI2SPLLN
 .rodata.myI2SPLLR
                0x0000000008003ba8       0x20 ./Src/Audio_Drivers.o
                0x0000000008003ba8                myI2SPLLR
 .rodata.AHBPrescTable
                0x0000000008003bc8       0x10 ./Src/system_stm32f4xx.o
                0x0000000008003bc8                AHBPrescTable
 .rodata.APBPrescTable
                0x0000000008003bd8        0x8 ./Src/system_stm32f4xx.o
                0x0000000008003bd8                APBPrescTable
 .rodata.npio2_hw
                0x0000000008003be0       0x80 /Applications/STM32CubeIDE.app/Contents/Eclipse/plugins/com.st.stm32cube.ide.mcu.externaltools.gnu-tools-for-stm32.9-2020-q2-update.macos64_2.0.0.202105311346/tools/bin/../lib/gcc/arm-none-eabi/9.3.1/../../../../arm-none-eabi/lib/thumb/v7e-m+fp/hard/libm.a(lib_a-e_rem_pio2.o)
 .rodata.two_over_pi
                0x0000000008003c60      0x108 /Applications/STM32CubeIDE.app/Contents/Eclipse/plugins/com.st.stm32cube.ide.mcu.externaltools.gnu-tools-for-stm32.9-2020-q2-update.macos64_2.0.0.202105311346/tools/bin/../lib/gcc/arm-none-eabi/9.3.1/../../../../arm-none-eabi/lib/thumb/v7e-m+fp/hard/libm.a(lib_a-e_rem_pio2.o)
 .rodata.PIo2   0x0000000008003d68       0x40 /Applications/STM32CubeIDE.app/Contents/Eclipse/plugins/com.st.stm32cube.ide.mcu.externaltools.gnu-tools-for-stm32.9-2020-q2-update.macos64_2.0.0.202105311346/tools/bin/../lib/gcc/arm-none-eabi/9.3.1/../../../../arm-none-eabi/lib/thumb/v7e-m+fp/hard/libm.a(lib_a-k_rem_pio2.o)
 .rodata.init_jk
                0x0000000008003da8       0x10 /Applications/STM32CubeIDE.app/Contents/Eclipse/plugins/com.st.stm32cube.ide.mcu.externaltools.gnu-tools-for-stm32.9-2020-q2-update.macos64_2.0.0.202105311346/tools/bin/../lib/gcc/arm-none-eabi/9.3.1/../../../../arm-none-eabi/lib/thumb/v7e-m+fp/hard/libm.a(lib_a-k_rem_pio2.o)
                0x0000000008003db8                . = ALIGN (0x4)

.ARM.extab      0x0000000008003db8        0x0
                0x0000000008003db8                . = ALIGN (0x4)
 *(.ARM.extab* .gnu.linkonce.armextab.*)
                0x0000000008003db8                . = ALIGN (0x4)

.ARM            0x0000000008003db8        0x8
                0x0000000008003db8                . = ALIGN (0x4)
                0x0000000008003db8                __exidx_start = .
 *(.ARM.exidx*)
 .ARM.exidx     0x0000000008003db8        0x8 /Applications/STM32CubeIDE.app/Contents/Eclipse/plugins/com.st.stm32cube.ide.mcu.externaltools.gnu-tools-for-stm32.9-2020-q2-update.macos64_2.0.0.202105311346/tools/bin/../lib/gcc/arm-none-eabi/9.3.1/thumb/v7e-m+fp/hard/libgcc.a(_udivmoddi4.o)
                0x0000000008003dc0                __exidx_end = .
                0x0000000008003dc0                . = ALIGN (0x4)

.rel.dyn        0x0000000008003dc0        0x0
 .rel.iplt      0x0000000008003dc0        0x0 /Applications/STM32CubeIDE.app/Contents/Eclipse/plugins/com.st.stm32cube.ide.mcu.externaltools.gnu-tools-for-stm32.9-2020-q2-update.macos64_2.0.0.202105311346/tools/bin/../lib/gcc/arm-none-eabi/9.3.1/thumb/v7e-m+fp/hard/crtbegin.o

.preinit_array  0x0000000008003dc0        0x0
                0x0000000008003dc0                . = ALIGN (0x4)
                0x0000000008003dc0                PROVIDE (__preinit_array_start = .)
 *(.preinit_array*)
                0x0000000008003dc0                PROVIDE (__preinit_array_end = .)
                0x0000000008003dc0                . = ALIGN (0x4)

.init_array     0x0000000008003dc0        0x4
                0x0000000008003dc0                . = ALIGN (0x4)
                0x0000000008003dc0                PROVIDE (__init_array_start = .)
 *(SORT_BY_NAME(.init_array.*))
 *(.init_array*)
 .init_array    0x0000000008003dc0        0x4 /Applications/STM32CubeIDE.app/Contents/Eclipse/plugins/com.st.stm32cube.ide.mcu.externaltools.gnu-tools-for-stm32.9-2020-q2-update.macos64_2.0.0.202105311346/tools/bin/../lib/gcc/arm-none-eabi/9.3.1/thumb/v7e-m+fp/hard/crtbegin.o
                0x0000000008003dc4                PROVIDE (__init_array_end = .)
                0x0000000008003dc4                . = ALIGN (0x4)

.fini_array     0x0000000008003dc4        0x4
                0x0000000008003dc4                . = ALIGN (0x4)
                [!provide]                        PROVIDE (__fini_array_start = .)
 *(SORT_BY_NAME(.fini_array.*))
 *(.fini_array*)
 .fini_array    0x0000000008003dc4        0x4 /Applications/STM32CubeIDE.app/Contents/Eclipse/plugins/com.st.stm32cube.ide.mcu.externaltools.gnu-tools-for-stm32.9-2020-q2-update.macos64_2.0.0.202105311346/tools/bin/../lib/gcc/arm-none-eabi/9.3.1/thumb/v7e-m+fp/hard/crtbegin.o
                [!provide]                        PROVIDE (__fini_array_end = .)
                0x0000000008003dc8                . = ALIGN (0x4)
                0x0000000008003dc8                _sidata = LOADADDR (.data)

.data           0x0000000020000000       0x18 load address 0x0000000008003dc8
                0x0000000020000000                . = ALIGN (0x4)
                0x0000000020000000                _sdata = .
 *(.data)
 *(.data*)
 .data.audioI2SStatus
                0x0000000020000000        0x1 ./Src/Audio_Drivers.o
                0x0000000020000000                audioI2SStatus
 .data.audioDMAStatus
                0x0000000020000001        0x1 ./Src/Audio_Drivers.o
                0x0000000020000001                audioDMAStatus
 .data.audioI2CStatus
                0x0000000020000002        0x1 ./Src/Audio_Drivers.o
                0x0000000020000002                audioI2CStatus
 .data.audioDACStatus
                0x0000000020000003        0x1 ./Src/Audio_Drivers.o
                0x0000000020000003                audioDACStatus
 .data.AudioI2C
                0x0000000020000004        0x4 ./Src/Audio_Drivers.o
                0x0000000020000004                AudioI2C
 .data.AudioI2S
                0x0000000020000008        0x4 ./Src/Audio_Drivers.o
                0x0000000020000008                AudioI2S
 .data.audioTimer
                0x000000002000000c        0x4 ./Src/Audio_Drivers.o
 .data.Is_cs43l22_Stop
                0x0000000020000010        0x1 ./Src/cs43l22.o
 *fill*         0x0000000020000011        0x3 
 .data.SystemCoreClock
                0x0000000020000014        0x4 ./Src/system_stm32f4xx.o
                0x0000000020000014                SystemCoreClock
 *(.RamFunc)
 *(.RamFunc*)
                0x0000000020000018                . = ALIGN (0x4)
                0x0000000020000018                _edata = .
                0x0000000008003de0                _siccmram = LOADADDR (.ccmram)

.igot.plt       0x0000000020000018        0x0 load address 0x0000000008003de0
 .igot.plt      0x0000000020000018        0x0 /Applications/STM32CubeIDE.app/Contents/Eclipse/plugins/com.st.stm32cube.ide.mcu.externaltools.gnu-tools-for-stm32.9-2020-q2-update.macos64_2.0.0.202105311346/tools/bin/../lib/gcc/arm-none-eabi/9.3.1/thumb/v7e-m+fp/hard/crtbegin.o

.ccmram         0x0000000010000000        0x0 load address 0x0000000008003de0
                0x0000000010000000                . = ALIGN (0x4)
                0x0000000010000000                _sccmram = .
 *(.ccmram)
 *(.ccmram*)
                0x0000000010000000                . = ALIGN (0x4)
                0x0000000010000000                _eccmram = .
                0x0000000010000000                . = ALIGN (0x4)

.bss            0x0000000020000018     0x2820
                0x0000000020000018                _sbss = .
                0x0000000020000018                __bss_start__ = _sbss
 *(.bss)
 .bss           0x0000000020000018       0x1c /Applications/STM32CubeIDE.app/Contents/Eclipse/plugins/com.st.stm32cube.ide.mcu.externaltools.gnu-tools-for-stm32.9-2020-q2-update.macos64_2.0.0.202105311346/tools/bin/../lib/gcc/arm-none-eabi/9.3.1/thumb/v7e-m+fp/hard/crtbegin.o
 *(.bss*)
 .bss.OutputDev
                0x0000000020000034        0x1 ./Src/cs43l22.o
                0x0000000020000034                OutputDev
 .bss.bufferStatus
                0x0000000020000035        0x1 ./Src/sineWave.o
                0x0000000020000035                bufferStatus
 *(COMMON)
 *fill*         0x0000000020000036        0x2 
 COMMON         0x0000000020000038     0x2800 ./Src/sineWave.o
                0x0000000020000038                PlayBuff
                0x0000000020002038                SineBuff
                0x0000000020002838                . = ALIGN (0x4)
                0x0000000020002838                _ebss = .
                0x0000000020002838                __bss_end__ = _ebss

._user_heap_stack
                0x0000000020002838      0x600
                0x0000000020002838                . = ALIGN (0x8)
                [!provide]                        PROVIDE (end = .)
                0x0000000020002838                PROVIDE (_end = .)
                0x0000000020002a38                . = (. + _Min_Heap_Size)
 *fill*         0x0000000020002838      0x200 
                0x0000000020002e38                . = (. + _Min_Stack_Size)
 *fill*         0x0000000020002a38      0x400 
                0x0000000020002e38                . = ALIGN (0x8)

/DISCARD/
 libc.a(*)
 libm.a(*)
 libgcc.a(*)

.ARM.attributes
                0x0000000000000000       0x30
 *(.ARM.attributes)
 .ARM.attributes
                0x0000000000000000       0x1e /Applications/STM32CubeIDE.app/Contents/Eclipse/plugins/com.st.stm32cube.ide.mcu.externaltools.gnu-tools-for-stm32.9-2020-q2-update.macos64_2.0.0.202105311346/tools/bin/../lib/gcc/arm-none-eabi/9.3.1/thumb/v7e-m+fp/hard/crti.o
 .ARM.attributes
                0x000000000000001e       0x34 /Applications/STM32CubeIDE.app/Contents/Eclipse/plugins/com.st.stm32cube.ide.mcu.externaltools.gnu-tools-for-stm32.9-2020-q2-update.macos64_2.0.0.202105311346/tools/bin/../lib/gcc/arm-none-eabi/9.3.1/thumb/v7e-m+fp/hard/crtbegin.o
 .ARM.attributes
                0x0000000000000052       0x34 ./Src/Audio_Drivers.o
 .ARM.attributes
                0x0000000000000086       0x34 ./Src/cs43l22.o
 .ARM.attributes
                0x00000000000000ba       0x34 ./Src/main.o
 .ARM.attributes
                0x00000000000000ee       0x34 ./Src/sineWave.o
 .ARM.attributes
                0x0000000000000122       0x34 ./Src/system_stm32f4xx.o
 .ARM.attributes
                0x0000000000000156       0x21 ./Startup/startup_stm32f407vgtx.o
 .ARM.attributes
                0x0000000000000177       0x34 /Applications/STM32CubeIDE.app/Contents/Eclipse/plugins/com.st.stm32cube.ide.mcu.externaltools.gnu-tools-for-stm32.9-2020-q2-update.macos64_2.0.0.202105311346/tools/bin/../lib/gcc/arm-none-eabi/9.3.1/../../../../arm-none-eabi/lib/thumb/v7e-m+fp/hard/libc_nano.a(lib_a-init.o)
 .ARM.attributes
                0x00000000000001ab       0x34 /Applications/STM32CubeIDE.app/Contents/Eclipse/plugins/com.st.stm32cube.ide.mcu.externaltools.gnu-tools-for-stm32.9-2020-q2-update.macos64_2.0.0.202105311346/tools/bin/../lib/gcc/arm-none-eabi/9.3.1/../../../../arm-none-eabi/lib/thumb/v7e-m+fp/hard/libm.a(lib_a-s_sin.o)
 .ARM.attributes
                0x00000000000001df       0x34 /Applications/STM32CubeIDE.app/Contents/Eclipse/plugins/com.st.stm32cube.ide.mcu.externaltools.gnu-tools-for-stm32.9-2020-q2-update.macos64_2.0.0.202105311346/tools/bin/../lib/gcc/arm-none-eabi/9.3.1/../../../../arm-none-eabi/lib/thumb/v7e-m+fp/hard/libm.a(lib_a-e_rem_pio2.o)
 .ARM.attributes
                0x0000000000000213       0x34 /Applications/STM32CubeIDE.app/Contents/Eclipse/plugins/com.st.stm32cube.ide.mcu.externaltools.gnu-tools-for-stm32.9-2020-q2-update.macos64_2.0.0.202105311346/tools/bin/../lib/gcc/arm-none-eabi/9.3.1/../../../../arm-none-eabi/lib/thumb/v7e-m+fp/hard/libm.a(lib_a-k_cos.o)
 .ARM.attributes
                0x0000000000000247       0x34 /Applications/STM32CubeIDE.app/Contents/Eclipse/plugins/com.st.stm32cube.ide.mcu.externaltools.gnu-tools-for-stm32.9-2020-q2-update.macos64_2.0.0.202105311346/tools/bin/../lib/gcc/arm-none-eabi/9.3.1/../../../../arm-none-eabi/lib/thumb/v7e-m+fp/hard/libm.a(lib_a-k_rem_pio2.o)
 .ARM.attributes
                0x000000000000027b       0x34 /Applications/STM32CubeIDE.app/Contents/Eclipse/plugins/com.st.stm32cube.ide.mcu.externaltools.gnu-tools-for-stm32.9-2020-q2-update.macos64_2.0.0.202105311346/tools/bin/../lib/gcc/arm-none-eabi/9.3.1/../../../../arm-none-eabi/lib/thumb/v7e-m+fp/hard/libm.a(lib_a-k_sin.o)
 .ARM.attributes
                0x00000000000002af       0x34 /Applications/STM32CubeIDE.app/Contents/Eclipse/plugins/com.st.stm32cube.ide.mcu.externaltools.gnu-tools-for-stm32.9-2020-q2-update.macos64_2.0.0.202105311346/tools/bin/../lib/gcc/arm-none-eabi/9.3.1/../../../../arm-none-eabi/lib/thumb/v7e-m+fp/hard/libm.a(lib_a-s_fabs.o)
 .ARM.attributes
                0x00000000000002e3       0x34 /Applications/STM32CubeIDE.app/Contents/Eclipse/plugins/com.st.stm32cube.ide.mcu.externaltools.gnu-tools-for-stm32.9-2020-q2-update.macos64_2.0.0.202105311346/tools/bin/../lib/gcc/arm-none-eabi/9.3.1/../../../../arm-none-eabi/lib/thumb/v7e-m+fp/hard/libm.a(lib_a-s_floor.o)
 .ARM.attributes
                0x0000000000000317       0x34 /Applications/STM32CubeIDE.app/Contents/Eclipse/plugins/com.st.stm32cube.ide.mcu.externaltools.gnu-tools-for-stm32.9-2020-q2-update.macos64_2.0.0.202105311346/tools/bin/../lib/gcc/arm-none-eabi/9.3.1/../../../../arm-none-eabi/lib/thumb/v7e-m+fp/hard/libm.a(lib_a-s_scalbn.o)
 .ARM.attributes
                0x000000000000034b       0x1e /Applications/STM32CubeIDE.app/Contents/Eclipse/plugins/com.st.stm32cube.ide.mcu.externaltools.gnu-tools-for-stm32.9-2020-q2-update.macos64_2.0.0.202105311346/tools/bin/../lib/gcc/arm-none-eabi/9.3.1/thumb/v7e-m+fp/hard/libgcc.a(_arm_addsubdf3.o)
 .ARM.attributes
                0x0000000000000369       0x1e /Applications/STM32CubeIDE.app/Contents/Eclipse/plugins/com.st.stm32cube.ide.mcu.externaltools.gnu-tools-for-stm32.9-2020-q2-update.macos64_2.0.0.202105311346/tools/bin/../lib/gcc/arm-none-eabi/9.3.1/thumb/v7e-m+fp/hard/libgcc.a(_arm_muldivdf3.o)
 .ARM.attributes
                0x0000000000000387       0x1e /Applications/STM32CubeIDE.app/Contents/Eclipse/plugins/com.st.stm32cube.ide.mcu.externaltools.gnu-tools-for-stm32.9-2020-q2-update.macos64_2.0.0.202105311346/tools/bin/../lib/gcc/arm-none-eabi/9.3.1/thumb/v7e-m+fp/hard/libgcc.a(_arm_cmpdf2.o)
 .ARM.attributes
                0x00000000000003a5       0x1e /Applications/STM32CubeIDE.app/Contents/Eclipse/plugins/com.st.stm32cube.ide.mcu.externaltools.gnu-tools-for-stm32.9-2020-q2-update.macos64_2.0.0.202105311346/tools/bin/../lib/gcc/arm-none-eabi/9.3.1/thumb/v7e-m+fp/hard/libgcc.a(_arm_fixdfsi.o)
 .ARM.attributes
                0x00000000000003c3       0x1e /Applications/STM32CubeIDE.app/Contents/Eclipse/plugins/com.st.stm32cube.ide.mcu.externaltools.gnu-tools-for-stm32.9-2020-q2-update.macos64_2.0.0.202105311346/tools/bin/../lib/gcc/arm-none-eabi/9.3.1/thumb/v7e-m+fp/hard/libgcc.a(_arm_truncdfsf2.o)
 .ARM.attributes
                0x00000000000003e1       0x1e /Applications/STM32CubeIDE.app/Contents/Eclipse/plugins/com.st.stm32cube.ide.mcu.externaltools.gnu-tools-for-stm32.9-2020-q2-update.macos64_2.0.0.202105311346/tools/bin/../lib/gcc/arm-none-eabi/9.3.1/thumb/v7e-m+fp/hard/libgcc.a(_aeabi_uldivmod.o)
 .ARM.attributes
                0x00000000000003ff       0x34 /Applications/STM32CubeIDE.app/Contents/Eclipse/plugins/com.st.stm32cube.ide.mcu.externaltools.gnu-tools-for-stm32.9-2020-q2-update.macos64_2.0.0.202105311346/tools/bin/../lib/gcc/arm-none-eabi/9.3.1/thumb/v7e-m+fp/hard/libgcc.a(_udivmoddi4.o)
 .ARM.attributes
                0x0000000000000433       0x1e /Applications/STM32CubeIDE.app/Contents/Eclipse/plugins/com.st.stm32cube.ide.mcu.externaltools.gnu-tools-for-stm32.9-2020-q2-update.macos64_2.0.0.202105311346/tools/bin/../lib/gcc/arm-none-eabi/9.3.1/thumb/v7e-m+fp/hard/libgcc.a(_dvmd_tls.o)
 .ARM.attributes
                0x0000000000000451       0x1e /Applications/STM32CubeIDE.app/Contents/Eclipse/plugins/com.st.stm32cube.ide.mcu.externaltools.gnu-tools-for-stm32.9-2020-q2-update.macos64_2.0.0.202105311346/tools/bin/../lib/gcc/arm-none-eabi/9.3.1/thumb/v7e-m+fp/hard/crtn.o
OUTPUT(SineWaveTest3 copy.elf elf32-littlearm)
LOAD linker stubs
LOAD /Applications/STM32CubeIDE.app/Contents/Eclipse/plugins/com.st.stm32cube.ide.mcu.externaltools.gnu-tools-for-stm32.9-2020-q2-update.macos64_2.0.0.202105311346/tools/bin/../lib/gcc/arm-none-eabi/9.3.1/../../../../arm-none-eabi/lib/thumb/v7e-m+fp/hard/libc.a
LOAD /Applications/STM32CubeIDE.app/Contents/Eclipse/plugins/com.st.stm32cube.ide.mcu.externaltools.gnu-tools-for-stm32.9-2020-q2-update.macos64_2.0.0.202105311346/tools/bin/../lib/gcc/arm-none-eabi/9.3.1/../../../../arm-none-eabi/lib/thumb/v7e-m+fp/hard/libm.a
LOAD /Applications/STM32CubeIDE.app/Contents/Eclipse/plugins/com.st.stm32cube.ide.mcu.externaltools.gnu-tools-for-stm32.9-2020-q2-update.macos64_2.0.0.202105311346/tools/bin/../lib/gcc/arm-none-eabi/9.3.1/thumb/v7e-m+fp/hard/libgcc.a

.debug_info     0x0000000000000000     0x3e28
 .debug_info    0x0000000000000000     0x1a1d ./Src/Audio_Drivers.o
 .debug_info    0x0000000000001a1d      0x658 ./Src/cs43l22.o
 .debug_info    0x0000000000002075      0xb44 ./Src/main.o
 .debug_info    0x0000000000002bb9      0xd07 ./Src/sineWave.o
 .debug_info    0x00000000000038c0      0x546 ./Src/system_stm32f4xx.o
 .debug_info    0x0000000000003e06       0x22 ./Startup/startup_stm32f407vgtx.o

.debug_abbrev   0x0000000000000000      0xb54
 .debug_abbrev  0x0000000000000000      0x42b ./Src/Audio_Drivers.o
 .debug_abbrev  0x000000000000042b      0x1e7 ./Src/cs43l22.o
 .debug_abbrev  0x0000000000000612      0x19d ./Src/main.o
 .debug_abbrev  0x00000000000007af      0x26a ./Src/sineWave.o
 .debug_abbrev  0x0000000000000a19      0x129 ./Src/system_stm32f4xx.o
 .debug_abbrev  0x0000000000000b42       0x12 ./Startup/startup_stm32f407vgtx.o

.debug_aranges  0x0000000000000000      0x280
 .debug_aranges
                0x0000000000000000      0x158 ./Src/Audio_Drivers.o
 .debug_aranges
                0x0000000000000158       0x80 ./Src/cs43l22.o
 .debug_aranges
                0x00000000000001d8       0x20 ./Src/main.o
 .debug_aranges
                0x00000000000001f8       0x38 ./Src/sineWave.o
 .debug_aranges
                0x0000000000000230       0x28 ./Src/system_stm32f4xx.o
 .debug_aranges
                0x0000000000000258       0x28 ./Startup/startup_stm32f407vgtx.o

.debug_ranges   0x0000000000000000      0x228
 .debug_ranges  0x0000000000000000      0x148 ./Src/Audio_Drivers.o
 .debug_ranges  0x0000000000000148       0x70 ./Src/cs43l22.o
 .debug_ranges  0x00000000000001b8       0x10 ./Src/main.o
 .debug_ranges  0x00000000000001c8       0x28 ./Src/sineWave.o
 .debug_ranges  0x00000000000001f0       0x18 ./Src/system_stm32f4xx.o
 .debug_ranges  0x0000000000000208       0x20 ./Startup/startup_stm32f407vgtx.o

.debug_macro    0x0000000000000000    0x198e9
 .debug_macro   0x0000000000000000       0xfb ./Src/Audio_Drivers.o
 .debug_macro   0x00000000000000fb      0xab4 ./Src/Audio_Drivers.o
 .debug_macro   0x0000000000000baf       0x22 ./Src/Audio_Drivers.o
 .debug_macro   0x0000000000000bd1       0x8e ./Src/Audio_Drivers.o
 .debug_macro   0x0000000000000c5f       0x51 ./Src/Audio_Drivers.o
 .debug_macro   0x0000000000000cb0      0x103 ./Src/Audio_Drivers.o
 .debug_macro   0x0000000000000db3       0x6a ./Src/Audio_Drivers.o
 .debug_macro   0x0000000000000e1d      0x1df ./Src/Audio_Drivers.o
 .debug_macro   0x0000000000000ffc       0x2f ./Src/Audio_Drivers.o
 .debug_macro   0x000000000000102b       0x1c ./Src/Audio_Drivers.o
 .debug_macro   0x0000000000001047       0x22 ./Src/Audio_Drivers.o
 .debug_macro   0x0000000000001069       0xdf ./Src/Audio_Drivers.o
 .debug_macro   0x0000000000001148     0x102d ./Src/Audio_Drivers.o
 .debug_macro   0x0000000000002175      0x11f ./Src/Audio_Drivers.o
 .debug_macro   0x0000000000002294    0x15e58 ./Src/Audio_Drivers.o
 .debug_macro   0x00000000000180ec       0x16 ./Src/Audio_Drivers.o
 .debug_macro   0x0000000000018102      0x191 ./Src/Audio_Drivers.o
 .debug_macro   0x0000000000018293       0xe3 ./Src/cs43l22.o
 .debug_macro   0x0000000000018376       0x10 ./Src/cs43l22.o
 .debug_macro   0x0000000000018386      0x259 ./Src/main.o
 .debug_macro   0x00000000000185df       0x52 ./Src/main.o
 .debug_macro   0x0000000000018631       0x18 ./Src/main.o
 .debug_macro   0x0000000000018649       0x3c ./Src/main.o
 .debug_macro   0x0000000000018685       0x34 ./Src/main.o
 .debug_macro   0x00000000000186b9       0x16 ./Src/main.o
 .debug_macro   0x00000000000186cf       0x97 ./Src/main.o
 .debug_macro   0x0000000000018766      0x339 ./Src/main.o
 .debug_macro   0x0000000000018a9f       0xfd ./Src/main.o
 .debug_macro   0x0000000000018b9c       0x10 ./Src/main.o
 .debug_macro   0x0000000000018bac       0x16 ./Src/main.o
 .debug_macro   0x0000000000018bc2       0x43 ./Src/main.o
 .debug_macro   0x0000000000018c05       0x34 ./Src/main.o
 .debug_macro   0x0000000000018c39       0x10 ./Src/main.o
 .debug_macro   0x0000000000018c49       0x58 ./Src/main.o
 .debug_macro   0x0000000000018ca1       0x71 ./Src/main.o
 .debug_macro   0x0000000000018d12       0x1c ./Src/main.o
 .debug_macro   0x0000000000018d2e      0x12a ./Src/main.o
 .debug_macro   0x0000000000018e58       0x10 ./Src/main.o
 .debug_macro   0x0000000000018e68       0x1c ./Src/main.o
 .debug_macro   0x0000000000018e84       0x52 ./Src/main.o
 .debug_macro   0x0000000000018ed6       0x22 ./Src/main.o
 .debug_macro   0x0000000000018ef8       0x10 ./Src/main.o
 .debug_macro   0x0000000000018f08       0x40 ./Src/main.o
 .debug_macro   0x0000000000018f48       0xd5 ./Src/main.o
 .debug_macro   0x000000000001901d       0x1c ./Src/main.o
 .debug_macro   0x0000000000019039       0x3d ./Src/main.o
 .debug_macro   0x0000000000019076       0x16 ./Src/main.o
 .debug_macro   0x000000000001908c      0x145 ./Src/main.o
 .debug_macro   0x00000000000191d1       0xd9 ./Src/main.o
 .debug_macro   0x00000000000192aa      0x1ad ./Src/sineWave.o
 .debug_macro   0x0000000000019457      0x174 ./Src/sineWave.o
 .debug_macro   0x00000000000195cb      0x1a9 ./Src/sineWave.o
 .debug_macro   0x0000000000019774       0xda ./Src/system_stm32f4xx.o
 .debug_macro   0x000000000001984e       0x2e ./Src/system_stm32f4xx.o
 .debug_macro   0x000000000001987c       0x6d ./Src/system_stm32f4xx.o

.debug_line     0x0000000000000000     0x2f87
 .debug_line    0x0000000000000000     0x1380 ./Src/Audio_Drivers.o
 .debug_line    0x0000000000001380      0x7bb ./Src/cs43l22.o
 .debug_line    0x0000000000001b3b      0x74a ./Src/main.o
 .debug_line    0x0000000000002285      0x7a0 ./Src/sineWave.o
 .debug_line    0x0000000000002a25      0x4de ./Src/system_stm32f4xx.o
 .debug_line    0x0000000000002f03       0x84 ./Startup/startup_stm32f407vgtx.o

.debug_str      0x0000000000000000    0x8e432
 .debug_str     0x0000000000000000    0x88e35 ./Src/Audio_Drivers.o
                                      0x890c6 (size before relaxing)
 .debug_str     0x0000000000088e35      0x168 ./Src/cs43l22.o
                                      0x882ae (size before relaxing)
 .debug_str     0x0000000000088f9d     0x4342 ./Src/main.o
                                      0x8c52f (size before relaxing)
 .debug_str     0x000000000008d2df      0x93e ./Src/sineWave.o
                                      0x8bf6d (size before relaxing)
 .debug_str     0x000000000008dc1d      0x7a7 ./Src/system_stm32f4xx.o
                                      0x881ea (size before relaxing)
 .debug_str     0x000000000008e3c4       0x6e ./Startup/startup_stm32f407vgtx.o

.comment        0x0000000000000000       0x53
 .comment       0x0000000000000000       0x53 ./Src/Audio_Drivers.o
                                         0x54 (size before relaxing)
 .comment       0x0000000000000053       0x54 ./Src/cs43l22.o
 .comment       0x0000000000000053       0x54 ./Src/main.o
 .comment       0x0000000000000053       0x54 ./Src/sineWave.o
 .comment       0x0000000000000053       0x54 ./Src/system_stm32f4xx.o

.debug_frame    0x0000000000000000      0xd30
 .debug_frame   0x0000000000000000      0x5b8 ./Src/Audio_Drivers.o
 .debug_frame   0x00000000000005b8      0x1e4 ./Src/cs43l22.o
 .debug_frame   0x000000000000079c       0x2c ./Src/main.o
 .debug_frame   0x00000000000007c8       0x98 ./Src/sineWave.o
 .debug_frame   0x0000000000000860       0x58 ./Src/system_stm32f4xx.o
 .debug_frame   0x00000000000008b8       0x2c /Applications/STM32CubeIDE.app/Contents/Eclipse/plugins/com.st.stm32cube.ide.mcu.externaltools.gnu-tools-for-stm32.9-2020-q2-update.macos64_2.0.0.202105311346/tools/bin/../lib/gcc/arm-none-eabi/9.3.1/../../../../arm-none-eabi/lib/thumb/v7e-m+fp/hard/libc_nano.a(lib_a-init.o)
 .debug_frame   0x00000000000008e4       0x2c /Applications/STM32CubeIDE.app/Contents/Eclipse/plugins/com.st.stm32cube.ide.mcu.externaltools.gnu-tools-for-stm32.9-2020-q2-update.macos64_2.0.0.202105311346/tools/bin/../lib/gcc/arm-none-eabi/9.3.1/../../../../arm-none-eabi/lib/thumb/v7e-m+fp/hard/libm.a(lib_a-s_sin.o)
 .debug_frame   0x0000000000000910       0x50 /Applications/STM32CubeIDE.app/Contents/Eclipse/plugins/com.st.stm32cube.ide.mcu.externaltools.gnu-tools-for-stm32.9-2020-q2-update.macos64_2.0.0.202105311346/tools/bin/../lib/gcc/arm-none-eabi/9.3.1/../../../../arm-none-eabi/lib/thumb/v7e-m+fp/hard/libm.a(lib_a-e_rem_pio2.o)
 .debug_frame   0x0000000000000960       0x3c /Applications/STM32CubeIDE.app/Contents/Eclipse/plugins/com.st.stm32cube.ide.mcu.externaltools.gnu-tools-for-stm32.9-2020-q2-update.macos64_2.0.0.202105311346/tools/bin/../lib/gcc/arm-none-eabi/9.3.1/../../../../arm-none-eabi/lib/thumb/v7e-m+fp/hard/libm.a(lib_a-k_cos.o)
 .debug_frame   0x000000000000099c       0x54 /Applications/STM32CubeIDE.app/Contents/Eclipse/plugins/com.st.stm32cube.ide.mcu.externaltools.gnu-tools-for-stm32.9-2020-q2-update.macos64_2.0.0.202105311346/tools/bin/../lib/gcc/arm-none-eabi/9.3.1/../../../../arm-none-eabi/lib/thumb/v7e-m+fp/hard/libm.a(lib_a-k_rem_pio2.o)
 .debug_frame   0x00000000000009f0       0x5c /Applications/STM32CubeIDE.app/Contents/Eclipse/plugins/com.st.stm32cube.ide.mcu.externaltools.gnu-tools-for-stm32.9-2020-q2-update.macos64_2.0.0.202105311346/tools/bin/../lib/gcc/arm-none-eabi/9.3.1/../../../../arm-none-eabi/lib/thumb/v7e-m+fp/hard/libm.a(lib_a-k_sin.o)
 .debug_frame   0x0000000000000a4c       0x20 /Applications/STM32CubeIDE.app/Contents/Eclipse/plugins/com.st.stm32cube.ide.mcu.externaltools.gnu-tools-for-stm32.9-2020-q2-update.macos64_2.0.0.202105311346/tools/bin/../lib/gcc/arm-none-eabi/9.3.1/../../../../arm-none-eabi/lib/thumb/v7e-m+fp/hard/libm.a(lib_a-s_fabs.o)
 .debug_frame   0x0000000000000a6c       0x30 /Applications/STM32CubeIDE.app/Contents/Eclipse/plugins/com.st.stm32cube.ide.mcu.externaltools.gnu-tools-for-stm32.9-2020-q2-update.macos64_2.0.0.202105311346/tools/bin/../lib/gcc/arm-none-eabi/9.3.1/../../../../arm-none-eabi/lib/thumb/v7e-m+fp/hard/libm.a(lib_a-s_floor.o)
 .debug_frame   0x0000000000000a9c       0x2c /Applications/STM32CubeIDE.app/Contents/Eclipse/plugins/com.st.stm32cube.ide.mcu.externaltools.gnu-tools-for-stm32.9-2020-q2-update.macos64_2.0.0.202105311346/tools/bin/../lib/gcc/arm-none-eabi/9.3.1/../../../../arm-none-eabi/lib/thumb/v7e-m+fp/hard/libm.a(lib_a-s_scalbn.o)
 .debug_frame   0x0000000000000ac8       0xac /Applications/STM32CubeIDE.app/Contents/Eclipse/plugins/com.st.stm32cube.ide.mcu.externaltools.gnu-tools-for-stm32.9-2020-q2-update.macos64_2.0.0.202105311346/tools/bin/../lib/gcc/arm-none-eabi/9.3.1/thumb/v7e-m+fp/hard/libgcc.a(_arm_addsubdf3.o)
 .debug_frame   0x0000000000000b74       0x50 /Applications/STM32CubeIDE.app/Contents/Eclipse/plugins/com.st.stm32cube.ide.mcu.externaltools.gnu-tools-for-stm32.9-2020-q2-update.macos64_2.0.0.202105311346/tools/bin/../lib/gcc/arm-none-eabi/9.3.1/thumb/v7e-m+fp/hard/libgcc.a(_arm_muldivdf3.o)
 .debug_frame   0x0000000000000bc4       0xc4 /Applications/STM32CubeIDE.app/Contents/Eclipse/plugins/com.st.stm32cube.ide.mcu.externaltools.gnu-tools-for-stm32.9-2020-q2-update.macos64_2.0.0.202105311346/tools/bin/../lib/gcc/arm-none-eabi/9.3.1/thumb/v7e-m+fp/hard/libgcc.a(_arm_cmpdf2.o)
 .debug_frame   0x0000000000000c88       0x24 /Applications/STM32CubeIDE.app/Contents/Eclipse/plugins/com.st.stm32cube.ide.mcu.externaltools.gnu-tools-for-stm32.9-2020-q2-update.macos64_2.0.0.202105311346/tools/bin/../lib/gcc/arm-none-eabi/9.3.1/thumb/v7e-m+fp/hard/libgcc.a(_arm_fixdfsi.o)
 .debug_frame   0x0000000000000cac       0x24 /Applications/STM32CubeIDE.app/Contents/Eclipse/plugins/com.st.stm32cube.ide.mcu.externaltools.gnu-tools-for-stm32.9-2020-q2-update.macos64_2.0.0.202105311346/tools/bin/../lib/gcc/arm-none-eabi/9.3.1/thumb/v7e-m+fp/hard/libgcc.a(_arm_truncdfsf2.o)
 .debug_frame   0x0000000000000cd0       0x2c /Applications/STM32CubeIDE.app/Contents/Eclipse/plugins/com.st.stm32cube.ide.mcu.externaltools.gnu-tools-for-stm32.9-2020-q2-update.macos64_2.0.0.202105311346/tools/bin/../lib/gcc/arm-none-eabi/9.3.1/thumb/v7e-m+fp/hard/libgcc.a(_aeabi_uldivmod.o)
 .debug_frame   0x0000000000000cfc       0x34 /Applications/STM32CubeIDE.app/Contents/Eclipse/plugins/com.st.stm32cube.ide.mcu.externaltools.gnu-tools-for-stm32.9-2020-q2-update.macos64_2.0.0.202105311346/tools/bin/../lib/gcc/arm-none-eabi/9.3.1/thumb/v7e-m+fp/hard/libgcc.a(_udivmoddi4.o)
