Archive member included to satisfy reference by file (symbol)

c:/st/stm32cubeide_1.8.0/stm32cubeide/plugins/com.st.stm32cube.ide.mcu.externaltools.gnu-tools-for-stm32.9-2020-q2-update.win32_2.0.0.202105311346/tools/bin/../lib/gcc/arm-none-eabi/9.3.1/../../../../arm-none-eabi/lib/thumb/v7e-m+fp/hard\libc_nano.a(lib_a-errno.o)
                              ./Core/Src/syscalls.o (__errno)
c:/st/stm32cubeide_1.8.0/stm32cubeide/plugins/com.st.stm32cube.ide.mcu.externaltools.gnu-tools-for-stm32.9-2020-q2-update.win32_2.0.0.202105311346/tools/bin/../lib/gcc/arm-none-eabi/9.3.1/../../../../arm-none-eabi/lib/thumb/v7e-m+fp/hard\libc_nano.a(lib_a-exit.o)
                              c:/st/stm32cubeide_1.8.0/stm32cubeide/plugins/com.st.stm32cube.ide.mcu.externaltools.gnu-tools-for-stm32.9-2020-q2-update.win32_2.0.0.202105311346/tools/bin/../lib/gcc/arm-none-eabi/9.3.1/../../../../arm-none-eabi/lib/thumb/v7e-m+fp/hard/crt0.o (exit)
c:/st/stm32cubeide_1.8.0/stm32cubeide/plugins/com.st.stm32cube.ide.mcu.externaltools.gnu-tools-for-stm32.9-2020-q2-update.win32_2.0.0.202105311346/tools/bin/../lib/gcc/arm-none-eabi/9.3.1/../../../../arm-none-eabi/lib/thumb/v7e-m+fp/hard\libc_nano.a(lib_a-impure.o)
                              c:/st/stm32cubeide_1.8.0/stm32cubeide/plugins/com.st.stm32cube.ide.mcu.externaltools.gnu-tools-for-stm32.9-2020-q2-update.win32_2.0.0.202105311346/tools/bin/../lib/gcc/arm-none-eabi/9.3.1/../../../../arm-none-eabi/lib/thumb/v7e-m+fp/hard\libc_nano.a(lib_a-exit.o) (_global_impure_ptr)
c:/st/stm32cubeide_1.8.0/stm32cubeide/plugins/com.st.stm32cube.ide.mcu.externaltools.gnu-tools-for-stm32.9-2020-q2-update.win32_2.0.0.202105311346/tools/bin/../lib/gcc/arm-none-eabi/9.3.1/../../../../arm-none-eabi/lib/thumb/v7e-m+fp/hard\libc_nano.a(lib_a-init.o)
                              c:/st/stm32cubeide_1.8.0/stm32cubeide/plugins/com.st.stm32cube.ide.mcu.externaltools.gnu-tools-for-stm32.9-2020-q2-update.win32_2.0.0.202105311346/tools/bin/../lib/gcc/arm-none-eabi/9.3.1/../../../../arm-none-eabi/lib/thumb/v7e-m+fp/hard/crt0.o (__libc_init_array)
c:/st/stm32cubeide_1.8.0/stm32cubeide/plugins/com.st.stm32cube.ide.mcu.externaltools.gnu-tools-for-stm32.9-2020-q2-update.win32_2.0.0.202105311346/tools/bin/../lib/gcc/arm-none-eabi/9.3.1/../../../../arm-none-eabi/lib/thumb/v7e-m+fp/hard\libc_nano.a(lib_a-memset.o)
                              c:/st/stm32cubeide_1.8.0/stm32cubeide/plugins/com.st.stm32cube.ide.mcu.externaltools.gnu-tools-for-stm32.9-2020-q2-update.win32_2.0.0.202105311346/tools/bin/../lib/gcc/arm-none-eabi/9.3.1/../../../../arm-none-eabi/lib/thumb/v7e-m+fp/hard/crt0.o (memset)
c:/st/stm32cubeide_1.8.0/stm32cubeide/plugins/com.st.stm32cube.ide.mcu.externaltools.gnu-tools-for-stm32.9-2020-q2-update.win32_2.0.0.202105311346/tools/bin/../lib/gcc/arm-none-eabi/9.3.1/../../../../arm-none-eabi/lib/thumb/v7e-m+fp/hard\libc_nano.a(lib_a-sprintf.o)
                              ./Core/Src/main.o (sprintf)
c:/st/stm32cubeide_1.8.0/stm32cubeide/plugins/com.st.stm32cube.ide.mcu.externaltools.gnu-tools-for-stm32.9-2020-q2-update.win32_2.0.0.202105311346/tools/bin/../lib/gcc/arm-none-eabi/9.3.1/../../../../arm-none-eabi/lib/thumb/v7e-m+fp/hard\libc_nano.a(lib_a-strlen.o)
                              ./Core/Src/main.o (strlen)
c:/st/stm32cubeide_1.8.0/stm32cubeide/plugins/com.st.stm32cube.ide.mcu.externaltools.gnu-tools-for-stm32.9-2020-q2-update.win32_2.0.0.202105311346/tools/bin/../lib/gcc/arm-none-eabi/9.3.1/../../../../arm-none-eabi/lib/thumb/v7e-m+fp/hard\libc_nano.a(lib_a-nano-svfprintf.o)
                              c:/st/stm32cubeide_1.8.0/stm32cubeide/plugins/com.st.stm32cube.ide.mcu.externaltools.gnu-tools-for-stm32.9-2020-q2-update.win32_2.0.0.202105311346/tools/bin/../lib/gcc/arm-none-eabi/9.3.1/../../../../arm-none-eabi/lib/thumb/v7e-m+fp/hard\libc_nano.a(lib_a-sprintf.o) (_svfprintf_r)
c:/st/stm32cubeide_1.8.0/stm32cubeide/plugins/com.st.stm32cube.ide.mcu.externaltools.gnu-tools-for-stm32.9-2020-q2-update.win32_2.0.0.202105311346/tools/bin/../lib/gcc/arm-none-eabi/9.3.1/../../../../arm-none-eabi/lib/thumb/v7e-m+fp/hard\libc_nano.a(lib_a-nano-vfprintf_i.o)
                              c:/st/stm32cubeide_1.8.0/stm32cubeide/plugins/com.st.stm32cube.ide.mcu.externaltools.gnu-tools-for-stm32.9-2020-q2-update.win32_2.0.0.202105311346/tools/bin/../lib/gcc/arm-none-eabi/9.3.1/../../../../arm-none-eabi/lib/thumb/v7e-m+fp/hard\libc_nano.a(lib_a-nano-svfprintf.o) (_printf_i)
c:/st/stm32cubeide_1.8.0/stm32cubeide/plugins/com.st.stm32cube.ide.mcu.externaltools.gnu-tools-for-stm32.9-2020-q2-update.win32_2.0.0.202105311346/tools/bin/../lib/gcc/arm-none-eabi/9.3.1/../../../../arm-none-eabi/lib/thumb/v7e-m+fp/hard\libc_nano.a(lib_a-memchr.o)
[...]
Memory Configuration

Name             Origin             Length             Attributes
CCMRAM           0x0000000010000000 0x0000000000010000 xrw
RAM              0x0000000020000000 0x0000000000020000 xrw
FLASH            0x0000000008000000 0x0000000000100000 xr
*default*        0x0000000000000000 0xffffffffffffffff

Linker script and memory map

LOAD c:/st/stm32cubeide_1.8.0/stm32cubeide/plugins/com.st.stm32cube.ide.mcu.externaltools.gnu-tools-for-stm32.9-2020-q2-update.win32_2.0.0.202105311346/tools/bin/../lib/gcc/arm-none-eabi/9.3.1/thumb/v7e-m+fp/hard/crti.o
LOAD c:/st/stm32cubeide_1.8.0/stm32cubeide/plugins/com.st.stm32cube.ide.mcu.externaltools.gnu-tools-for-stm32.9-2020-q2-update.win32_2.0.0.202105311346/tools/bin/../lib/gcc/arm-none-eabi/9.3.1/thumb/v7e-m+fp/hard/crtbegin.o
LOAD c:/st/stm32cubeide_1.8.0/stm32cubeide/plugins/com.st.stm32cube.ide.mcu.externaltools.gnu-tools-for-stm32.9-2020-q2-update.win32_2.0.0.202105311346/tools/bin/../lib/gcc/arm-none-eabi/9.3.1/../../../../arm-none-eabi/lib/thumb/v7e-m+fp/hard/crt0.o
LOAD ./Core/Src/Audio_Drivers.o
LOAD ./Core/Src/cs43l22.o
LOAD ./Core/Src/main.o
LOAD ./Core/Src/sineWave.o
LOAD ./Core/Src/stm32f4xx_hal_msp.o
LOAD ./Core/Src/stm32f4xx_it.o
LOAD ./Core/Src/syscalls.o
LOAD ./Core/Src/sysmem.o
LOAD ./Core/Src/system_stm32f4xx.o
LOAD ./Core/Startup/startup_stm32f407vgtx.o
LOAD ./Drivers/STM32F4xx_HAL_Driver/Src/stm32f4xx_hal.o
LOAD ./Drivers/STM32F4xx_HAL_Driver/Src/stm32f4xx_hal_adc.o
LOAD ./Drivers/STM32F4xx_HAL_Driver/Src/stm32f4xx_hal_adc_ex.o
LOAD ./Drivers/STM32F4xx_HAL_Driver/Src/stm32f4xx_hal_cortex.o
LOAD ./Drivers/STM32F4xx_HAL_Driver/Src/stm32f4xx_hal_dma.o
LOAD ./Drivers/STM32F4xx_HAL_Driver/Src/stm32f4xx_hal_dma_ex.o
LOAD ./Drivers/STM32F4xx_HAL_Driver/Src/stm32f4xx_hal_exti.o
LOAD ./Drivers/STM32F4xx_HAL_Driver/Src/stm32f4xx_hal_flash.o
LOAD ./Drivers/STM32F4xx_HAL_Driver/Src/stm32f4xx_hal_flash_ex.o
LOAD ./Drivers/STM32F4xx_HAL_Driver/Src/stm32f4xx_hal_flash_ramfunc.o
LOAD ./Drivers/STM32F4xx_HAL_Driver/Src/stm32f4xx_hal_gpio.o
LOAD ./Drivers/STM32F4xx_HAL_Driver/Src/stm32f4xx_hal_pwr.o
LOAD ./Drivers/STM32F4xx_HAL_Driver/Src/stm32f4xx_hal_pwr_ex.o
LOAD ./Drivers/STM32F4xx_HAL_Driver/Src/stm32f4xx_hal_rcc.o
LOAD ./Drivers/STM32F4xx_HAL_Driver/Src/stm32f4xx_hal_rcc_ex.o
LOAD ./Drivers/STM32F4xx_HAL_Driver/Src/stm32f4xx_hal_tim.o
LOAD ./Drivers/STM32F4xx_HAL_Driver/Src/stm32f4xx_hal_tim_ex.o
LOAD ./Drivers/STM32F4xx_HAL_Driver/Src/stm32f4xx_hal_uart.o
LOAD ./Drivers/STM32F4xx_HAL_Driver/Src/stm32f4xx_ll_adc.o
START GROUP
LOAD c:/st/stm32cubeide_1.8.0/stm32cubeide/plugins/com.st.stm32cube.ide.mcu.externaltools.gnu-tools-for-stm32.9-2020-q2-update.win32_2.0.0.202105311346/tools/bin/../lib/gcc/arm-none-eabi/9.3.1/../../../../arm-none-eabi/lib/thumb/v7e-m+fp/hard\libc_nano.a
LOAD c:/st/stm32cubeide_1.8.0/stm32cubeide/plugins/com.st.stm32cube.ide.mcu.externaltools.gnu-tools-for-stm32.9-2020-q2-update.win32_2.0.0.202105311346/tools/bin/../lib/gcc/arm-none-eabi/9.3.1/../../../../arm-none-eabi/lib/thumb/v7e-m+fp/hard\libm.a
END GROUP
START GROUP
LOAD c:/st/stm32cubeide_1.8.0/stm32cubeide/plugins/com.st.stm32cube.ide.mcu.externaltools.gnu-tools-for-stm32.9-2020-q2-update.win32_2.0.0.202105311346/tools/bin/../lib/gcc/arm-none-eabi/9.3.1/thumb/v7e-m+fp/hard\libgcc.a
LOAD c:/st/stm32cubeide_1.8.0/stm32cubeide/plugins/com.st.stm32cube.ide.mcu.externaltools.gnu-tools-for-stm32.9-2020-q2-update.win32_2.0.0.202105311346/tools/bin/../lib/gcc/arm-none-eabi/9.3.1/../../../../arm-none-eabi/lib/thumb/v7e-m+fp/hard\libc_nano.a
END GROUP
START GROUP
LOAD c:/st/stm32cubeide_1.8.0/stm32cubeide/plugins/com.st.stm32cube.ide.mcu.externaltools.gnu-tools-for-stm32.9-2020-q2-update.win32_2.0.0.202105311346/tools/bin/../lib/gcc/arm-none-eabi/9.3.1/thumb/v7e-m+fp/hard\libgcc.a
LOAD c:/st/stm32cubeide_1.8.0/stm32cubeide/plugins/com.st.stm32cube.ide.mcu.externaltools.gnu-tools-for-stm32.9-2020-q2-update.win32_2.0.0.202105311346/tools/bin/../lib/gcc/arm-none-eabi/9.3.1/../../../../arm-none-eabi/lib/thumb/v7e-m+fp/hard\libc_nano.a
LOAD c:/st/stm32cubeide_1.8.0/stm32cubeide/plugins/com.st.stm32cube.ide.mcu.externaltools.gnu-tools-for-stm32.9-2020-q2-update.win32_2.0.0.202105311346/tools/bin/../lib/gcc/arm-none-eabi/9.3.1/../../../../arm-none-eabi/lib/thumb/v7e-m+fp/hard\libnosys.a
END GROUP
START GROUP
LOAD c:/st/stm32cubeide_1.8.0/stm32cubeide/plugins/com.st.stm32cube.ide.mcu.externaltools.gnu-tools-for-stm32.9-2020-q2-update.win32_2.0.0.202105311346/tools/bin/../lib/gcc/arm-none-eabi/9.3.1/thumb/v7e-m+fp/hard\libgcc.a
LOAD c:/st/stm32cubeide_1.8.0/stm32cubeide/plugins/com.st.stm32cube.ide.mcu.externaltools.gnu-tools-for-stm32.9-2020-q2-update.win32_2.0.0.202105311346/tools/bin/../lib/gcc/arm-none-eabi/9.3.1/../../../../arm-none-eabi/lib/thumb/v7e-m+fp/hard\libc_nano.a
LOAD c:/st/stm32cubeide_1.8.0/stm32cubeide/plugins/com.st.stm32cube.ide.mcu.externaltools.gnu-tools-for-stm32.9-2020-q2-update.win32_2.0.0.202105311346/tools/bin/../lib/gcc/arm-none-eabi/9.3.1/../../../../arm-none-eabi/lib/thumb/v7e-m+fp/hard\libnosys.a
END GROUP
LOAD c:/st/stm32cubeide_1.8.0/stm32cubeide/plugins/com.st.stm32cube.ide.mcu.externaltools.gnu-tools-for-stm32.9-2020-q2-update.win32_2.0.0.202105311346/tools/bin/../lib/gcc/arm-none-eabi/9.3.1/thumb/v7e-m+fp/hard/crtend.o
LOAD c:/st/stm32cubeide_1.8.0/stm32cubeide/plugins/com.st.stm32cube.ide.mcu.externaltools.gnu-tools-for-stm32.9-2020-q2-update.win32_2.0.0.202105311346/tools/bin/../lib/gcc/arm-none-eabi/9.3.1/thumb/v7e-m+fp/hard/crtn.o
                0x0000000020020000                _estack = (ORIGIN (RAM) + LENGTH (RAM))
                0x0000000000000200                _Min_Heap_Size = 0x200
                0x0000000000000400                _Min_Stack_Size = 0x400

.isr_vector     0x0000000008000000      0x188
                0x0000000008000000                . = ALIGN (0x4)
 *(.isr_vector)
 .isr_vector    0x0000000008000000      0x188 ./Core/Startup/startup_stm32f407vgtx.o
                0x0000000008000000                g_pfnVectors
                0x0000000008000188                . = ALIGN (0x4)

.text           0x0000000008000190     0x6634
                0x0000000008000190                . = ALIGN (0x4)
 *(.text)
 .text          0x0000000008000190       0x40 c:/st/stm32cubeide_1.8.0/stm32cubeide/plugins/com.st.stm32cube.ide.mcu.externaltools.gnu-tools-for-stm32.9-2020-q2-update.win32_2.0.0.202105311346/tools/bin/../lib/gcc/arm-none-eabi/9.3.1/thumb/v7e-m+fp/hard/crtbegin.o
 .text          0x00000000080001d0       0x10 c:/st/stm32cubeide_1.8.0/stm32cubeide/plugins/com.st.stm32cube.ide.mcu.externaltools.gnu-tools-for-stm32.9-2020-q2-update.win32_2.0.0.202105311346/tools/bin/../lib/gcc/arm-none-eabi/9.3.1/../../../../arm-none-eabi/lib/thumb/v7e-m+fp/hard\libc_nano.a(lib_a-strlen.o)
                0x00000000080001d0                strlen
 .text          0x00000000080001e0       0xa0 c:/st/stm32cubeide_1.8.0/stm32cubeide/plugins/com.st.stm32cube.ide.mcu.externaltools.gnu-tools-for-stm32.9-2020-q2-update.win32_2.0.0.202105311346/tools/bin/../lib/gcc/arm-none-eabi/9.3.1/../../../../arm-none-eabi/lib/thumb/v7e-m+fp/hard\libc_nano.a(lib_a-memchr.o)
                0x00000000080001e0                memchr
 .text          0x0000000008000280      0x378 c:/st/stm32cubeide_1.8.0/stm32cubeide/plugins/com.st.stm32cube.ide.mcu.externaltools.gnu-tools-for-stm32.9-2020-q2-update.win32_2.0.0.202105311346/tools/bin/../lib/gcc/arm-none-eabi/9.3.1/thumb/v7e-m+fp/hard\libgcc.a(_arm_addsubdf3.o)
                0x0000000008000280                __aeabi_drsub
                0x0000000008000288                __aeabi_dsub
                0x0000000008000288                __subdf3
                0x000000000800028c                __aeabi_dadd
                0x000000000800028c                __adddf3
                0x0000000008000504                __floatunsidf
                0x0000000008000504                __aeabi_ui2d
                0x0000000008000524                __floatsidf
                0x0000000008000524                __aeabi_i2d
                0x0000000008000548                __aeabi_f2d
                0x0000000008000548                __extendsfdf2
                0x000000000800058c                __floatundidf
                0x000000000800058c                __aeabi_ul2d
                0x000000000800059c                __floatdidf
                0x000000000800059c                __aeabi_l2d
 .text          0x00000000080005f8      0x424 c:/st/stm32cubeide_1.8.0/stm32cubeide/plugins/com.st.stm32cube.ide.mcu.externaltools.gnu-tools-for-stm32.9-2020-q2-update.win32_2.0.0.202105311346/tools/bin/../lib/gcc/arm-none-eabi/9.3.1/thumb/v7e-m+fp/hard\libgcc.a(_arm_muldivdf3.o)
                0x00000000080005f8                __aeabi_dmul
                0x00000000080005f8                __muldf3
                0x000000000800084c                __divdf3
                0x000000000800084c                __aeabi_ddiv
 .text          0x0000000008000a1c      0x110 c:/st/stm32cubeide_1.8.0/stm32cubeide/plugins/com.st.stm32cube.ide.mcu.externaltools.gnu-tools-for-stm32.9-2020-q2-update.win32_2.0.0.202105311346/tools/bin/../lib/gcc/arm-none-eabi/9.3.1/thumb/v7e-m+fp/hard\libgcc.a(_arm_cmpdf2.o)
                0x0000000008000a1c                __gtdf2
                0x0000000008000a1c                __gedf2
                0x0000000008000a24                __ltdf2
                0x0000000008000a24                __ledf2
                0x0000000008000a2c                __nedf2
                0x0000000008000a2c                __eqdf2
                0x0000000008000a2c                __cmpdf2
                0x0000000008000aa8                __aeabi_cdrcmple
                0x0000000008000ab8                __aeabi_cdcmpeq
                0x0000000008000ab8                __aeabi_cdcmple
                0x0000000008000ac8                __aeabi_dcmpeq
                0x0000000008000adc                __aeabi_dcmplt
                0x0000000008000af0                __aeabi_dcmple
                0x0000000008000b04                __aeabi_dcmpge
                0x0000000008000b18                __aeabi_dcmpgt
 .text          0x0000000008000b2c       0x50 c:/st/stm32cubeide_1.8.0/stm32cubeide/plugins/com.st.stm32cube.ide.mcu.externaltools.gnu-tools-for-stm32.9-2020-q2-update.win32_2.0.0.202105311346/tools/bin/../lib/gcc/arm-none-eabi/9.3.1/thumb/v7e-m+fp/hard\libgcc.a(_arm_fixdfsi.o)
                0x0000000008000b2c                __aeabi_d2iz
                0x0000000008000b2c                __fixdfsi
 .text          0x0000000008000b7c       0xa0 c:/st/stm32cubeide_1.8.0/stm32cubeide/plugins/com.st.stm32cube.ide.mcu.externaltools.gnu-tools-for-stm32.9-2020-q2-update.win32_2.0.0.202105311346/tools/bin/../lib/gcc/arm-none-eabi/9.3.1/thumb/v7e-m+fp/hard\libgcc.a(_arm_truncdfsf2.o)
                0x0000000008000b7c                __truncdfsf2
                0x0000000008000b7c                __aeabi_d2f
 .text          0x0000000008000c1c       0x30 c:/st/stm32cubeide_1.8.0/stm32cubeide/plugins/com.st.stm32cube.ide.mcu.externaltools.gnu-tools-for-stm32.9-2020-q2-update.win32_2.0.0.202105311346/tools/bin/../lib/gcc/arm-none-eabi/9.3.1/thumb/v7e-m+fp/hard\libgcc.a(_aeabi_uldivmod.o)
                0x0000000008000c1c                __aeabi_uldivmod
 .text          0x0000000008000c4c      0x2c4 c:/st/stm32cubeide_1.8.0/stm32cubeide/plugins/com.st.stm32cube.ide.mcu.externaltools.gnu-tools-for-stm32.9-2020-q2-update.win32_2.0.0.202105311346/tools/bin/../lib/gcc/arm-none-eabi/9.3.1/thumb/v7e-m+fp/hard\libgcc.a(_udivmoddi4.o)
                0x0000000008000c4c                __udivmoddi4
 .text          0x0000000008000f10        0x4 c:/st/stm32cubeide_1.8.0/stm32cubeide/plugins/com.st.stm32cube.ide.mcu.externaltools.gnu-tools-for-stm32.9-2020-q2-update.win32_2.0.0.202105311346/tools/bin/../lib/gcc/arm-none-eabi/9.3.1/thumb/v7e-m+fp/hard\libgcc.a(_dvmd_tls.o)
                0x0000000008000f10                __aeabi_idiv0
                0x0000000008000f10                __aeabi_ldiv0
 *(.text*)
 .text.__NVIC_GetPriorityGrouping
                0x0000000008000f14       0x1c ./Core/Src/Audio_Drivers.o
 .text.__NVIC_EnableIRQ
                0x0000000008000f30       0x3c ./Core/Src/Audio_Drivers.o
 .text.__NVIC_SetPriority
                0x0000000008000f6c       0x54 ./Core/Src/Audio_Drivers.o
 .text.NVIC_EncodePriority
                0x0000000008000fc0       0x66 ./Core/Src/Audio_Drivers.o
 *fill*         0x0000000008001026        0x2 
 .text.Configure_GPIO_Output
                0x0000000008001028       0xfc ./Core/Src/Audio_Drivers.o
                0x0000000008001028                Configure_GPIO_Output
 .text.initAudioTimer
                0x0000000008001124      0x114 ./Core/Src/Audio_Drivers.o
                0x0000000008001124                initAudioTimer
 .text.setAudioTimer
                0x0000000008001238       0x8c ./Core/Src/Audio_Drivers.o
                0x0000000008001238                setAudioTimer
 .text.hasAudioTimerFinished
                0x00000000080012c4       0x1c ./Core/Src/Audio_Drivers.o
                0x00000000080012c4                hasAudioTimerFinished
 .text.audioDelay
                0x00000000080012e0       0x22 ./Core/Src/Audio_Drivers.o
                0x00000000080012e0                audioDelay
 .text.waitForFlagWithTimeout
                0x0000000008001302       0x62 ./Core/Src/Audio_Drivers.o
                0x0000000008001302                waitForFlagWithTimeout
 .text.myConfigureI2SClock
                0x0000000008001364       0x74 ./Core/Src/Audio_Drivers.o
                0x0000000008001364                myConfigureI2SClock
 .text.myConfigureTheMainClockPLL
                0x00000000080013d8       0xac ./Core/Src/Audio_Drivers.o
                0x00000000080013d8                myConfigureTheMainClockPLL
 .text.myConfigureFlashWaitStatesAndBusClocks
                0x0000000008001484      0x1ac ./Core/Src/Audio_Drivers.o
                0x0000000008001484                myConfigureFlashWaitStatesAndBusClocks
 .text.myAudioSpeedUpTheSystemClock
                0x0000000008001630       0x7c ./Core/Src/Audio_Drivers.o
                0x0000000008001630                myAudioSpeedUpTheSystemClock
 .text.configureAudioDACI2CRegisters
                0x00000000080016ac       0x94 ./Core/Src/Audio_Drivers.o
                0x00000000080016ac                configureAudioDACI2CRegisters
 .text.setupClocksAndGPIOForAudioI2C
                0x0000000008001740       0xb0 ./Core/Src/Audio_Drivers.o
 .text.setupAudioI2CPeripheral
                0x00000000080017f0       0x1c ./Core/Src/Audio_Drivers.o
 .text.setupResetForAudioDAC
                0x000000000800180c       0x50 ./Core/Src/Audio_Drivers.o
                0x000000000800180c                setupResetForAudioDAC
 .text.waitForI2CMasterAddressFlagUntilTimeout
                0x000000000800185c       0x70 ./Core/Src/Audio_Drivers.o
 .text.waitForI2CTXEFlagUntilTimeout
                0x00000000080018cc       0x60 ./Core/Src/Audio_Drivers.o
 .text.waitForI2CBTFFlagUntilTimeout
                0x000000000800192c       0x64 ./Core/Src/Audio_Drivers.o
 .text.myI2C_WaitOnRXNEFlagUntilTimeout
                0x0000000008001990       0x64 ./Core/Src/Audio_Drivers.o
 .text.clearTheADDRFlag
                0x00000000080019f4       0x26 ./Core/Src/Audio_Drivers.o
 *fill*         0x0000000008001a1a        0x2 
 .text.readDataFromI2CPeripheral
                0x0000000008001a1c      0x234 ./Core/Src/Audio_Drivers.o
                0x0000000008001a1c                readDataFromI2CPeripheral
 .text.resetTheI2CDriver
                0x0000000008001c50       0x28 ./Core/Src/Audio_Drivers.o
 .text.writeDataToI2CPeripheral
                0x0000000008001c78      0x18c ./Core/Src/Audio_Drivers.o
                0x0000000008001c78                writeDataToI2CPeripheral
 .text.myI2Cx_WriteData
                0x0000000008001e04       0x68 ./Core/Src/Audio_Drivers.o
                0x0000000008001e04                myI2Cx_WriteData
 .text.checkAudioDAC_ID
                0x0000000008001e6c       0x50 ./Core/Src/Audio_Drivers.o
                0x0000000008001e6c                checkAudioDAC_ID
 .text.AUDIO_IO_Init
                0x0000000008001ebc        0xe ./Core/Src/Audio_Drivers.o
                0x0000000008001ebc                AUDIO_IO_Init
 .text.AUDIO_IO_Write
                0x0000000008001eca       0x26 ./Core/Src/Audio_Drivers.o
                0x0000000008001eca                AUDIO_IO_Write
 .text.setupI2SPeripheral
                0x0000000008001ef0      0x144 ./Core/Src/Audio_Drivers.o
                0x0000000008001ef0                setupI2SPeripheral
 .text.setupDMAForI2SPeripheral
                0x0000000008002034       0xec ./Core/Src/Audio_Drivers.o
                0x0000000008002034                setupDMAForI2SPeripheral
 .text.configureI2SClockPLL
                0x0000000008002120       0xc0 ./Core/Src/Audio_Drivers.o
                0x0000000008002120                configureI2SClockPLL
 .text.myAudioInitialisePeripherals
                0x00000000080021e0       0x88 ./Core/Src/Audio_Drivers.o
                0x00000000080021e0                myAudioInitialisePeripherals
 .text.setupDMAForAudioDAC
                0x0000000008002268       0x84 ./Core/Src/Audio_Drivers.o
                0x0000000008002268                setupDMAForAudioDAC
 .text.myAudioStartPlaying
                0x00000000080022ec       0x68 ./Core/Src/Audio_Drivers.o
                0x00000000080022ec                myAudioStartPlaying
 .text.DMA1_Stream7_IRQHandler
                0x0000000008002354       0xc0 ./Core/Src/Audio_Drivers.o
                0x0000000008002354                DMA1_Stream7_IRQHandler
 .text.myAudioChangeBuffer
                0x0000000008002414       0x78 ./Core/Src/Audio_Drivers.o
                0x0000000008002414                myAudioChangeBuffer
 .text.cs43l22_Init
                0x000000000800248c      0x1c8 ./Core/Src/cs43l22.o
                0x000000000800248c                cs43l22_Init
 .text.cs43l22_Play
                0x0000000008002654       0x74 ./Core/Src/cs43l22.o
                0x0000000008002654                cs43l22_Play
 .text.cs43l22_SetVolume
                0x00000000080026c8       0xbc ./Core/Src/cs43l22.o
                0x00000000080026c8                cs43l22_SetVolume
 .text.cs43l22_SetMute
                0x0000000008002784       0xbc ./Core/Src/cs43l22.o
                0x0000000008002784                cs43l22_SetMute
 .text.CODEC_IO_Write
                0x0000000008002840       0x2e ./Core/Src/cs43l22.o
 *fill*         0x000000000800286e        0x2 
 .text.main     0x0000000008002870       0xc8 ./Core/Src/main.o
                0x0000000008002870                main
 .text.SystemClock_Config
                0x0000000008002938       0xbc ./Core/Src/main.o
                0x0000000008002938                SystemClock_Config
 .text.MX_ADC1_Init
                0x00000000080029f4       0xa4 ./Core/Src/main.o
 .text.MX_USART2_UART_Init
                0x0000000008002a98       0x54 ./Core/Src/main.o
 .text.MX_GPIO_Init
                0x0000000008002aec       0x34 ./Core/Src/main.o
 .text.Error_Handler
                0x0000000008002b20        0xa ./Core/Src/main.o
                0x0000000008002b20                Error_Handler
 *fill*         0x0000000008002b2a        0x2 
 .text.__NVIC_SetPriority
                0x0000000008002b2c       0x54 ./Core/Src/sineWave.o
 .text.SysTick_Config
                0x0000000008002b80       0x44 ./Core/Src/sineWave.o
 .text.flashGreen
                0x0000000008002bc4       0x48 ./Core/Src/sineWave.o
                0x0000000008002bc4                flashGreen
 *fill*         0x0000000008002c0c        0x4 
 .text.setup    0x0000000008002c10       0xdc ./Core/Src/sineWave.o
                0x0000000008002c10                setup
 .text.loopAudio
                0x0000000008002cec      0x100 ./Core/Src/sineWave.o
                0x0000000008002cec                loopAudio
 .text.myAudioHalfTransferCallback
                0x0000000008002dec       0x18 ./Core/Src/sineWave.o
                0x0000000008002dec                myAudioHalfTransferCallback
 .text.myAudioTransferCompleteCallback
                0x0000000008002e04       0x20 ./Core/Src/sineWave.o
                0x0000000008002e04                myAudioTransferCompleteCallback
 .text.HAL_MspInit
                0x0000000008002e24       0x50 ./Core/Src/stm32f4xx_hal_msp.o
                0x0000000008002e24                HAL_MspInit
 .text.HAL_ADC_MspInit
                0x0000000008002e74       0x88 ./Core/Src/stm32f4xx_hal_msp.o
                0x0000000008002e74                HAL_ADC_MspInit
 .text.HAL_UART_MspInit
                0x0000000008002efc       0x90 ./Core/Src/stm32f4xx_hal_msp.o
                0x0000000008002efc                HAL_UART_MspInit
 .text.NMI_Handler
                0x0000000008002f8c        0x6 ./Core/Src/stm32f4xx_it.o
                0x0000000008002f8c                NMI_Handler
 .text.HardFault_Handler
                0x0000000008002f92        0x6 ./Core/Src/stm32f4xx_it.o
                0x0000000008002f92                HardFault_Handler
 .text.MemManage_Handler
                0x0000000008002f98        0x6 ./Core/Src/stm32f4xx_it.o
                0x0000000008002f98                MemManage_Handler
 .text.BusFault_Handler
                0x0000000008002f9e        0x6 ./Core/Src/stm32f4xx_it.o
                0x0000000008002f9e                BusFault_Handler
 .text.UsageFault_Handler
                0x0000000008002fa4        0x6 ./Core/Src/stm32f4xx_it.o
                0x0000000008002fa4                UsageFault_Handler
 .text.SVC_Handler
                0x0000000008002faa        0xe ./Core/Src/stm32f4xx_it.o
                0x0000000008002faa                SVC_Handler
 .text.DebugMon_Handler
                0x0000000008002fb8        0xe ./Core/Src/stm32f4xx_it.o
                0x0000000008002fb8                DebugMon_Handler
 .text.PendSV_Handler
                0x0000000008002fc6        0xe ./Core/Src/stm32f4xx_it.o
                0x0000000008002fc6                PendSV_Handler
 .text.SysTick_Handler
                0x0000000008002fd4        0xc ./Core/Src/stm32f4xx_it.o
                0x0000000008002fd4                SysTick_Handler
 .text._sbrk    0x0000000008002fe0       0x6c ./Core/Src/sysmem.o
                0x0000000008002fe0                _sbrk
 .text.SystemInit
                0x000000000800304c       0x24 ./Core/Src/system_stm32f4xx.o
                0x000000000800304c                SystemInit
 .text.SystemCoreClockUpdate
                0x0000000008003070      0x100 ./Core/Src/system_stm32f4xx.o
                0x0000000008003070                SystemCoreClockUpdate
 .text.Reset_Handler
                0x0000000008003170       0x50 ./Core/Startup/startup_stm32f407vgtx.o
                0x0000000008003170                Reset_Handler
 .text.Default_Handler
                0x00000000080031c0        0x2 ./Core/Startup/startup_stm32f407vgtx.o
                0x00000000080031c0                RTC_Alarm_IRQHandler
                0x00000000080031c0                HASH_RNG_IRQHandler
                0x00000000080031c0                EXTI2_IRQHandler
                0x00000000080031c0                TIM8_CC_IRQHandler
                0x00000000080031c0                TIM1_CC_IRQHandler
                0x00000000080031c0                DMA2_Stream5_IRQHandler
                0x00000000080031c0                DMA1_Stream5_IRQHandler
                0x00000000080031c0                PVD_IRQHandler
                0x00000000080031c0                SDIO_IRQHandler
                0x00000000080031c0                TAMP_STAMP_IRQHandler
                0x00000000080031c0                CAN2_RX1_IRQHandler
                0x00000000080031c0                EXTI3_IRQHandler
                0x00000000080031c0                TIM8_TRG_COM_TIM14_IRQHandler
                0x00000000080031c0                TIM1_UP_TIM10_IRQHandler
                0x00000000080031c0                TIM8_UP_TIM13_IRQHandler
                0x00000000080031c0                I2C3_ER_IRQHandler
                0x00000000080031c0                EXTI0_IRQHandler
                0x00000000080031c0                I2C2_EV_IRQHandler
                0x00000000080031c0                DMA1_Stream2_IRQHandler
                0x00000000080031c0                CAN1_RX0_IRQHandler
                0x00000000080031c0                FPU_IRQHandler
                0x00000000080031c0                OTG_HS_WKUP_IRQHandler
                0x00000000080031c0                CAN2_SCE_IRQHandler
                0x00000000080031c0                DMA2_Stream2_IRQHandler
                0x00000000080031c0                SPI1_IRQHandler
                0x00000000080031c0                TIM6_DAC_IRQHandler
                0x00000000080031c0                TIM1_BRK_TIM9_IRQHandler
                0x00000000080031c0                DCMI_IRQHandler
                0x00000000080031c0                CAN2_RX0_IRQHandler
                0x00000000080031c0                DMA2_Stream3_IRQHandler
                0x00000000080031c0                USART6_IRQHandler
                0x00000000080031c0                USART3_IRQHandler
                0x00000000080031c0                CAN1_RX1_IRQHandler
                0x00000000080031c0                UART5_IRQHandler
                0x00000000080031c0                DMA2_Stream0_IRQHandler
                0x00000000080031c0                TIM4_IRQHandler
                0x00000000080031c0                I2C1_EV_IRQHandler
                0x00000000080031c0                DMA1_Stream6_IRQHandler
                0x00000000080031c0                DMA1_Stream1_IRQHandler
                0x00000000080031c0                UART4_IRQHandler
                0x00000000080031c0                TIM3_IRQHandler
                0x00000000080031c0                RCC_IRQHandler
                0x00000000080031c0                TIM8_BRK_TIM12_IRQHandler
                0x00000000080031c0                Default_Handler
                0x00000000080031c0                EXTI15_10_IRQHandler
                0x00000000080031c0                ADC_IRQHandler
                0x00000000080031c0                TIM7_IRQHandler
                0x00000000080031c0                CAN2_TX_IRQHandler
                0x00000000080031c0                TIM5_IRQHandler
                0x00000000080031c0                DMA2_Stream7_IRQHandler
                0x00000000080031c0                I2C3_EV_IRQHandler
                0x00000000080031c0                EXTI9_5_IRQHandler
                0x00000000080031c0                RTC_WKUP_IRQHandler
                0x00000000080031c0                ETH_WKUP_IRQHandler
                0x00000000080031c0                SPI2_IRQHandler
                0x00000000080031c0                OTG_HS_EP1_IN_IRQHandler
                0x00000000080031c0                DMA1_Stream0_IRQHandler
                0x00000000080031c0                CAN1_TX_IRQHandler
                0x00000000080031c0                EXTI4_IRQHandler
                0x00000000080031c0                FSMC_IRQHandler
                0x00000000080031c0                ETH_IRQHandler
                0x00000000080031c0                OTG_HS_EP1_OUT_IRQHandler
                0x00000000080031c0                WWDG_IRQHandler
                0x00000000080031c0                TIM2_IRQHandler
                0x00000000080031c0                OTG_FS_WKUP_IRQHandler
                0x00000000080031c0                TIM1_TRG_COM_TIM11_IRQHandler
                0x00000000080031c0                OTG_HS_IRQHandler
                0x00000000080031c0                EXTI1_IRQHandler
                0x00000000080031c0                USART2_IRQHandler
                0x00000000080031c0                I2C2_ER_IRQHandler
                0x00000000080031c0                DMA2_Stream1_IRQHandler
                0x00000000080031c0                CAN1_SCE_IRQHandler
                0x00000000080031c0                FLASH_IRQHandler
                0x00000000080031c0                DMA2_Stream4_IRQHandler
                0x00000000080031c0                USART1_IRQHandler
                0x00000000080031c0                OTG_FS_IRQHandler
                0x00000000080031c0                SPI3_IRQHandler
                0x00000000080031c0                DMA1_Stream4_IRQHandler
                0x00000000080031c0                I2C1_ER_IRQHandler
                0x00000000080031c0                DMA2_Stream6_IRQHandler
                0x00000000080031c0                DMA1_Stream3_IRQHandler
 *fill*         0x00000000080031c2        0x2 
 .text.HAL_Init
                0x00000000080031c4       0x44 ./Drivers/STM32F4xx_HAL_Driver/Src/stm32f4xx_hal.o
                0x00000000080031c4                HAL_Init
 .text.HAL_InitTick
                0x0000000008003208       0x60 ./Drivers/STM32F4xx_HAL_Driver/Src/stm32f4xx_hal.o
                0x0000000008003208                HAL_InitTick
 .text.HAL_IncTick
                0x0000000008003268       0x28 ./Drivers/STM32F4xx_HAL_Driver/Src/stm32f4xx_hal.o
                0x0000000008003268                HAL_IncTick
 .text.HAL_GetTick
                0x0000000008003290       0x18 ./Drivers/STM32F4xx_HAL_Driver/Src/stm32f4xx_hal.o
                0x0000000008003290                HAL_GetTick
 .text.HAL_Delay
                0x00000000080032a8       0x48 ./Drivers/STM32F4xx_HAL_Driver/Src/stm32f4xx_hal.o
                0x00000000080032a8                HAL_Delay
 .text.HAL_ADC_Init
                0x00000000080032f0       0x86 ./Drivers/STM32F4xx_HAL_Driver/Src/stm32f4xx_hal_adc.o
                0x00000000080032f0                HAL_ADC_Init
 *fill*         0x0000000008003376        0x2 
 .text.HAL_ADC_Start
                0x0000000008003378      0x1a4 ./Drivers/STM32F4xx_HAL_Driver/Src/stm32f4xx_hal_adc.o
                0x0000000008003378                HAL_ADC_Start
 .text.HAL_ADC_PollForConversion
                0x000000000800351c      0x116 ./Drivers/STM32F4xx_HAL_Driver/Src/stm32f4xx_hal_adc.o
                0x000000000800351c                HAL_ADC_PollForConversion
 .text.HAL_ADC_GetValue
                0x0000000008003632       0x1a ./Drivers/STM32F4xx_HAL_Driver/Src/stm32f4xx_hal_adc.o
                0x0000000008003632                HAL_ADC_GetValue
 .text.HAL_ADC_ConfigChannel
                0x000000000800364c      0x244 ./Drivers/STM32F4xx_HAL_Driver/Src/stm32f4xx_hal_adc.o
                0x000000000800364c                HAL_ADC_ConfigChannel
 .text.ADC_Init
                0x0000000008003890      0x1f8 ./Drivers/STM32F4xx_HAL_Driver/Src/stm32f4xx_hal_adc.o
 .text.__NVIC_SetPriorityGrouping
                0x0000000008003a88       0x48 ./Drivers/STM32F4xx_HAL_Driver/Src/stm32f4xx_hal_cortex.o
 .text.__NVIC_GetPriorityGrouping
                0x0000000008003ad0       0x1c ./Drivers/STM32F4xx_HAL_Driver/Src/stm32f4xx_hal_cortex.o
 .text.__NVIC_SetPriority
                0x0000000008003aec       0x54 ./Drivers/STM32F4xx_HAL_Driver/Src/stm32f4xx_hal_cortex.o
 .text.NVIC_EncodePriority
                0x0000000008003b40       0x66 ./Drivers/STM32F4xx_HAL_Driver/Src/stm32f4xx_hal_cortex.o
 *fill*         0x0000000008003ba6        0x2 
 .text.SysTick_Config
                0x0000000008003ba8       0x44 ./Drivers/STM32F4xx_HAL_Driver/Src/stm32f4xx_hal_cortex.o
 .text.HAL_NVIC_SetPriorityGrouping
                0x0000000008003bec       0x16 ./Drivers/STM32F4xx_HAL_Driver/Src/stm32f4xx_hal_cortex.o
                0x0000000008003bec                HAL_NVIC_SetPriorityGrouping
 .text.HAL_NVIC_SetPriority
                0x0000000008003c02       0x38 ./Drivers/STM32F4xx_HAL_Driver/Src/stm32f4xx_hal_cortex.o
                0x0000000008003c02                HAL_NVIC_SetPriority
 .text.HAL_SYSTICK_Config
                0x0000000008003c3a       0x18 ./Drivers/STM32F4xx_HAL_Driver/Src/stm32f4xx_hal_cortex.o
                0x0000000008003c3a                HAL_SYSTICK_Config
 *fill*         0x0000000008003c52        0x2 
 .text.HAL_GPIO_Init
                0x0000000008003c54      0x338 ./Drivers/STM32F4xx_HAL_Driver/Src/stm32f4xx_hal_gpio.o
                0x0000000008003c54                HAL_GPIO_Init
 .text.HAL_GPIO_WritePin
                0x0000000008003f8c       0x32 ./Drivers/STM32F4xx_HAL_Driver/Src/stm32f4xx_hal_gpio.o
                0x0000000008003f8c                HAL_GPIO_WritePin
 *fill*         0x0000000008003fbe        0x2 
 .text.HAL_RCC_OscConfig
                0x0000000008003fc0      0x4f0 ./Drivers/STM32F4xx_HAL_Driver/Src/stm32f4xx_hal_rcc.o
                0x0000000008003fc0                HAL_RCC_OscConfig
 .text.HAL_RCC_ClockConfig
                0x00000000080044b0      0x1cc ./Drivers/STM32F4xx_HAL_Driver/Src/stm32f4xx_hal_rcc.o
                0x00000000080044b0                HAL_RCC_ClockConfig
 .text.HAL_RCC_GetSysClockFreq
                0x000000000800467c      0x16c ./Drivers/STM32F4xx_HAL_Driver/Src/stm32f4xx_hal_rcc.o
                0x000000000800467c                HAL_RCC_GetSysClockFreq
 .text.HAL_RCC_GetHCLKFreq
                0x00000000080047e8       0x18 ./Drivers/STM32F4xx_HAL_Driver/Src/stm32f4xx_hal_rcc.o
                0x00000000080047e8                HAL_RCC_GetHCLKFreq
 .text.HAL_RCC_GetPCLK1Freq
                0x0000000008004800       0x28 ./Drivers/STM32F4xx_HAL_Driver/Src/stm32f4xx_hal_rcc.o
                0x0000000008004800                HAL_RCC_GetPCLK1Freq
 .text.HAL_RCC_GetPCLK2Freq
                0x0000000008004828       0x28 ./Drivers/STM32F4xx_HAL_Driver/Src/stm32f4xx_hal_rcc.o
                0x0000000008004828                HAL_RCC_GetPCLK2Freq
 .text.HAL_UART_Init
                0x0000000008004850       0x9a ./Drivers/STM32F4xx_HAL_Driver/Src/stm32f4xx_hal_uart.o
                0x0000000008004850                HAL_UART_Init
 .text.HAL_UART_Transmit
                0x00000000080048ea      0x124 ./Drivers/STM32F4xx_HAL_Driver/Src/stm32f4xx_hal_uart.o
                0x00000000080048ea                HAL_UART_Transmit
 .text.UART_WaitOnFlagUntilTimeout
                0x0000000008004a0e       0xdc ./Drivers/STM32F4xx_HAL_Driver/Src/stm32f4xx_hal_uart.o
 *fill*         0x0000000008004aea        0x2 
 .text.UART_SetConfig
                0x0000000008004aec      0x390 ./Drivers/STM32F4xx_HAL_Driver/Src/stm32f4xx_hal_uart.o
 .text.__errno  0x0000000008004e7c        0xc c:/st/stm32cubeide_1.8.0/stm32cubeide/plugins/com.st.stm32cube.ide.mcu.externaltools.gnu-tools-for-stm32.9-2020-q2-update.win32_2.0.0.202105311346/tools/bin/../lib/gcc/arm-none-eabi/9.3.1/../../../../arm-none-eabi/lib/thumb/v7e-m+fp/hard\libc_nano.a(lib_a-errno.o)
                0x0000000008004e7c                __errno
 .text.__libc_init_array
                0x0000000008004e88       0x48 c:/st/stm32cubeide_1.8.0/stm32cubeide/plugins/com.st.stm32cube.ide.mcu.externaltools.gnu-tools-for-stm32.9-2020-q2-update.win32_2.0.0.202105311346/tools/bin/../lib/gcc/arm-none-eabi/9.3.1/../../../../arm-none-eabi/lib/thumb/v7e-m+fp/hard\libc_nano.a(lib_a-init.o)
                0x0000000008004e88                __libc_init_array
 .text.memset   0x0000000008004ed0       0x10 c:/st/stm32cubeide_1.8.0/stm32cubeide/plugins/com.st.stm32cube.ide.mcu.externaltools.gnu-tools-for-stm32.9-2020-q2-update.win32_2.0.0.202105311346/tools/bin/../lib/gcc/arm-none-eabi/9.3.1/../../../../arm-none-eabi/lib/thumb/v7e-m+fp/hard\libc_nano.a(lib_a-memset.o)
                0x0000000008004ed0                memset
 .text.sprintf  0x0000000008004ee0       0x40 c:/st/stm32cubeide_1.8.0/stm32cubeide/plugins/com.st.stm32cube.ide.mcu.externaltools.gnu-tools-for-stm32.9-2020-q2-update.win32_2.0.0.202105311346/tools/bin/../lib/gcc/arm-none-eabi/9.3.1/../../../../arm-none-eabi/lib/thumb/v7e-m+fp/hard\libc_nano.a(lib_a-sprintf.o)
                0x0000000008004ee0                siprintf
                0x0000000008004ee0                sprintf
 .text.__ssputs_r
                0x0000000008004f20       0xb6 c:/st/stm32cubeide_1.8.0/stm32cubeide/plugins/com.st.stm32cube.ide.mcu.externaltools.gnu-tools-for-stm32.9-2020-q2-update.win32_2.0.0.202105311346/tools/bin/../lib/gcc/arm-none-eabi/9.3.1/../../../../arm-none-eabi/lib/thumb/v7e-m+fp/hard\libc_nano.a(lib_a-nano-svfprintf.o)
                0x0000000008004f20                __ssputs_r
 *fill*         0x0000000008004fd6        0x2 
 .text._svfprintf_r
                0x0000000008004fd8      0x200 c:/st/stm32cubeide_1.8.0/stm32cubeide/plugins/com.st.stm32cube.ide.mcu.externaltools.gnu-tools-for-stm32.9-2020-q2-update.win32_2.0.0.202105311346/tools/bin/../lib/gcc/arm-none-eabi/9.3.1/../../../../arm-none-eabi/lib/thumb/v7e-m+fp/hard\libc_nano.a(lib_a-nano-svfprintf.o)
                0x0000000008004fd8                _svfiprintf_r
                0x0000000008004fd8                _svfprintf_r
 .text._printf_common
                0x00000000080051d8       0xda c:/st/stm32cubeide_1.8.0/stm32cubeide/plugins/com.st.stm32cube.ide.mcu.externaltools.gnu-tools-for-stm32.9-2020-q2-update.win32_2.0.0.202105311346/tools/bin/../lib/gcc/arm-none-eabi/9.3.1/../../../../arm-none-eabi/lib/thumb/v7e-m+fp/hard\libc_nano.a(lib_a-nano-vfprintf_i.o)
                0x00000000080051d8                _printf_common
 *fill*         0x00000000080052b2        0x2 
 .text._printf_i
                0x00000000080052b4      0x24c c:/st/stm32cubeide_1.8.0/stm32cubeide/plugins/com.st.stm32cube.ide.mcu.externaltools.gnu-tools-for-stm32.9-2020-q2-update.win32_2.0.0.202105311346/tools/bin/../lib/gcc/arm-none-eabi/9.3.1/../../../../arm-none-eabi/lib/thumb/v7e-m+fp/hard\libc_nano.a(lib_a-nano-vfprintf_i.o)
                0x00000000080052b4                _printf_i
 .text.memcpy   0x0000000008005500       0x1c c:/st/stm32cubeide_1.8.0/stm32cubeide/plugins/com.st.stm32cube.ide.mcu.externaltools.gnu-tools-for-stm32.9-2020-q2-update.win32_2.0.0.202105311346/tools/bin/../lib/gcc/arm-none-eabi/9.3.1/../../../../arm-none-eabi/lib/thumb/v7e-m+fp/hard\libc_nano.a(lib_a-memcpy-stub.o)
                0x0000000008005500                memcpy
 .text.memmove  0x000000000800551c       0x34 c:/st/stm32cubeide_1.8.0/stm32cubeide/plugins/com.st.stm32cube.ide.mcu.externaltools.gnu-tools-for-stm32.9-2020-q2-update.win32_2.0.0.202105311346/tools/bin/../lib/gcc/arm-none-eabi/9.3.1/../../../../arm-none-eabi/lib/thumb/v7e-m+fp/hard\libc_nano.a(lib_a-memmove.o)
                0x000000000800551c                memmove
 .text._free_r  0x0000000008005550       0xa0 c:/st/stm32cubeide_1.8.0/stm32cubeide/plugins/com.st.stm32cube.ide.mcu.externaltools.gnu-tools-for-stm32.9-2020-q2-update.win32_2.0.0.202105311346/tools/bin/../lib/gcc/arm-none-eabi/9.3.1/../../../../arm-none-eabi/lib/thumb/v7e-m+fp/hard\libc_nano.a(lib_a-nano-freer.o)
                0x0000000008005550                _free_r
 .text._malloc_r
                0x00000000080055f0       0xb4 c:/st/stm32cubeide_1.8.0/stm32cubeide/plugins/com.st.stm32cube.ide.mcu.externaltools.gnu-tools-for-stm32.9-2020-q2-update.win32_2.0.0.202105311346/tools/bin/../lib/gcc/arm-none-eabi/9.3.1/../../../../arm-none-eabi/lib/thumb/v7e-m+fp/hard\libc_nano.a(lib_a-nano-mallocr.o)
                0x00000000080055f0                _malloc_r
 .text._realloc_r
                0x00000000080056a4       0x4c c:/st/stm32cubeide_1.8.0/stm32cubeide/plugins/com.st.stm32cube.ide.mcu.externaltools.gnu-tools-for-stm32.9-2020-q2-update.win32_2.0.0.202105311346/tools/bin/../lib/gcc/arm-none-eabi/9.3.1/../../../../arm-none-eabi/lib/thumb/v7e-m+fp/hard\libc_nano.a(lib_a-nano-reallocr.o)
                0x00000000080056a4                _realloc_r
 .text._sbrk_r  0x00000000080056f0       0x20 c:/st/stm32cubeide_1.8.0/stm32cubeide/plugins/com.st.stm32cube.ide.mcu.externaltools.gnu-tools-for-stm32.9-2020-q2-update.win32_2.0.0.202105311346/tools/bin/../lib/gcc/arm-none-eabi/9.3.1/../../../../arm-none-eabi/lib/thumb/v7e-m+fp/hard\libc_nano.a(lib_a-sbrkr.o)
                0x00000000080056f0                _sbrk_r
 .text.__malloc_lock
                0x0000000008005710        0xc c:/st/stm32cubeide_1.8.0/stm32cubeide/plugins/com.st.stm32cube.ide.mcu.externaltools.gnu-tools-for-stm32.9-2020-q2-update.win32_2.0.0.202105311346/tools/bin/../lib/gcc/arm-none-eabi/9.3.1/../../../../arm-none-eabi/lib/thumb/v7e-m+fp/hard\libc_nano.a(lib_a-mlock.o)
                0x0000000008005710                __malloc_lock
 .text.__malloc_unlock
                0x000000000800571c        0xc c:/st/stm32cubeide_1.8.0/stm32cubeide/plugins/com.st.stm32cube.ide.mcu.externaltools.gnu-tools-for-stm32.9-2020-q2-update.win32_2.0.0.202105311346/tools/bin/../lib/gcc/arm-none-eabi/9.3.1/../../../../arm-none-eabi/lib/thumb/v7e-m+fp/hard\libc_nano.a(lib_a-mlock.o)
                0x000000000800571c                __malloc_unlock
 .text._malloc_usable_size_r
                0x0000000008005728       0x10 c:/st/stm32cubeide_1.8.0/stm32cubeide/plugins/com.st.stm32cube.ide.mcu.externaltools.gnu-tools-for-stm32.9-2020-q2-update.win32_2.0.0.202105311346/tools/bin/../lib/gcc/arm-none-eabi/9.3.1/../../../../arm-none-eabi/lib/thumb/v7e-m+fp/hard\libc_nano.a(lib_a-nano-msizer.o)
                0x0000000008005728                _malloc_usable_size_r
 .text.__retarget_lock_acquire_recursive
                0x0000000008005738        0x2 c:/st/stm32cubeide_1.8.0/stm32cubeide/plugins/com.st.stm32cube.ide.mcu.externaltools.gnu-tools-for-stm32.9-2020-q2-update.win32_2.0.0.202105311346/tools/bin/../lib/gcc/arm-none-eabi/9.3.1/../../../../arm-none-eabi/lib/thumb/v7e-m+fp/hard\libc_nano.a(lib_a-lock.o)
                0x0000000008005738                __retarget_lock_acquire_recursive
 .text.__retarget_lock_release_recursive
                0x000000000800573a        0x2 c:/st/stm32cubeide_1.8.0/stm32cubeide/plugins/com.st.stm32cube.ide.mcu.externaltools.gnu-tools-for-stm32.9-2020-q2-update.win32_2.0.0.202105311346/tools/bin/../lib/gcc/arm-none-eabi/9.3.1/../../../../arm-none-eabi/lib/thumb/v7e-m+fp/hard\libc_nano.a(lib_a-lock.o)
                0x000000000800573a                __retarget_lock_release_recursive
 *fill*         0x000000000800573c        0x4 
 .text.sin      0x0000000008005740       0xa8 c:/st/stm32cubeide_1.8.0/stm32cubeide/plugins/com.st.stm32cube.ide.mcu.externaltools.gnu-tools-for-stm32.9-2020-q2-update.win32_2.0.0.202105311346/tools/bin/../lib/gcc/arm-none-eabi/9.3.1/../../../../arm-none-eabi/lib/thumb/v7e-m+fp/hard\libm.a(lib_a-s_sin.o)
                0x0000000008005740                sin
 .text.__ieee754_rem_pio2
                0x00000000080057e8      0x414 c:/st/stm32cubeide_1.8.0/stm32cubeide/plugins/com.st.stm32cube.ide.mcu.externaltools.gnu-tools-for-stm32.9-2020-q2-update.win32_2.0.0.202105311346/tools/bin/../lib/gcc/arm-none-eabi/9.3.1/../../../../arm-none-eabi/lib/thumb/v7e-m+fp/hard\libm.a(lib_a-e_rem_pio2.o)
                0x00000000080057e8                __ieee754_rem_pio2
 *fill*         0x0000000008005bfc        0x4 
 .text.__kernel_cos
                0x0000000008005c00      0x18c c:/st/stm32cubeide_1.8.0/stm32cubeide/plugins/com.st.stm32cube.ide.mcu.externaltools.gnu-tools-for-stm32.9-2020-q2-update.win32_2.0.0.202105311346/tools/bin/../lib/gcc/arm-none-eabi/9.3.1/../../../../arm-none-eabi/lib/thumb/v7e-m+fp/hard\libm.a(lib_a-k_cos.o)
                0x0000000008005c00                __kernel_cos
 *fill*         0x0000000008005d8c        0x4 
 .text.__kernel_rem_pio2
                0x0000000008005d90      0x680 c:/st/stm32cubeide_1.8.0/stm32cubeide/plugins/com.st.stm32cube.ide.mcu.externaltools.gnu-tools-for-stm32.9-2020-q2-update.win32_2.0.0.202105311346/tools/bin/../lib/gcc/arm-none-eabi/9.3.1/../../../../arm-none-eabi/lib/thumb/v7e-m+fp/hard\libm.a(lib_a-k_rem_pio2.o)
                0x0000000008005d90                __kernel_rem_pio2
 .text.__kernel_sin
                0x0000000008006410      0x17c c:/st/stm32cubeide_1.8.0/stm32cubeide/plugins/com.st.stm32cube.ide.mcu.externaltools.gnu-tools-for-stm32.9-2020-q2-update.win32_2.0.0.202105311346/tools/bin/../lib/gcc/arm-none-eabi/9.3.1/../../../../arm-none-eabi/lib/thumb/v7e-m+fp/hard\libm.a(lib_a-k_sin.o)
                0x0000000008006410                __kernel_sin
 .text.fabs     0x000000000800658c       0x12 c:/st/stm32cubeide_1.8.0/stm32cubeide/plugins/com.st.stm32cube.ide.mcu.externaltools.gnu-tools-for-stm32.9-2020-q2-update.win32_2.0.0.202105311346/tools/bin/../lib/gcc/arm-none-eabi/9.3.1/../../../../arm-none-eabi/lib/thumb/v7e-m+fp/hard\libm.a(lib_a-s_fabs.o)
                0x000000000800658c                fabs
 *fill*         0x000000000800659e        0x2 
 .text.floor    0x00000000080065a0      0x100 c:/st/stm32cubeide_1.8.0/stm32cubeide/plugins/com.st.stm32cube.ide.mcu.externaltools.gnu-tools-for-stm32.9-2020-q2-update.win32_2.0.0.202105311346/tools/bin/../lib/gcc/arm-none-eabi/9.3.1/../../../../arm-none-eabi/lib/thumb/v7e-m+fp/hard\libm.a(lib_a-s_floor.o)
                0x00000000080065a0                floor
 .text.scalbn   0x00000000080066a0      0x10c c:/st/stm32cubeide_1.8.0/stm32cubeide/plugins/com.st.stm32cube.ide.mcu.externaltools.gnu-tools-for-stm32.9-2020-q2-update.win32_2.0.0.202105311346/tools/bin/../lib/gcc/arm-none-eabi/9.3.1/../../../../arm-none-eabi/lib/thumb/v7e-m+fp/hard\libm.a(lib_a-s_scalbn.o)
                0x00000000080066a0                scalbn
 *(.glue_7)
 .glue_7        0x00000000080067ac        0x0 linker stubs
 *(.glue_7t)
 .glue_7t       0x00000000080067ac        0x0 linker stubs
 *(.eh_frame)
 .eh_frame      0x00000000080067ac        0x0 c:/st/stm32cubeide_1.8.0/stm32cubeide/plugins/com.st.stm32cube.ide.mcu.externaltools.gnu-tools-for-stm32.9-2020-q2-update.win32_2.0.0.202105311346/tools/bin/../lib/gcc/arm-none-eabi/9.3.1/thumb/v7e-m+fp/hard/crtbegin.o
 *(.init)
 .init          0x00000000080067ac        0x4 c:/st/stm32cubeide_1.8.0/stm32cubeide/plugins/com.st.stm32cube.ide.mcu.externaltools.gnu-tools-for-stm32.9-2020-q2-update.win32_2.0.0.202105311346/tools/bin/../lib/gcc/arm-none-eabi/9.3.1/thumb/v7e-m+fp/hard/crti.o
                0x00000000080067ac                _init
 .init          0x00000000080067b0        0x8 c:/st/stm32cubeide_1.8.0/stm32cubeide/plugins/com.st.stm32cube.ide.mcu.externaltools.gnu-tools-for-stm32.9-2020-q2-update.win32_2.0.0.202105311346/tools/bin/../lib/gcc/arm-none-eabi/9.3.1/thumb/v7e-m+fp/hard/crtn.o
 *(.fini)
 .fini          0x00000000080067b8        0x4 c:/st/stm32cubeide_1.8.0/stm32cubeide/plugins/com.st.stm32cube.ide.mcu.externaltools.gnu-tools-for-stm32.9-2020-q2-update.win32_2.0.0.202105311346/tools/bin/../lib/gcc/arm-none-eabi/9.3.1/thumb/v7e-m+fp/hard/crti.o
                0x00000000080067b8                _fini
 .fini          0x00000000080067bc        0x8 c:/st/stm32cubeide_1.8.0/stm32cubeide/plugins/com.st.stm32cube.ide.mcu.externaltools.gnu-tools-for-stm32.9-2020-q2-update.win32_2.0.0.202105311346/tools/bin/../lib/gcc/arm-none-eabi/9.3.1/thumb/v7e-m+fp/hard/crtn.o
                0x00000000080067c4                . = ALIGN (0x4)
                0x00000000080067c4                _etext = .

.vfp11_veneer   0x00000000080067c4        0x0
 .vfp11_veneer  0x00000000080067c4        0x0 linker stubs

.v4_bx          0x00000000080067c4        0x0
 .v4_bx         0x00000000080067c4        0x0 linker stubs

.iplt           0x00000000080067c4        0x0
 .iplt          0x00000000080067c4        0x0 c:/st/stm32cubeide_1.8.0/stm32cubeide/plugins/com.st.stm32cube.ide.mcu.externaltools.gnu-tools-for-stm32.9-2020-q2-update.win32_2.0.0.202105311346/tools/bin/../lib/gcc/arm-none-eabi/9.3.1/thumb/v7e-m+fp/hard/crtbegin.o

.rodata         0x00000000080067c8      0x2b0
                0x00000000080067c8                . = ALIGN (0x4)
 *(.rodata)
 .rodata        0x00000000080067c8       0x20 ./Core/Src/Audio_Drivers.o
 .rodata        0x00000000080067e8        0x6 ./Core/Src/main.o
 *(.rodata*)
 *fill*         0x00000000080067ee        0x2 
 .rodata.myI2SFreq
                0x00000000080067f0       0x20 ./Core/Src/Audio_Drivers.o
                0x00000000080067f0                myI2SFreq
 .rodata.myI2SPLLN
                0x0000000008006810       0x20 ./Core/Src/Audio_Drivers.o
                0x0000000008006810                myI2SPLLN
 .rodata.myI2SPLLR
                0x0000000008006830       0x20 ./Core/Src/Audio_Drivers.o
                0x0000000008006830                myI2SPLLR
 .rodata.AHBPrescTable
                0x0000000008006850       0x10 ./Core/Src/system_stm32f4xx.o
                0x0000000008006850                AHBPrescTable
 .rodata.APBPrescTable
                0x0000000008006860        0x8 ./Core/Src/system_stm32f4xx.o
                0x0000000008006860                APBPrescTable
 .rodata._svfprintf_r.str1.1
                0x0000000008006868       0x11 c:/st/stm32cubeide_1.8.0/stm32cubeide/plugins/com.st.stm32cube.ide.mcu.externaltools.gnu-tools-for-stm32.9-2020-q2-update.win32_2.0.0.202105311346/tools/bin/../lib/gcc/arm-none-eabi/9.3.1/../../../../arm-none-eabi/lib/thumb/v7e-m+fp/hard\libc_nano.a(lib_a-nano-svfprintf.o)
 .rodata._printf_i.str1.1
                0x0000000008006879       0x22 c:/st/stm32cubeide_1.8.0/stm32cubeide/plugins/com.st.stm32cube.ide.mcu.externaltools.gnu-tools-for-stm32.9-2020-q2-update.win32_2.0.0.202105311346/tools/bin/../lib/gcc/arm-none-eabi/9.3.1/../../../../arm-none-eabi/lib/thumb/v7e-m+fp/hard\libc_nano.a(lib_a-nano-vfprintf_i.o)
 *fill*         0x000000000800689b        0x1 
 .rodata.npio2_hw
                0x000000000800689c       0x80 c:/st/stm32cubeide_1.8.0/stm32cubeide/plugins/com.st.stm32cube.ide.mcu.externaltools.gnu-tools-for-stm32.9-2020-q2-update.win32_2.0.0.202105311346/tools/bin/../lib/gcc/arm-none-eabi/9.3.1/../../../../arm-none-eabi/lib/thumb/v7e-m+fp/hard\libm.a(lib_a-e_rem_pio2.o)
 .rodata.two_over_pi
                0x000000000800691c      0x108 c:/st/stm32cubeide_1.8.0/stm32cubeide/plugins/com.st.stm32cube.ide.mcu.externaltools.gnu-tools-for-stm32.9-2020-q2-update.win32_2.0.0.202105311346/tools/bin/../lib/gcc/arm-none-eabi/9.3.1/../../../../arm-none-eabi/lib/thumb/v7e-m+fp/hard\libm.a(lib_a-e_rem_pio2.o)
 *fill*         0x0000000008006a24        0x4 
 .rodata.PIo2   0x0000000008006a28       0x40 c:/st/stm32cubeide_1.8.0/stm32cubeide/plugins/com.st.stm32cube.ide.mcu.externaltools.gnu-tools-for-stm32.9-2020-q2-update.win32_2.0.0.202105311346/tools/bin/../lib/gcc/arm-none-eabi/9.3.1/../../../../arm-none-eabi/lib/thumb/v7e-m+fp/hard\libm.a(lib_a-k_rem_pio2.o)
 .rodata.init_jk
                0x0000000008006a68       0x10 c:/st/stm32cubeide_1.8.0/stm32cubeide/plugins/com.st.stm32cube.ide.mcu.externaltools.gnu-tools-for-stm32.9-2020-q2-update.win32_2.0.0.202105311346/tools/bin/../lib/gcc/arm-none-eabi/9.3.1/../../../../arm-none-eabi/lib/thumb/v7e-m+fp/hard\libm.a(lib_a-k_rem_pio2.o)
                0x0000000008006a78                . = ALIGN (0x4)

.ARM.extab      0x0000000008006a78        0x0
                0x0000000008006a78                . = ALIGN (0x4)
 *(.ARM.extab* .gnu.linkonce.armextab.*)
                0x0000000008006a78                . = ALIGN (0x4)

.ARM            0x0000000008006a78        0x8
                0x0000000008006a78                . = ALIGN (0x4)
                0x0000000008006a78                __exidx_start = .
 *(.ARM.exidx*)
 .ARM.exidx     0x0000000008006a78        0x8 c:/st/stm32cubeide_1.8.0/stm32cubeide/plugins/com.st.stm32cube.ide.mcu.externaltools.gnu-tools-for-stm32.9-2020-q2-update.win32_2.0.0.202105311346/tools/bin/../lib/gcc/arm-none-eabi/9.3.1/thumb/v7e-m+fp/hard\libgcc.a(_udivmoddi4.o)
                0x0000000008006a80                __exidx_end = .
                0x0000000008006a80                . = ALIGN (0x4)

.rel.dyn        0x0000000008006a80        0x0
 .rel.iplt      0x0000000008006a80        0x0 c:/st/stm32cubeide_1.8.0/stm32cubeide/plugins/com.st.stm32cube.ide.mcu.externaltools.gnu-tools-for-stm32.9-2020-q2-update.win32_2.0.0.202105311346/tools/bin/../lib/gcc/arm-none-eabi/9.3.1/thumb/v7e-m+fp/hard/crtbegin.o

.preinit_array  0x0000000008006a80        0x0
                0x0000000008006a80                . = ALIGN (0x4)
                0x0000000008006a80                PROVIDE (__preinit_array_start = .)
 *(.preinit_array*)
                0x0000000008006a80                PROVIDE (__preinit_array_end = .)
                0x0000000008006a80                . = ALIGN (0x4)

.init_array     0x0000000008006a80        0x4
                0x0000000008006a80                . = ALIGN (0x4)
                0x0000000008006a80                PROVIDE (__init_array_start = .)
 *(SORT_BY_NAME(.init_array.*))
 *(.init_array*)
 .init_array    0x0000000008006a80        0x4 c:/st/stm32cubeide_1.8.0/stm32cubeide/plugins/com.st.stm32cube.ide.mcu.externaltools.gnu-tools-for-stm32.9-2020-q2-update.win32_2.0.0.202105311346/tools/bin/../lib/gcc/arm-none-eabi/9.3.1/thumb/v7e-m+fp/hard/crtbegin.o
                0x0000000008006a84                PROVIDE (__init_array_end = .)
                0x0000000008006a84                . = ALIGN (0x4)

.fini_array     0x0000000008006a84        0x4
                0x0000000008006a84                . = ALIGN (0x4)
                [!provide]                        PROVIDE (__fini_array_start = .)
 *(SORT_BY_NAME(.fini_array.*))
 *(.fini_array*)
 .fini_array    0x0000000008006a84        0x4 c:/st/stm32cubeide_1.8.0/stm32cubeide/plugins/com.st.stm32cube.ide.mcu.externaltools.gnu-tools-for-stm32.9-2020-q2-update.win32_2.0.0.202105311346/tools/bin/../lib/gcc/arm-none-eabi/9.3.1/thumb/v7e-m+fp/hard/crtbegin.o
                [!provide]                        PROVIDE (__fini_array_end = .)
                0x0000000008006a88                . = ALIGN (0x4)
                0x0000000008006a88                _sidata = LOADADDR (.data)

.data           0x0000000020000000       0x84 load address 0x0000000008006a88
                0x0000000020000000                . = ALIGN (0x4)
                0x0000000020000000                _sdata = .
 *(.data)
 *(.data*)
 .data.audioI2SStatus
                0x0000000020000000        0x1 ./Core/Src/Audio_Drivers.o
                0x0000000020000000                audioI2SStatus
 .data.audioDMAStatus
                0x0000000020000001        0x1 ./Core/Src/Audio_Drivers.o
                0x0000000020000001                audioDMAStatus
 .data.audioI2CStatus
                0x0000000020000002        0x1 ./Core/Src/Audio_Drivers.o
                0x0000000020000002                audioI2CStatus
 .data.audioDACStatus
                0x0000000020000003        0x1 ./Core/Src/Audio_Drivers.o
                0x0000000020000003                audioDACStatus
 .data.AudioI2C
                0x0000000020000004        0x4 ./Core/Src/Audio_Drivers.o
                0x0000000020000004                AudioI2C
 .data.AudioI2S
                0x0000000020000008        0x4 ./Core/Src/Audio_Drivers.o
                0x0000000020000008                AudioI2S
 .data.audioTimer
                0x000000002000000c        0x4 ./Core/Src/Audio_Drivers.o
 .data.Is_cs43l22_Stop
                0x0000000020000010        0x1 ./Core/Src/cs43l22.o
 *fill*         0x0000000020000011        0x3 
 .data.SystemCoreClock
                0x0000000020000014        0x4 ./Core/Src/system_stm32f4xx.o
                0x0000000020000014                SystemCoreClock
 .data.uwTickPrio
                0x0000000020000018        0x4 ./Drivers/STM32F4xx_HAL_Driver/Src/stm32f4xx_hal.o
                0x0000000020000018                uwTickPrio
 .data.uwTickFreq
                0x000000002000001c        0x1 ./Drivers/STM32F4xx_HAL_Driver/Src/stm32f4xx_hal.o
                0x000000002000001c                uwTickFreq
 *fill*         0x000000002000001d        0x3 
 .data._impure_ptr
                0x0000000020000020        0x4 c:/st/stm32cubeide_1.8.0/stm32cubeide/plugins/com.st.stm32cube.ide.mcu.externaltools.gnu-tools-for-stm32.9-2020-q2-update.win32_2.0.0.202105311346/tools/bin/../lib/gcc/arm-none-eabi/9.3.1/../../../../arm-none-eabi/lib/thumb/v7e-m+fp/hard\libc_nano.a(lib_a-impure.o)
                0x0000000020000020                _impure_ptr
 .data.impure_data
                0x0000000020000024       0x60 c:/st/stm32cubeide_1.8.0/stm32cubeide/plugins/com.st.stm32cube.ide.mcu.externaltools.gnu-tools-for-stm32.9-2020-q2-update.win32_2.0.0.202105311346/tools/bin/../lib/gcc/arm-none-eabi/9.3.1/../../../../arm-none-eabi/lib/thumb/v7e-m+fp/hard\libc_nano.a(lib_a-impure.o)
 *(.RamFunc)
 *(.RamFunc*)
                0x0000000020000084                . = ALIGN (0x4)
                0x0000000020000084                _edata = .
                0x0000000008006b0c                _siccmram = LOADADDR (.ccmram)

.igot.plt       0x0000000020000084        0x0 load address 0x0000000008006b0c
 .igot.plt      0x0000000020000084        0x0 c:/st/stm32cubeide_1.8.0/stm32cubeide/plugins/com.st.stm32cube.ide.mcu.externaltools.gnu-tools-for-stm32.9-2020-q2-update.win32_2.0.0.202105311346/tools/bin/../lib/gcc/arm-none-eabi/9.3.1/thumb/v7e-m+fp/hard/crtbegin.o

.ccmram         0x0000000010000000        0x0 load address 0x0000000008006b0c
                0x0000000010000000                . = ALIGN (0x4)
                0x0000000010000000                _sccmram = .
 *(.ccmram)
 *(.ccmram*)
                0x0000000010000000                . = ALIGN (0x4)
                0x0000000010000000                _eccmram = .
                0x0000000010000000                . = ALIGN (0x4)

.bss            0x0000000020000084     0x28cc
                0x0000000020000084                _sbss = .
                0x0000000020000084                __bss_start__ = _sbss
 *(.bss)
 .bss           0x0000000020000084       0x1c c:/st/stm32cubeide_1.8.0/stm32cubeide/plugins/com.st.stm32cube.ide.mcu.externaltools.gnu-tools-for-stm32.9-2020-q2-update.win32_2.0.0.202105311346/tools/bin/../lib/gcc/arm-none-eabi/9.3.1/thumb/v7e-m+fp/hard/crtbegin.o
 *(.bss*)
 .bss.OutputDev
                0x00000000200000a0        0x1 ./Core/Src/cs43l22.o
                0x00000000200000a0                OutputDev
 .bss.bufferStatus
                0x00000000200000a1        0x1 ./Core/Src/sineWave.o
                0x00000000200000a1                bufferStatus
 *fill*         0x00000000200000a2        0x2 
 .bss.__sbrk_heap_end
                0x00000000200000a4        0x4 ./Core/Src/sysmem.o
 .bss.__malloc_free_list
                0x00000000200000a8        0x4 c:/st/stm32cubeide_1.8.0/stm32cubeide/plugins/com.st.stm32cube.ide.mcu.externaltools.gnu-tools-for-stm32.9-2020-q2-update.win32_2.0.0.202105311346/tools/bin/../lib/gcc/arm-none-eabi/9.3.1/../../../../arm-none-eabi/lib/thumb/v7e-m+fp/hard\libc_nano.a(lib_a-nano-mallocr.o)
                0x00000000200000a8                __malloc_free_list
 .bss.__malloc_sbrk_start
                0x00000000200000ac        0x4 c:/st/stm32cubeide_1.8.0/stm32cubeide/plugins/com.st.stm32cube.ide.mcu.externaltools.gnu-tools-for-stm32.9-2020-q2-update.win32_2.0.0.202105311346/tools/bin/../lib/gcc/arm-none-eabi/9.3.1/../../../../arm-none-eabi/lib/thumb/v7e-m+fp/hard\libc_nano.a(lib_a-nano-mallocr.o)
                0x00000000200000ac                __malloc_sbrk_start
 *(COMMON)
 COMMON         0x00000000200000b0       0x8c ./Core/Src/main.o
                0x00000000200000b0                hadc1
                0x00000000200000f8                huart2
 COMMON         0x000000002000013c     0x2800 ./Core/Src/sineWave.o
                0x000000002000013c                PlayBuff
                0x000000002000213c                SineBuff
 COMMON         0x000000002000293c        0x4 ./Drivers/STM32F4xx_HAL_Driver/Src/stm32f4xx_hal.o
                0x000000002000293c                uwTick
 COMMON         0x0000000020002940        0x4 c:/st/stm32cubeide_1.8.0/stm32cubeide/plugins/com.st.stm32cube.ide.mcu.externaltools.gnu-tools-for-stm32.9-2020-q2-update.win32_2.0.0.202105311346/tools/bin/../lib/gcc/arm-none-eabi/9.3.1/../../../../arm-none-eabi/lib/thumb/v7e-m+fp/hard\libc_nano.a(lib_a-reent.o)
                0x0000000020002940                errno
 COMMON         0x0000000020002944        0x9 c:/st/stm32cubeide_1.8.0/stm32cubeide/plugins/com.st.stm32cube.ide.mcu.externaltools.gnu-tools-for-stm32.9-2020-q2-update.win32_2.0.0.202105311346/tools/bin/../lib/gcc/arm-none-eabi/9.3.1/../../../../arm-none-eabi/lib/thumb/v7e-m+fp/hard\libc_nano.a(lib_a-lock.o)
                0x0000000020002944                __lock___atexit_recursive_mutex
                0x0000000020002945                __lock___arc4random_mutex
                0x0000000020002946                __lock___env_recursive_mutex
                0x0000000020002947                __lock___sinit_recursive_mutex
                0x0000000020002948                __lock___malloc_recursive_mutex
                0x0000000020002949                __lock___at_quick_exit_mutex
                0x000000002000294a                __lock___dd_hash_mutex
                0x000000002000294b                __lock___tz_mutex
                0x000000002000294c                __lock___sfp_recursive_mutex
                0x0000000020002950                . = ALIGN (0x4)
 *fill*         0x000000002000294d        0x3 
                0x0000000020002950                _ebss = .
                0x0000000020002950                __bss_end__ = _ebss

._user_heap_stack
                0x0000000020002950      0x600
                0x0000000020002950                . = ALIGN (0x8)
                [!provide]                        PROVIDE (end = .)
                0x0000000020002950                PROVIDE (_end = .)
                0x0000000020002b50                . = (. + _Min_Heap_Size)
 *fill*         0x0000000020002950      0x200 
                0x0000000020002f50                . = (. + _Min_Stack_Size)
 *fill*         0x0000000020002b50      0x400 
                0x0000000020002f50                . = ALIGN (0x8)

/DISCARD/
 libc.a(*)
 libm.a(*)
 libgcc.a(*)

.ARM.attributes
                0x0000000000000000       0x30
 *(.ARM.attributes)
 .ARM.attributes
                0x0000000000000000       0x1e c:/st/stm32cubeide_1.8.0/stm32cubeide/plugins/com.st.stm32cube.ide.mcu.externaltools.gnu-tools-for-stm32.9-2020-q2-update.win32_2.0.0.202105311346/tools/bin/../lib/gcc/arm-none-eabi/9.3.1/thumb/v7e-m+fp/hard/crti.o
 .ARM.attributes
                0x000000000000001e       0x34 c:/st/stm32cubeide_1.8.0/stm32cubeide/plugins/com.st.stm32cube.ide.mcu.externaltools.gnu-tools-for-stm32.9-2020-q2-update.win32_2.0.0.202105311346/tools/bin/../lib/gcc/arm-none-eabi/9.3.1/thumb/v7e-m+fp/hard/crtbegin.o
 .ARM.attributes
                0x0000000000000052       0x34 ./Core/Src/Audio_Drivers.o
 .ARM.attributes
                0x0000000000000086       0x34 ./Core/Src/cs43l22.o
 .ARM.attributes
                0x00000000000000ba       0x34 ./Core/Src/main.o
 .ARM.attributes
                0x00000000000000ee       0x34 ./Core/Src/sineWave.o
 .ARM.attributes
                0x0000000000000122       0x34 ./Core/Src/stm32f4xx_hal_msp.o
 .ARM.attributes
                0x0000000000000156       0x34 ./Core/Src/stm32f4xx_it.o
 .ARM.attributes
                0x000000000000018a       0x34 ./Core/Src/sysmem.o
 .ARM.attributes
                0x00000000000001be       0x34 ./Core/Src/system_stm32f4xx.o
 .ARM.attributes
                0x00000000000001f2       0x21 ./Core/Startup/startup_stm32f407vgtx.o
 .ARM.attributes
                0x0000000000000213       0x34 ./Drivers/STM32F4xx_HAL_Driver/Src/stm32f4xx_hal.o
 .ARM.attributes
                0x0000000000000247       0x34 ./Drivers/STM32F4xx_HAL_Driver/Src/stm32f4xx_hal_adc.o
 .ARM.attributes
                0x000000000000027b       0x34 ./Drivers/STM32F4xx_HAL_Driver/Src/stm32f4xx_hal_cortex.o
 .ARM.attributes
                0x00000000000002af       0x34 ./Drivers/STM32F4xx_HAL_Driver/Src/stm32f4xx_hal_gpio.o
 .ARM.attributes
                0x00000000000002e3       0x34 ./Drivers/STM32F4xx_HAL_Driver/Src/stm32f4xx_hal_rcc.o
 .ARM.attributes
                0x0000000000000317       0x34 ./Drivers/STM32F4xx_HAL_Driver/Src/stm32f4xx_hal_uart.o
 .ARM.attributes
                0x000000000000034b       0x34 c:/st/stm32cubeide_1.8.0/stm32cubeide/plugins/com.st.stm32cube.ide.mcu.externaltools.gnu-tools-for-stm32.9-2020-q2-update.win32_2.0.0.202105311346/tools/bin/../lib/gcc/arm-none-eabi/9.3.1/../../../../arm-none-eabi/lib/thumb/v7e-m+fp/hard\libc_nano.a(lib_a-errno.o)
 .ARM.attributes
                0x000000000000037f       0x32 c:/st/stm32cubeide_1.8.0/stm32cubeide/plugins/com.st.stm32cube.ide.mcu.externaltools.gnu-tools-for-stm32.9-2020-q2-update.win32_2.0.0.202105311346/tools/bin/../lib/gcc/arm-none-eabi/9.3.1/../../../../arm-none-eabi/lib/thumb/v7e-m+fp/hard\libc_nano.a(lib_a-impure.o)
 .ARM.attributes
                0x00000000000003b1       0x34 c:/st/stm32cubeide_1.8.0/stm32cubeide/plugins/com.st.stm32cube.ide.mcu.externaltools.gnu-tools-for-stm32.9-2020-q2-update.win32_2.0.0.202105311346/tools/bin/../lib/gcc/arm-none-eabi/9.3.1/../../../../arm-none-eabi/lib/thumb/v7e-m+fp/hard\libc_nano.a(lib_a-init.o)
 .ARM.attributes
                0x00000000000003e5       0x34 c:/st/stm32cubeide_1.8.0/stm32cubeide/plugins/com.st.stm32cube.ide.mcu.externaltools.gnu-tools-for-stm32.9-2020-q2-update.win32_2.0.0.202105311346/tools/bin/../lib/gcc/arm-none-eabi/9.3.1/../../../../arm-none-eabi/lib/thumb/v7e-m+fp/hard\libc_nano.a(lib_a-memset.o)
 .ARM.attributes
                0x0000000000000419       0x34 c:/st/stm32cubeide_1.8.0/stm32cubeide/plugins/com.st.stm32cube.ide.mcu.externaltools.gnu-tools-for-stm32.9-2020-q2-update.win32_2.0.0.202105311346/tools/bin/../lib/gcc/arm-none-eabi/9.3.1/../../../../arm-none-eabi/lib/thumb/v7e-m+fp/hard\libc_nano.a(lib_a-sprintf.o)
 .ARM.attributes
                0x000000000000044d       0x17 c:/st/stm32cubeide_1.8.0/stm32cubeide/plugins/com.st.stm32cube.ide.mcu.externaltools.gnu-tools-for-stm32.9-2020-q2-update.win32_2.0.0.202105311346/tools/bin/../lib/gcc/arm-none-eabi/9.3.1/../../../../arm-none-eabi/lib/thumb/v7e-m+fp/hard\libc_nano.a(lib_a-strlen.o)
 .ARM.attributes
                0x0000000000000464       0x34 c:/st/stm32cubeide_1.8.0/stm32cubeide/plugins/com.st.stm32cube.ide.mcu.externaltools.gnu-tools-for-stm32.9-2020-q2-update.win32_2.0.0.202105311346/tools/bin/../lib/gcc/arm-none-eabi/9.3.1/../../../../arm-none-eabi/lib/thumb/v7e-m+fp/hard\libc_nano.a(lib_a-nano-svfprintf.o)
 .ARM.attributes
                0x0000000000000498       0x34 c:/st/stm32cubeide_1.8.0/stm32cubeide/plugins/com.st.stm32cube.ide.mcu.externaltools.gnu-tools-for-stm32.9-2020-q2-update.win32_2.0.0.202105311346/tools/bin/../lib/gcc/arm-none-eabi/9.3.1/../../../../arm-none-eabi/lib/thumb/v7e-m+fp/hard\libc_nano.a(lib_a-nano-vfprintf_i.o)
 .ARM.attributes
                0x00000000000004cc       0x1c c:/st/stm32cubeide_1.8.0/stm32cubeide/plugins/com.st.stm32cube.ide.mcu.externaltools.gnu-tools-for-stm32.9-2020-q2-update.win32_2.0.0.202105311346/tools/bin/../lib/gcc/arm-none-eabi/9.3.1/../../../../arm-none-eabi/lib/thumb/v7e-m+fp/hard\libc_nano.a(lib_a-memchr.o)
 .ARM.attributes
                0x00000000000004e8       0x34 c:/st/stm32cubeide_1.8.0/stm32cubeide/plugins/com.st.stm32cube.ide.mcu.externaltools.gnu-tools-for-stm32.9-2020-q2-update.win32_2.0.0.202105311346/tools/bin/../lib/gcc/arm-none-eabi/9.3.1/../../../../arm-none-eabi/lib/thumb/v7e-m+fp/hard\libc_nano.a(lib_a-memcpy-stub.o)
 .ARM.attributes
                0x000000000000051c       0x34 c:/st/stm32cubeide_1.8.0/stm32cubeide/plugins/com.st.stm32cube.ide.mcu.externaltools.gnu-tools-for-stm32.9-2020-q2-update.win32_2.0.0.202105311346/tools/bin/../lib/gcc/arm-none-eabi/9.3.1/../../../../arm-none-eabi/lib/thumb/v7e-m+fp/hard\libc_nano.a(lib_a-memmove.o)
 .ARM.attributes
                0x0000000000000550       0x34 c:/st/stm32cubeide_1.8.0/stm32cubeide/plugins/com.st.stm32cube.ide.mcu.externaltools.gnu-tools-for-stm32.9-2020-q2-update.win32_2.0.0.202105311346/tools/bin/../lib/gcc/arm-none-eabi/9.3.1/../../../../arm-none-eabi/lib/thumb/v7e-m+fp/hard\libc_nano.a(lib_a-nano-freer.o)
 .ARM.attributes
                0x0000000000000584       0x34 c:/st/stm32cubeide_1.8.0/stm32cubeide/plugins/com.st.stm32cube.ide.mcu.externaltools.gnu-tools-for-stm32.9-2020-q2-update.win32_2.0.0.202105311346/tools/bin/../lib/gcc/arm-none-eabi/9.3.1/../../../../arm-none-eabi/lib/thumb/v7e-m+fp/hard\libc_nano.a(lib_a-nano-mallocr.o)
 .ARM.attributes
                0x00000000000005b8       0x34 c:/st/stm32cubeide_1.8.0/stm32cubeide/plugins/com.st.stm32cube.ide.mcu.externaltools.gnu-tools-for-stm32.9-2020-q2-update.win32_2.0.0.202105311346/tools/bin/../lib/gcc/arm-none-eabi/9.3.1/../../../../arm-none-eabi/lib/thumb/v7e-m+fp/hard\libc_nano.a(lib_a-nano-reallocr.o)
 .ARM.attributes
                0x00000000000005ec       0x34 c:/st/stm32cubeide_1.8.0/stm32cubeide/plugins/com.st.stm32cube.ide.mcu.externaltools.gnu-tools-for-stm32.9-2020-q2-update.win32_2.0.0.202105311346/tools/bin/../lib/gcc/arm-none-eabi/9.3.1/../../../../arm-none-eabi/lib/thumb/v7e-m+fp/hard\libc_nano.a(lib_a-sbrkr.o)
 .ARM.attributes
                0x0000000000000620       0x34 c:/st/stm32cubeide_1.8.0/stm32cubeide/plugins/com.st.stm32cube.ide.mcu.externaltools.gnu-tools-for-stm32.9-2020-q2-update.win32_2.0.0.202105311346/tools/bin/../lib/gcc/arm-none-eabi/9.3.1/../../../../arm-none-eabi/lib/thumb/v7e-m+fp/hard\libc_nano.a(lib_a-mlock.o)
 .ARM.attributes
                0x0000000000000654       0x34 c:/st/stm32cubeide_1.8.0/stm32cubeide/plugins/com.st.stm32cube.ide.mcu.externaltools.gnu-tools-for-stm32.9-2020-q2-update.win32_2.0.0.202105311346/tools/bin/../lib/gcc/arm-none-eabi/9.3.1/../../../../arm-none-eabi/lib/thumb/v7e-m+fp/hard\libc_nano.a(lib_a-nano-msizer.o)
 .ARM.attributes
                0x0000000000000688       0x34 c:/st/stm32cubeide_1.8.0/stm32cubeide/plugins/com.st.stm32cube.ide.mcu.externaltools.gnu-tools-for-stm32.9-2020-q2-update.win32_2.0.0.202105311346/tools/bin/../lib/gcc/arm-none-eabi/9.3.1/../../../../arm-none-eabi/lib/thumb/v7e-m+fp/hard\libc_nano.a(lib_a-reent.o)
 .ARM.attributes
                0x00000000000006bc       0x34 c:/st/stm32cubeide_1.8.0/stm32cubeide/plugins/com.st.stm32cube.ide.mcu.externaltools.gnu-tools-for-stm32.9-2020-q2-update.win32_2.0.0.202105311346/tools/bin/../lib/gcc/arm-none-eabi/9.3.1/../../../../arm-none-eabi/lib/thumb/v7e-m+fp/hard\libc_nano.a(lib_a-lock.o)
 .ARM.attributes
                0x00000000000006f0       0x34 c:/st/stm32cubeide_1.8.0/stm32cubeide/plugins/com.st.stm32cube.ide.mcu.externaltools.gnu-tools-for-stm32.9-2020-q2-update.win32_2.0.0.202105311346/tools/bin/../lib/gcc/arm-none-eabi/9.3.1/../../../../arm-none-eabi/lib/thumb/v7e-m+fp/hard\libm.a(lib_a-s_sin.o)
 .ARM.attributes
                0x0000000000000724       0x34 c:/st/stm32cubeide_1.8.0/stm32cubeide/plugins/com.st.stm32cube.ide.mcu.externaltools.gnu-tools-for-stm32.9-2020-q2-update.win32_2.0.0.202105311346/tools/bin/../lib/gcc/arm-none-eabi/9.3.1/../../../../arm-none-eabi/lib/thumb/v7e-m+fp/hard\libm.a(lib_a-e_rem_pio2.o)
 .ARM.attributes
                0x0000000000000758       0x34 c:/st/stm32cubeide_1.8.0/stm32cubeide/plugins/com.st.stm32cube.ide.mcu.externaltools.gnu-tools-for-stm32.9-2020-q2-update.win32_2.0.0.202105311346/tools/bin/../lib/gcc/arm-none-eabi/9.3.1/../../../../arm-none-eabi/lib/thumb/v7e-m+fp/hard\libm.a(lib_a-k_cos.o)
 .ARM.attributes
                0x000000000000078c       0x34 c:/st/stm32cubeide_1.8.0/stm32cubeide/plugins/com.st.stm32cube.ide.mcu.externaltools.gnu-tools-for-stm32.9-2020-q2-update.win32_2.0.0.202105311346/tools/bin/../lib/gcc/arm-none-eabi/9.3.1/../../../../arm-none-eabi/lib/thumb/v7e-m+fp/hard\libm.a(lib_a-k_rem_pio2.o)
 .ARM.attributes
                0x00000000000007c0       0x34 c:/st/stm32cubeide_1.8.0/stm32cubeide/plugins/com.st.stm32cube.ide.mcu.externaltools.gnu-tools-for-stm32.9-2020-q2-update.win32_2.0.0.202105311346/tools/bin/../lib/gcc/arm-none-eabi/9.3.1/../../../../arm-none-eabi/lib/thumb/v7e-m+fp/hard\libm.a(lib_a-k_sin.o)
 .ARM.attributes
                0x00000000000007f4       0x34 c:/st/stm32cubeide_1.8.0/stm32cubeide/plugins/com.st.stm32cube.ide.mcu.externaltools.gnu-tools-for-stm32.9-2020-q2-update.win32_2.0.0.202105311346/tools/bin/../lib/gcc/arm-none-eabi/9.3.1/../../../../arm-none-eabi/lib/thumb/v7e-m+fp/hard\libm.a(lib_a-s_fabs.o)
 .ARM.attributes
                0x0000000000000828       0x34 c:/st/stm32cubeide_1.8.0/stm32cubeide/plugins/com.st.stm32cube.ide.mcu.externaltools.gnu-tools-for-stm32.9-2020-q2-update.win32_2.0.0.202105311346/tools/bin/../lib/gcc/arm-none-eabi/9.3.1/../../../../arm-none-eabi/lib/thumb/v7e-m+fp/hard\libm.a(lib_a-s_floor.o)
 .ARM.attributes
                0x000000000000085c       0x34 c:/st/stm32cubeide_1.8.0/stm32cubeide/plugins/com.st.stm32cube.ide.mcu.externaltools.gnu-tools-for-stm32.9-2020-q2-update.win32_2.0.0.202105311346/tools/bin/../lib/gcc/arm-none-eabi/9.3.1/../../../../arm-none-eabi/lib/thumb/v7e-m+fp/hard\libm.a(lib_a-s_scalbn.o)
 .ARM.attributes
                0x0000000000000890       0x1e c:/st/stm32cubeide_1.8.0/stm32cubeide/plugins/com.st.stm32cube.ide.mcu.externaltools.gnu-tools-for-stm32.9-2020-q2-update.win32_2.0.0.202105311346/tools/bin/../lib/gcc/arm-none-eabi/9.3.1/thumb/v7e-m+fp/hard\libgcc.a(_arm_addsubdf3.o)
 .ARM.attributes
                0x00000000000008ae       0x1e c:/st/stm32cubeide_1.8.0/stm32cubeide/plugins/com.st.stm32cube.ide.mcu.externaltools.gnu-tools-for-stm32.9-2020-q2-update.win32_2.0.0.202105311346/tools/bin/../lib/gcc/arm-none-eabi/9.3.1/thumb/v7e-m+fp/hard\libgcc.a(_arm_muldivdf3.o)
 .ARM.attributes
                0x00000000000008cc       0x1e c:/st/stm32cubeide_1.8.0/stm32cubeide/plugins/com.st.stm32cube.ide.mcu.externaltools.gnu-tools-for-stm32.9-2020-q2-update.win32_2.0.0.202105311346/tools/bin/../lib/gcc/arm-none-eabi/9.3.1/thumb/v7e-m+fp/hard\libgcc.a(_arm_cmpdf2.o)
 .ARM.attributes
                0x00000000000008ea       0x1e c:/st/stm32cubeide_1.8.0/stm32cubeide/plugins/com.st.stm32cube.ide.mcu.externaltools.gnu-tools-for-stm32.9-2020-q2-update.win32_2.0.0.202105311346/tools/bin/../lib/gcc/arm-none-eabi/9.3.1/thumb/v7e-m+fp/hard\libgcc.a(_arm_fixdfsi.o)
 .ARM.attributes
                0x0000000000000908       0x1e c:/st/stm32cubeide_1.8.0/stm32cubeide/plugins/com.st.stm32cube.ide.mcu.externaltools.gnu-tools-for-stm32.9-2020-q2-update.win32_2.0.0.202105311346/tools/bin/../lib/gcc/arm-none-eabi/9.3.1/thumb/v7e-m+fp/hard\libgcc.a(_arm_truncdfsf2.o)
 .ARM.attributes
                0x0000000000000926       0x1e c:/st/stm32cubeide_1.8.0/stm32cubeide/plugins/com.st.stm32cube.ide.mcu.externaltools.gnu-tools-for-stm32.9-2020-q2-update.win32_2.0.0.202105311346/tools/bin/../lib/gcc/arm-none-eabi/9.3.1/thumb/v7e-m+fp/hard\libgcc.a(_aeabi_uldivmod.o)
 .ARM.attributes
                0x0000000000000944       0x34 c:/st/stm32cubeide_1.8.0/stm32cubeide/plugins/com.st.stm32cube.ide.mcu.externaltools.gnu-tools-for-stm32.9-2020-q2-update.win32_2.0.0.202105311346/tools/bin/../lib/gcc/arm-none-eabi/9.3.1/thumb/v7e-m+fp/hard\libgcc.a(_udivmoddi4.o)
 .ARM.attributes
                0x0000000000000978       0x1e c:/st/stm32cubeide_1.8.0/stm32cubeide/plugins/com.st.stm32cube.ide.mcu.externaltools.gnu-tools-for-stm32.9-2020-q2-update.win32_2.0.0.202105311346/tools/bin/../lib/gcc/arm-none-eabi/9.3.1/thumb/v7e-m+fp/hard\libgcc.a(_dvmd_tls.o)
 .ARM.attributes
                0x0000000000000996       0x1e c:/st/stm32cubeide_1.8.0/stm32cubeide/plugins/com.st.stm32cube.ide.mcu.externaltools.gnu-tools-for-stm32.9-2020-q2-update.win32_2.0.0.202105311346/tools/bin/../lib/gcc/arm-none-eabi/9.3.1/thumb/v7e-m+fp/hard/crtn.o
OUTPUT(adc.elf elf32-littlearm)
LOAD linker stubs
LOAD c:/st/stm32cubeide_1.8.0/stm32cubeide/plugins/com.st.stm32cube.ide.mcu.externaltools.gnu-tools-for-stm32.9-2020-q2-update.win32_2.0.0.202105311346/tools/bin/../lib/gcc/arm-none-eabi/9.3.1/../../../../arm-none-eabi/lib/thumb/v7e-m+fp/hard\libc.a
LOAD c:/st/stm32cubeide_1.8.0/stm32cubeide/plugins/com.st.stm32cube.ide.mcu.externaltools.gnu-tools-for-stm32.9-2020-q2-update.win32_2.0.0.202105311346/tools/bin/../lib/gcc/arm-none-eabi/9.3.1/../../../../arm-none-eabi/lib/thumb/v7e-m+fp/hard\libm.a
LOAD c:/st/stm32cubeide_1.8.0/stm32cubeide/plugins/com.st.stm32cube.ide.mcu.externaltools.gnu-tools-for-stm32.9-2020-q2-update.win32_2.0.0.202105311346/tools/bin/../lib/gcc/arm-none-eabi/9.3.1/thumb/v7e-m+fp/hard\libgcc.a

.debug_info     0x0000000000000000     0xd78f
 .debug_info    0x0000000000000000     0x1a1d ./Core/Src/Audio_Drivers.o
 .debug_info    0x0000000000001a1d      0x658 ./Core/Src/cs43l22.o
 .debug_info    0x0000000000002075     0x18b7 ./Core/Src/main.o
 .debug_info    0x000000000000392c     0x1566 ./Core/Src/sineWave.o
 .debug_info    0x0000000000004e92      0xcf9 ./Core/Src/stm32f4xx_hal_msp.o
 .debug_info    0x0000000000005b8b      0x222 ./Core/Src/stm32f4xx_it.o
 .debug_info    0x0000000000005dad      0xa25 ./Core/Src/sysmem.o
 .debug_info    0x00000000000067d2      0x5a4 ./Core/Src/system_stm32f4xx.o
 .debug_info    0x0000000000006d76       0x22 ./Core/Startup/startup_stm32f407vgtx.o
 .debug_info    0x0000000000006d98      0x9b2 ./Drivers/STM32F4xx_HAL_Driver/Src/stm32f4xx_hal.o
 .debug_info    0x000000000000774a      0xdbc ./Drivers/STM32F4xx_HAL_Driver/Src/stm32f4xx_hal_adc.o
 .debug_info    0x0000000000008506      0xed7 ./Drivers/STM32F4xx_HAL_Driver/Src/stm32f4xx_hal_cortex.o
 .debug_info    0x00000000000093dd      0x83e ./Drivers/STM32F4xx_HAL_Driver/Src/stm32f4xx_hal_gpio.o
 .debug_info    0x0000000000009c1b      0x996 ./Drivers/STM32F4xx_HAL_Driver/Src/stm32f4xx_hal_rcc.o
 .debug_info    0x000000000000a5b1     0x31de ./Drivers/STM32F4xx_HAL_Driver/Src/stm32f4xx_hal_uart.o

.debug_abbrev   0x0000000000000000     0x2037
 .debug_abbrev  0x0000000000000000      0x42b ./Core/Src/Audio_Drivers.o
 .debug_abbrev  0x000000000000042b      0x1e7 ./Core/Src/cs43l22.o
 .debug_abbrev  0x0000000000000612      0x2b9 ./Core/Src/main.o
 .debug_abbrev  0x00000000000008cb      0x32f ./Core/Src/sineWave.o
 .debug_abbrev  0x0000000000000bfa      0x1ac ./Core/Src/stm32f4xx_hal_msp.o
 .debug_abbrev  0x0000000000000da6       0xd2 ./Core/Src/stm32f4xx_it.o
 .debug_abbrev  0x0000000000000e78      0x1bf ./Core/Src/sysmem.o
 .debug_abbrev  0x0000000000001037      0x145 ./Core/Src/system_stm32f4xx.o
 .debug_abbrev  0x000000000000117c       0x12 ./Core/Startup/startup_stm32f407vgtx.o
 .debug_abbrev  0x000000000000118e      0x1ed ./Drivers/STM32F4xx_HAL_Driver/Src/stm32f4xx_hal.o
 .debug_abbrev  0x000000000000137b      0x22f ./Drivers/STM32F4xx_HAL_Driver/Src/stm32f4xx_hal_adc.o
 .debug_abbrev  0x00000000000015aa      0x33c ./Drivers/STM32F4xx_HAL_Driver/Src/stm32f4xx_hal_cortex.o
 .debug_abbrev  0x00000000000018e6      0x1f1 ./Drivers/STM32F4xx_HAL_Driver/Src/stm32f4xx_hal_gpio.o
 .debug_abbrev  0x0000000000001ad7      0x275 ./Drivers/STM32F4xx_HAL_Driver/Src/stm32f4xx_hal_rcc.o
 .debug_abbrev  0x0000000000001d4c      0x2eb ./Drivers/STM32F4xx_HAL_Driver/Src/stm32f4xx_hal_uart.o

.debug_aranges  0x0000000000000000      0x950
 .debug_aranges
                0x0000000000000000      0x158 ./Core/Src/Audio_Drivers.o
 .debug_aranges
                0x0000000000000158       0x80 ./Core/Src/cs43l22.o
 .debug_aranges
                0x00000000000001d8       0x48 ./Core/Src/main.o
 .debug_aranges
                0x0000000000000220       0x50 ./Core/Src/sineWave.o
 .debug_aranges
                0x0000000000000270       0x40 ./Core/Src/stm32f4xx_hal_msp.o
 .debug_aranges
                0x00000000000002b0       0x60 ./Core/Src/stm32f4xx_it.o
 .debug_aranges
                0x0000000000000310       0x20 ./Core/Src/sysmem.o
 .debug_aranges
                0x0000000000000330       0x28 ./Core/Src/system_stm32f4xx.o
 .debug_aranges
                0x0000000000000358       0x28 ./Core/Startup/startup_stm32f407vgtx.o
 .debug_aranges
                0x0000000000000380       0xf0 ./Drivers/STM32F4xx_HAL_Driver/Src/stm32f4xx_hal.o
 .debug_aranges
                0x0000000000000470       0xe8 ./Drivers/STM32F4xx_HAL_Driver/Src/stm32f4xx_hal_adc.o
 .debug_aranges
                0x0000000000000558      0x118 ./Drivers/STM32F4xx_HAL_Driver/Src/stm32f4xx_hal_cortex.o
 .debug_aranges
                0x0000000000000670       0x58 ./Drivers/STM32F4xx_HAL_Driver/Src/stm32f4xx_hal_gpio.o
 .debug_aranges
                0x00000000000006c8       0x88 ./Drivers/STM32F4xx_HAL_Driver/Src/stm32f4xx_hal_rcc.o
 .debug_aranges
                0x0000000000000750      0x200 ./Drivers/STM32F4xx_HAL_Driver/Src/stm32f4xx_hal_uart.o

.debug_ranges   0x0000000000000000      0x898
 .debug_ranges  0x0000000000000000      0x148 ./Core/Src/Audio_Drivers.o
 .debug_ranges  0x0000000000000148       0x70 ./Core/Src/cs43l22.o
 .debug_ranges  0x00000000000001b8       0x38 ./Core/Src/main.o
 .debug_ranges  0x00000000000001f0       0x40 ./Core/Src/sineWave.o
 .debug_ranges  0x0000000000000230       0x30 ./Core/Src/stm32f4xx_hal_msp.o
 .debug_ranges  0x0000000000000260       0x50 ./Core/Src/stm32f4xx_it.o
 .debug_ranges  0x00000000000002b0       0x10 ./Core/Src/sysmem.o
 .debug_ranges  0x00000000000002c0       0x18 ./Core/Src/system_stm32f4xx.o
 .debug_ranges  0x00000000000002d8       0x20 ./Core/Startup/startup_stm32f407vgtx.o
 .debug_ranges  0x00000000000002f8       0xe0 ./Drivers/STM32F4xx_HAL_Driver/Src/stm32f4xx_hal.o
 .debug_ranges  0x00000000000003d8       0xd8 ./Drivers/STM32F4xx_HAL_Driver/Src/stm32f4xx_hal_adc.o
 .debug_ranges  0x00000000000004b0      0x108 ./Drivers/STM32F4xx_HAL_Driver/Src/stm32f4xx_hal_cortex.o
 .debug_ranges  0x00000000000005b8       0x48 ./Drivers/STM32F4xx_HAL_Driver/Src/stm32f4xx_hal_gpio.o
 .debug_ranges  0x0000000000000600       0x78 ./Drivers/STM32F4xx_HAL_Driver/Src/stm32f4xx_hal_rcc.o
 .debug_ranges  0x0000000000000678      0x220 ./Drivers/STM32F4xx_HAL_Driver/Src/stm32f4xx_hal_uart.o

.debug_macro    0x0000000000000000    0x21ff5
 .debug_macro   0x0000000000000000       0xfb ./Core/Src/Audio_Drivers.o
 .debug_macro   0x00000000000000fb      0xaa8 ./Core/Src/Audio_Drivers.o
 .debug_macro   0x0000000000000ba3       0x22 ./Core/Src/Audio_Drivers.o
 .debug_macro   0x0000000000000bc5       0x8e ./Core/Src/Audio_Drivers.o
 .debug_macro   0x0000000000000c53       0x51 ./Core/Src/Audio_Drivers.o
 .debug_macro   0x0000000000000ca4      0x103 ./Core/Src/Audio_Drivers.o
 .debug_macro   0x0000000000000da7       0x6a ./Core/Src/Audio_Drivers.o
 .debug_macro   0x0000000000000e11      0x1df ./Core/Src/Audio_Drivers.o
 .debug_macro   0x0000000000000ff0       0x2f ./Core/Src/Audio_Drivers.o
 .debug_macro   0x000000000000101f       0x1c ./Core/Src/Audio_Drivers.o
 .debug_macro   0x000000000000103b       0x22 ./Core/Src/Audio_Drivers.o
 .debug_macro   0x000000000000105d       0xdf ./Core/Src/Audio_Drivers.o
 .debug_macro   0x000000000000113c     0x102d ./Core/Src/Audio_Drivers.o
 .debug_macro   0x0000000000002169      0x11f ./Core/Src/Audio_Drivers.o
 .debug_macro   0x0000000000002288    0x15e58 ./Core/Src/Audio_Drivers.o
 .debug_macro   0x00000000000180e0       0x16 ./Core/Src/Audio_Drivers.o
 .debug_macro   0x00000000000180f6      0x191 ./Core/Src/Audio_Drivers.o
 .debug_macro   0x0000000000018287       0xe3 ./Core/Src/cs43l22.o
 .debug_macro   0x000000000001836a       0x10 ./Core/Src/cs43l22.o
 .debug_macro   0x000000000001837a      0x3b5 ./Core/Src/main.o
 .debug_macro   0x000000000001872f       0x52 ./Core/Src/main.o
 .debug_macro   0x0000000000018781       0x18 ./Core/Src/main.o
 .debug_macro   0x0000000000018799       0x3c ./Core/Src/main.o
 .debug_macro   0x00000000000187d5       0x34 ./Core/Src/main.o
 .debug_macro   0x0000000000018809       0x16 ./Core/Src/main.o
 .debug_macro   0x000000000001881f       0x97 ./Core/Src/main.o
 .debug_macro   0x00000000000188b6      0x339 ./Core/Src/main.o
 .debug_macro   0x0000000000018bef       0xfd ./Core/Src/main.o
 .debug_macro   0x0000000000018cec       0x10 ./Core/Src/main.o
 .debug_macro   0x0000000000018cfc       0x16 ./Core/Src/main.o
 .debug_macro   0x0000000000018d12       0x43 ./Core/Src/main.o
 .debug_macro   0x0000000000018d55       0x34 ./Core/Src/main.o
 .debug_macro   0x0000000000018d89       0x10 ./Core/Src/main.o
 .debug_macro   0x0000000000018d99       0x58 ./Core/Src/main.o
 .debug_macro   0x0000000000018df1       0x71 ./Core/Src/main.o
 .debug_macro   0x0000000000018e62       0x1c ./Core/Src/main.o
 .debug_macro   0x0000000000018e7e      0x12a ./Core/Src/main.o
 .debug_macro   0x0000000000018fa8       0x10 ./Core/Src/main.o
 .debug_macro   0x0000000000018fb8       0x1c ./Core/Src/main.o
 .debug_macro   0x0000000000018fd4       0x52 ./Core/Src/main.o
 .debug_macro   0x0000000000019026       0x22 ./Core/Src/main.o
 .debug_macro   0x0000000000019048       0x10 ./Core/Src/main.o
 .debug_macro   0x0000000000019058       0x40 ./Core/Src/main.o
 .debug_macro   0x0000000000019098       0xd5 ./Core/Src/main.o
 .debug_macro   0x000000000001916d       0x1c ./Core/Src/main.o
 .debug_macro   0x0000000000019189       0x3d ./Core/Src/main.o
 .debug_macro   0x00000000000191c6       0x16 ./Core/Src/main.o
 .debug_macro   0x00000000000191dc      0x145 ./Core/Src/main.o
 .debug_macro   0x0000000000019321       0xd9 ./Core/Src/main.o
 .debug_macro   0x00000000000193fa      0x29b ./Core/Src/main.o
 .debug_macro   0x0000000000019695       0x2e ./Core/Src/main.o
 .debug_macro   0x00000000000196c3       0x6d ./Core/Src/main.o
 .debug_macro   0x0000000000019730     0x3666 ./Core/Src/main.o
 .debug_macro   0x000000000001cd96       0x56 ./Core/Src/main.o
 .debug_macro   0x000000000001cdec      0x96b ./Core/Src/main.o
 .debug_macro   0x000000000001d757      0x9fe ./Core/Src/main.o
 .debug_macro   0x000000000001e155      0x116 ./Core/Src/main.o
 .debug_macro   0x000000000001e26b      0x13e ./Core/Src/main.o
 .debug_macro   0x000000000001e3a9       0xa5 ./Core/Src/main.o
 .debug_macro   0x000000000001e44e      0x174 ./Core/Src/main.o
 .debug_macro   0x000000000001e5c2      0x287 ./Core/Src/main.o
 .debug_macro   0x000000000001e849       0x5f ./Core/Src/main.o
 .debug_macro   0x000000000001e8a8      0x236 ./Core/Src/main.o
 .debug_macro   0x000000000001eade      0xb5b ./Core/Src/main.o
 .debug_macro   0x000000000001f639      0x38b ./Core/Src/main.o
 .debug_macro   0x000000000001f9c4      0x176 ./Core/Src/main.o
 .debug_macro   0x000000000001fb3a       0xf9 ./Core/Src/main.o
 .debug_macro   0x000000000001fc33      0x12c ./Core/Src/main.o
 .debug_macro   0x000000000001fd5f      0x21e ./Core/Src/main.o
 .debug_macro   0x000000000001ff7d       0x2e ./Core/Src/main.o
 .debug_macro   0x000000000001ffab      0x11a ./Core/Src/main.o
 .debug_macro   0x00000000000200c5       0x7e ./Core/Src/main.o
 .debug_macro   0x0000000000020143       0x89 ./Core/Src/main.o
 .debug_macro   0x00000000000201cc      0x295 ./Core/Src/main.o
 .debug_macro   0x0000000000020461      0x12d ./Core/Src/main.o
 .debug_macro   0x000000000002058e       0x16 ./Core/Src/main.o
 .debug_macro   0x00000000000205a4       0x35 ./Core/Src/main.o
 .debug_macro   0x00000000000205d9       0x20 ./Core/Src/main.o
 .debug_macro   0x00000000000205f9      0x1ad ./Core/Src/sineWave.o
 .debug_macro   0x00000000000207a6      0x174 ./Core/Src/sineWave.o
 .debug_macro   0x000000000002091a      0x1a9 ./Core/Src/sineWave.o
 .debug_macro   0x0000000000020ac3      0x1ec ./Core/Src/stm32f4xx_hal_msp.o
 .debug_macro   0x0000000000020caf       0x5c ./Core/Src/stm32f4xx_hal_msp.o
 .debug_macro   0x0000000000020d0b      0x1f6 ./Core/Src/stm32f4xx_it.o
 .debug_macro   0x0000000000020f01       0xff ./Core/Src/sysmem.o
 .debug_macro   0x0000000000021000      0x23b ./Core/Src/sysmem.o
 .debug_macro   0x000000000002123b      0x1e2 ./Core/Src/system_stm32f4xx.o
 .debug_macro   0x000000000002141d      0x242 ./Drivers/STM32F4xx_HAL_Driver/Src/stm32f4xx_hal.o
 .debug_macro   0x000000000002165f      0x1e3 ./Drivers/STM32F4xx_HAL_Driver/Src/stm32f4xx_hal_adc.o
 .debug_macro   0x0000000000021842      0x1e2 ./Drivers/STM32F4xx_HAL_Driver/Src/stm32f4xx_hal_cortex.o
 .debug_macro   0x0000000000021a24      0x1e8 ./Drivers/STM32F4xx_HAL_Driver/Src/stm32f4xx_hal_gpio.o
 .debug_macro   0x0000000000021c0c      0x206 ./Drivers/STM32F4xx_HAL_Driver/Src/stm32f4xx_hal_rcc.o
 .debug_macro   0x0000000000021e12      0x1e3 ./Drivers/STM32F4xx_HAL_Driver/Src/stm32f4xx_hal_uart.o

.debug_line     0x0000000000000000     0xb3fa
 .debug_line    0x0000000000000000     0x12f5 ./Core/Src/Audio_Drivers.o
 .debug_line    0x00000000000012f5      0x75d ./Core/Src/cs43l22.o
 .debug_line    0x0000000000001a52      0xada ./Core/Src/main.o
 .debug_line    0x000000000000252c      0x799 ./Core/Src/sineWave.o
 .debug_line    0x0000000000002cc5      0x770 ./Core/Src/stm32f4xx_hal_msp.o
 .debug_line    0x0000000000003435      0x79f ./Core/Src/stm32f4xx_it.o
 .debug_line    0x0000000000003bd4      0x4f8 ./Core/Src/sysmem.o
 .debug_line    0x00000000000040cc      0x75e ./Core/Src/system_stm32f4xx.o
 .debug_line    0x000000000000482a       0x88 ./Core/Startup/startup_stm32f407vgtx.o
 .debug_line    0x00000000000048b2      0x9c4 ./Drivers/STM32F4xx_HAL_Driver/Src/stm32f4xx_hal.o
 .debug_line    0x0000000000005276     0x124e ./Drivers/STM32F4xx_HAL_Driver/Src/stm32f4xx_hal_adc.o
 .debug_line    0x00000000000064c4      0xc73 ./Drivers/STM32F4xx_HAL_Driver/Src/stm32f4xx_hal_cortex.o
 .debug_line    0x0000000000007137      0xb3a ./Drivers/STM32F4xx_HAL_Driver/Src/stm32f4xx_hal_gpio.o
 .debug_line    0x0000000000007c71      0xd3e ./Drivers/STM32F4xx_HAL_Driver/Src/stm32f4xx_hal_rcc.o
 .debug_line    0x00000000000089af     0x2a4b ./Drivers/STM32F4xx_HAL_Driver/Src/stm32f4xx_hal_uart.o

.debug_str      0x0000000000000000    0xd0d69
 .debug_str     0x0000000000000000    0x88db1 ./Core/Src/Audio_Drivers.o
                                      0x890a8 (size before relaxing)
 .debug_str     0x0000000000088db1      0x16d ./Core/Src/cs43l22.o
                                      0x88290 (size before relaxing)
 .debug_str     0x0000000000088f1e    0x459b0 ./Core/Src/main.o
                                      0xcde09 (size before relaxing)
 .debug_str     0x00000000000ce8ce      0x970 ./Core/Src/sineWave.o
                                      0x8c658 (size before relaxing)
 .debug_str     0x00000000000cf23e       0xad ./Core/Src/stm32f4xx_hal_msp.o
                                      0xc931d (size before relaxing)
 .debug_str     0x00000000000cf2eb       0xbd ./Core/Src/stm32f4xx_it.o
                                      0xc8c37 (size before relaxing)
 .debug_str     0x00000000000cf3a8      0x4e9 ./Core/Src/sysmem.o
                                       0x629a (size before relaxing)
 .debug_str     0x00000000000cf891       0x40 ./Core/Src/system_stm32f4xx.o
                                      0xc8d1b (size before relaxing)
 .debug_str     0x00000000000cf8d1       0x36 ./Core/Startup/startup_stm32f407vgtx.o
                                         0x6b (size before relaxing)
 .debug_str     0x00000000000cf907      0x54d ./Drivers/STM32F4xx_HAL_Driver/Src/stm32f4xx_hal.o
                                      0xc97fd (size before relaxing)
 .debug_str     0x00000000000cfe54      0x294 ./Drivers/STM32F4xx_HAL_Driver/Src/stm32f4xx_hal_adc.o
                                      0xc92c7 (size before relaxing)
 .debug_str     0x00000000000d00e8      0x2d4 ./Drivers/STM32F4xx_HAL_Driver/Src/stm32f4xx_hal_cortex.o
                                      0xc95ec (size before relaxing)
 .debug_str     0x00000000000d03bc      0x15a ./Drivers/STM32F4xx_HAL_Driver/Src/stm32f4xx_hal_gpio.o
                                      0xc8ec2 (size before relaxing)
 .debug_str     0x00000000000d0516      0x24e ./Drivers/STM32F4xx_HAL_Driver/Src/stm32f4xx_hal_rcc.o
                                      0xc911d (size before relaxing)
 .debug_str     0x00000000000d0764      0x605 ./Drivers/STM32F4xx_HAL_Driver/Src/stm32f4xx_hal_uart.o
                                      0xc96a3 (size before relaxing)

.comment        0x0000000000000000       0x53
 .comment       0x0000000000000000       0x53 ./Core/Src/Audio_Drivers.o
                                         0x54 (size before relaxing)
 .comment       0x0000000000000053       0x54 ./Core/Src/cs43l22.o
 .comment       0x0000000000000053       0x54 ./Core/Src/main.o
 .comment       0x0000000000000053       0x54 ./Core/Src/sineWave.o
 .comment       0x0000000000000053       0x54 ./Core/Src/stm32f4xx_hal_msp.o
 .comment       0x0000000000000053       0x54 ./Core/Src/stm32f4xx_it.o
 .comment       0x0000000000000053       0x54 ./Core/Src/sysmem.o
 .comment       0x0000000000000053       0x54 ./Core/Src/system_stm32f4xx.o
 .comment       0x0000000000000053       0x54 ./Drivers/STM32F4xx_HAL_Driver/Src/stm32f4xx_hal.o
 .comment       0x0000000000000053       0x54 ./Drivers/STM32F4xx_HAL_Driver/Src/stm32f4xx_hal_adc.o
 .comment       0x0000000000000053       0x54 ./Drivers/STM32F4xx_HAL_Driver/Src/stm32f4xx_hal_cortex.o
 .comment       0x0000000000000053       0x54 ./Drivers/STM32F4xx_HAL_Driver/Src/stm32f4xx_hal_gpio.o
 .comment       0x0000000000000053       0x54 ./Drivers/STM32F4xx_HAL_Driver/Src/stm32f4xx_hal_rcc.o
 .comment       0x0000000000000053       0x54 ./Drivers/STM32F4xx_HAL_Driver/Src/stm32f4xx_hal_uart.o

.debug_frame    0x0000000000000000     0x2cc4
 .debug_frame   0x0000000000000000      0x5b8 ./Core/Src/Audio_Drivers.o
 .debug_frame   0x00000000000005b8      0x1e4 ./Core/Src/cs43l22.o
 .debug_frame   0x000000000000079c       0xd4 ./Core/Src/main.o
 .debug_frame   0x0000000000000870      0x100 ./Core/Src/sineWave.o
 .debug_frame   0x0000000000000970       0xc8 ./Core/Src/stm32f4xx_hal_msp.o
 .debug_frame   0x0000000000000a38      0x104 ./Core/Src/stm32f4xx_it.o
 .debug_frame   0x0000000000000b3c       0x34 ./Core/Src/sysmem.o
 .debug_frame   0x0000000000000b70       0x58 ./Core/Src/system_stm32f4xx.o
 .debug_frame   0x0000000000000bc8      0x374 ./Drivers/STM32F4xx_HAL_Driver/Src/stm32f4xx_hal.o
 .debug_frame   0x0000000000000f3c      0x3fc ./Drivers/STM32F4xx_HAL_Driver/Src/stm32f4xx_hal_adc.o
 .debug_frame   0x0000000000001338      0x498 ./Drivers/STM32F4xx_HAL_Driver/Src/stm32f4xx_hal_cortex.o
 .debug_frame   0x00000000000017d0      0x14c ./Drivers/STM32F4xx_HAL_Driver/Src/stm32f4xx_hal_gpio.o
 .debug_frame   0x000000000000191c      0x1ec ./Drivers/STM32F4xx_HAL_Driver/Src/stm32f4xx_hal_rcc.o
 .debug_frame   0x0000000000001b08      0x92c ./Drivers/STM32F4xx_HAL_Driver/Src/stm32f4xx_hal_uart.o
 .debug_frame   0x0000000000002434       0x20 c:/st/stm32cubeide_1.8.0/stm32cubeide/plugins/com.st.stm32cube.ide.mcu.externaltools.gnu-tools-for-stm32.9-2020-q2-update.win32_2.0.0.202105311346/tools/bin/../lib/gcc/arm-none-eabi/9.3.1/../../../../arm-none-eabi/lib/thumb/v7e-m+fp/hard\libc_nano.a(lib_a-errno.o)