Archive member included to satisfy reference by file (symbol)

/Applications/STM32CubeIDE.app/Contents/Eclipse/plugins/com.st.stm32cube.ide.mcu.externaltools.gnu-tools-for-stm32.9-2020-q2-update.macos64_2.0.0.202105311346/tools/bin/../lib/gcc/arm-none-eabi/9.3.1/../../../../arm-none-eabi/lib/thumb/v7e-m+fp/hard/libc_nano.a(lib_a-errno.o)
                              ./Core/Src/syscalls.o (__errno)
/Applications/STM32CubeIDE.app/Contents/Eclipse/plugins/com.st.stm32cube.ide.mcu.externaltools.gnu-tools-for-stm32.9-2020-q2-update.macos64_2.0.0.202105311346/tools/bin/../lib/gcc/arm-none-eabi/9.3.1/../../../../arm-none-eabi/lib/thumb/v7e-m+fp/hard/libc_nano.a(lib_a-exit.o)
                              /Applications/STM32CubeIDE.app/Contents/Eclipse/plugins/com.st.stm32cube.ide.mcu.externaltools.gnu-tools-for-stm32.9-2020-q2-update.macos64_2.0.0.202105311346/tools/bin/../lib/gcc/arm-none-eabi/9.3.1/../../../../arm-none-eabi/lib/thumb/v7e-m+fp/hard/crt0.o (exit)
/Applications/STM32CubeIDE.app/Contents/Eclipse/plugins/com.st.stm32cube.ide.mcu.externaltools.gnu-tools-for-stm32.9-2020-q2-update.macos64_2.0.0.202105311346/tools/bin/../lib/gcc/arm-none-eabi/9.3.1/../../../../arm-none-eabi/lib/thumb/v7e-m+fp/hard/libc_nano.a(lib_a-impure.o)
                              /Applications/STM32CubeIDE.app/Contents/Eclipse/plugins/com.st.stm32cube.ide.mcu.externaltools.gnu-tools-for-stm32.9-2020-q2-update.macos64_2.0.0.202105311346/tools/bin/../lib/gcc/arm-none-eabi/9.3.1/../../../../arm-none-eabi/lib/thumb/v7e-m+fp/hard/libc_nano.a(lib_a-exit.o) (_global_impure_ptr)
/Applications/STM32CubeIDE.app/Contents/Eclipse/plugins/com.st.stm32cube.ide.mcu.externaltools.gnu-tools-for-stm32.9-2020-q2-update.macos64_2.0.0.202105311346/tools/bin/../lib/gcc/arm-none-eabi/9.3.1/../../../../arm-none-eabi/lib/thumb/v7e-m+fp/hard/libc_nano.a(lib_a-init.o)
                              /Applications/STM32CubeIDE.app/Contents/Eclipse/plugins/com.st.stm32cube.ide.mcu.externaltools.gnu-tools-for-stm32.9-2020-q2-update.macos64_2.0.0.202105311346/tools/bin/../lib/gcc/arm-none-eabi/9.3.1/../../../../arm-none-eabi/lib/thumb/v7e-m+fp/hard/crt0.o (__libc_init_array)
/Applications/STM32CubeIDE.app/Contents/Eclipse/plugins/com.st.stm32cube.ide.mcu.externaltools.gnu-tools-for-stm32.9-2020-q2-update.macos64_2.0.0.202105311346/tools/bin/../lib/gcc/arm-none-eabi/9.3.1/../../../../arm-none-eabi/lib/thumb/v7e-m+fp/hard/libc_nano.a(lib_a-memset.o)
                              /Applications/STM32CubeIDE.app/Contents/Eclipse/plugins/com.st.stm32cube.ide.mcu.externaltools.gnu-tools-for-stm32.9-2020-q2-update.macos64_2.0.0.202105311346/tools/bin/../lib/gcc/arm-none-eabi/9.3.1/../../../../arm-none-eabi/lib/thumb/v7e-m+fp/hard/crt0.o (memset)
/Applications/STM32CubeIDE.app/Contents/Eclipse/plugins/com.st.stm32cube.ide.mcu.externaltools.gnu-tools-for-stm32.9-2020-q2-update.macos64_2.0.0.202105311346/tools/bin/../lib/gcc/arm-none-eabi/9.3.1/../../../../arm-none-eabi/lib/thumb/v7e-m+fp/hard/libc_nano.a(lib_a-sprintf.o)
                              ./Core/Src/main.o (sprintf)
/Applications/STM32CubeIDE.app/Contents/Eclipse/plugins/com.st.stm32cube.ide.mcu.externaltools.gnu-tools-for-stm32.9-2020-q2-update.macos64_2.0.0.202105311346/tools/bin/../lib/gcc/arm-none-eabi/9.3.1/../../../../arm-none-eabi/lib/thumb/v7e-m+fp/hard/libc_nano.a(lib_a-strlen.o)
                              ./Core/Src/main.o (strlen)
/Applications/STM32CubeIDE.app/Contents/Eclipse/plugins/com.st.stm32cube.ide.mcu.externaltools.gnu-tools-for-stm32.9-2020-q2-update.macos64_2.0.0.202105311346/tools/bin/../lib/gcc/arm-none-eabi/9.3.1/../../../../arm-none-eabi/lib/thumb/v7e-m+fp/hard/libc_nano.a(lib_a-nano-svfprintf.o)
                              /Applications/STM32CubeIDE.app/Contents/Eclipse/plugins/com.st.stm32cube.ide.mcu.externaltools.gnu-tools-for-stm32.9-2020-q2-update.macos64_2.0.0.202105311346/tools/bin/../lib/gcc/arm-none-eabi/9.3.1/../../../../arm-none-eabi/lib/thumb/v7e-m+fp/hard/libc_nano.a(lib_a-sprintf.o) (_svfprintf_r)
/Applications/STM32CubeIDE.app/Contents/Eclipse/plugins/com.st.stm32cube.ide.mcu.externaltools.gnu-tools-for-stm32.9-2020-q2-update.macos64_2.0.0.202105311346/tools/bin/../lib/gcc/arm-none-eabi/9.3.1/../../../../arm-none-eabi/lib/thumb/v7e-m+fp/hard/libc_nano.a(lib_a-nano-vfprintf_i.o)
                              /Applications/STM32CubeIDE.app/Contents/Eclipse/plugins/com.st.stm32cube.ide.mcu.externaltools.gnu-tools-for-stm32.9-2020-q2-update.macos64_2.0.0.202105311346/tools/bin/../lib/gcc/arm-none-eabi/9.3.1/../../../../arm-none-eabi/lib/thumb/v7e-m+fp/hard/libc_nano.a(lib_a-nano-svfprintf.o) (_printf_i)
/Applications/STM32CubeIDE.app/Contents/Eclipse/plugins/com.st.stm32cube.ide.mcu.externaltools.gnu-tools-for-stm32.9-2020-q2-update.macos64_2.0.0.202105311346/tools/bin/../lib/gcc/arm-none-eabi/9.3.1/../../../../arm-none-eabi/lib/thumb/v7e-m+fp/hard/libc_nano.a(lib_a-memchr.o)
[...]
Memory Configuration

Name             Origin             Length             Attributes
CCMRAM           0x0000000010000000 0x0000000000010000 xrw
RAM              0x0000000020000000 0x0000000000020000 xrw
FLASH            0x0000000008000000 0x0000000000100000 xr
*default*        0x0000000000000000 0xffffffffffffffff

Linker script and memory map

LOAD /Applications/STM32CubeIDE.app/Contents/Eclipse/plugins/com.st.stm32cube.ide.mcu.externaltools.gnu-tools-for-stm32.9-2020-q2-update.macos64_2.0.0.202105311346/tools/bin/../lib/gcc/arm-none-eabi/9.3.1/thumb/v7e-m+fp/hard/crti.o
LOAD /Applications/STM32CubeIDE.app/Contents/Eclipse/plugins/com.st.stm32cube.ide.mcu.externaltools.gnu-tools-for-stm32.9-2020-q2-update.macos64_2.0.0.202105311346/tools/bin/../lib/gcc/arm-none-eabi/9.3.1/thumb/v7e-m+fp/hard/crtbegin.o
LOAD /Applications/STM32CubeIDE.app/Contents/Eclipse/plugins/com.st.stm32cube.ide.mcu.externaltools.gnu-tools-for-stm32.9-2020-q2-update.macos64_2.0.0.202105311346/tools/bin/../lib/gcc/arm-none-eabi/9.3.1/../../../../arm-none-eabi/lib/thumb/v7e-m+fp/hard/crt0.o
LOAD ./Core/Src/Audio_Drivers.o
LOAD ./Core/Src/cs43l22.o
LOAD ./Core/Src/main.o
LOAD ./Core/Src/sineWave.o
LOAD ./Core/Src/stm32f4xx_hal_msp.o
LOAD ./Core/Src/stm32f4xx_it.o
LOAD ./Core/Src/syscalls.o
LOAD ./Core/Src/sysmem.o
LOAD ./Core/Src/system_stm32f4xx.o
LOAD ./Core/Startup/startup_stm32f407vgtx.o
LOAD ./Drivers/STM32F4xx_HAL_Driver/Src/stm32f4xx_hal.o
LOAD ./Drivers/STM32F4xx_HAL_Driver/Src/stm32f4xx_hal_adc.o
LOAD ./Drivers/STM32F4xx_HAL_Driver/Src/stm32f4xx_hal_adc_ex.o
LOAD ./Drivers/STM32F4xx_HAL_Driver/Src/stm32f4xx_hal_cortex.o
LOAD ./Drivers/STM32F4xx_HAL_Driver/Src/stm32f4xx_hal_dma.o
LOAD ./Drivers/STM32F4xx_HAL_Driver/Src/stm32f4xx_hal_dma_ex.o
LOAD ./Drivers/STM32F4xx_HAL_Driver/Src/stm32f4xx_hal_exti.o
LOAD ./Drivers/STM32F4xx_HAL_Driver/Src/stm32f4xx_hal_flash.o
LOAD ./Drivers/STM32F4xx_HAL_Driver/Src/stm32f4xx_hal_flash_ex.o
LOAD ./Drivers/STM32F4xx_HAL_Driver/Src/stm32f4xx_hal_flash_ramfunc.o
LOAD ./Drivers/STM32F4xx_HAL_Driver/Src/stm32f4xx_hal_gpio.o
LOAD ./Drivers/STM32F4xx_HAL_Driver/Src/stm32f4xx_hal_pwr.o
LOAD ./Drivers/STM32F4xx_HAL_Driver/Src/stm32f4xx_hal_pwr_ex.o
LOAD ./Drivers/STM32F4xx_HAL_Driver/Src/stm32f4xx_hal_rcc.o
LOAD ./Drivers/STM32F4xx_HAL_Driver/Src/stm32f4xx_hal_rcc_ex.o
LOAD ./Drivers/STM32F4xx_HAL_Driver/Src/stm32f4xx_hal_tim.o
LOAD ./Drivers/STM32F4xx_HAL_Driver/Src/stm32f4xx_hal_tim_ex.o
LOAD ./Drivers/STM32F4xx_HAL_Driver/Src/stm32f4xx_hal_uart.o
LOAD ./Drivers/STM32F4xx_HAL_Driver/Src/stm32f4xx_ll_adc.o
START GROUP
LOAD /Applications/STM32CubeIDE.app/Contents/Eclipse/plugins/com.st.stm32cube.ide.mcu.externaltools.gnu-tools-for-stm32.9-2020-q2-update.macos64_2.0.0.202105311346/tools/bin/../lib/gcc/arm-none-eabi/9.3.1/../../../../arm-none-eabi/lib/thumb/v7e-m+fp/hard/libc_nano.a
LOAD /Applications/STM32CubeIDE.app/Contents/Eclipse/plugins/com.st.stm32cube.ide.mcu.externaltools.gnu-tools-for-stm32.9-2020-q2-update.macos64_2.0.0.202105311346/tools/bin/../lib/gcc/arm-none-eabi/9.3.1/../../../../arm-none-eabi/lib/thumb/v7e-m+fp/hard/libm.a
END GROUP
START GROUP
LOAD /Applications/STM32CubeIDE.app/Contents/Eclipse/plugins/com.st.stm32cube.ide.mcu.externaltools.gnu-tools-for-stm32.9-2020-q2-update.macos64_2.0.0.202105311346/tools/bin/../lib/gcc/arm-none-eabi/9.3.1/thumb/v7e-m+fp/hard/libgcc.a
LOAD /Applications/STM32CubeIDE.app/Contents/Eclipse/plugins/com.st.stm32cube.ide.mcu.externaltools.gnu-tools-for-stm32.9-2020-q2-update.macos64_2.0.0.202105311346/tools/bin/../lib/gcc/arm-none-eabi/9.3.1/../../../../arm-none-eabi/lib/thumb/v7e-m+fp/hard/libc_nano.a
END GROUP
START GROUP
LOAD /Applications/STM32CubeIDE.app/Contents/Eclipse/plugins/com.st.stm32cube.ide.mcu.externaltools.gnu-tools-for-stm32.9-2020-q2-update.macos64_2.0.0.202105311346/tools/bin/../lib/gcc/arm-none-eabi/9.3.1/thumb/v7e-m+fp/hard/libgcc.a
LOAD /Applications/STM32CubeIDE.app/Contents/Eclipse/plugins/com.st.stm32cube.ide.mcu.externaltools.gnu-tools-for-stm32.9-2020-q2-update.macos64_2.0.0.202105311346/tools/bin/../lib/gcc/arm-none-eabi/9.3.1/../../../../arm-none-eabi/lib/thumb/v7e-m+fp/hard/libc_nano.a
LOAD /Applications/STM32CubeIDE.app/Contents/Eclipse/plugins/com.st.stm32cube.ide.mcu.externaltools.gnu-tools-for-stm32.9-2020-q2-update.macos64_2.0.0.202105311346/tools/bin/../lib/gcc/arm-none-eabi/9.3.1/../../../../arm-none-eabi/lib/thumb/v7e-m+fp/hard/libnosys.a
END GROUP
START GROUP
LOAD /Applications/STM32CubeIDE.app/Contents/Eclipse/plugins/com.st.stm32cube.ide.mcu.externaltools.gnu-tools-for-stm32.9-2020-q2-update.macos64_2.0.0.202105311346/tools/bin/../lib/gcc/arm-none-eabi/9.3.1/thumb/v7e-m+fp/hard/libgcc.a
LOAD /Applications/STM32CubeIDE.app/Contents/Eclipse/plugins/com.st.stm32cube.ide.mcu.externaltools.gnu-tools-for-stm32.9-2020-q2-update.macos64_2.0.0.202105311346/tools/bin/../lib/gcc/arm-none-eabi/9.3.1/../../../../arm-none-eabi/lib/thumb/v7e-m+fp/hard/libc_nano.a
LOAD /Applications/STM32CubeIDE.app/Contents/Eclipse/plugins/com.st.stm32cube.ide.mcu.externaltools.gnu-tools-for-stm32.9-2020-q2-update.macos64_2.0.0.202105311346/tools/bin/../lib/gcc/arm-none-eabi/9.3.1/../../../../arm-none-eabi/lib/thumb/v7e-m+fp/hard/libnosys.a
END GROUP
LOAD /Applications/STM32CubeIDE.app/Contents/Eclipse/plugins/com.st.stm32cube.ide.mcu.externaltools.gnu-tools-for-stm32.9-2020-q2-update.macos64_2.0.0.202105311346/tools/bin/../lib/gcc/arm-none-eabi/9.3.1/thumb/v7e-m+fp/hard/crtend.o
LOAD /Applications/STM32CubeIDE.app/Contents/Eclipse/plugins/com.st.stm32cube.ide.mcu.externaltools.gnu-tools-for-stm32.9-2020-q2-update.macos64_2.0.0.202105311346/tools/bin/../lib/gcc/arm-none-eabi/9.3.1/thumb/v7e-m+fp/hard/crtn.o
                0x0000000020020000                _estack = (ORIGIN (RAM) + LENGTH (RAM))
                0x0000000000000200                _Min_Heap_Size = 0x200
                0x0000000000000400                _Min_Stack_Size = 0x400

.isr_vector     0x0000000008000000      0x188
                0x0000000008000000                . = ALIGN (0x4)
 *(.isr_vector)
 .isr_vector    0x0000000008000000      0x188 ./Core/Startup/startup_stm32f407vgtx.o
                0x0000000008000000                g_pfnVectors
                0x0000000008000188                . = ALIGN (0x4)

.text           0x0000000008000190     0x65cc
                0x0000000008000190                . = ALIGN (0x4)
 *(.text)
 .text          0x0000000008000190       0x40 /Applications/STM32CubeIDE.app/Contents/Eclipse/plugins/com.st.stm32cube.ide.mcu.externaltools.gnu-tools-for-stm32.9-2020-q2-update.macos64_2.0.0.202105311346/tools/bin/../lib/gcc/arm-none-eabi/9.3.1/thumb/v7e-m+fp/hard/crtbegin.o
 .text          0x00000000080001d0       0x10 /Applications/STM32CubeIDE.app/Contents/Eclipse/plugins/com.st.stm32cube.ide.mcu.externaltools.gnu-tools-for-stm32.9-2020-q2-update.macos64_2.0.0.202105311346/tools/bin/../lib/gcc/arm-none-eabi/9.3.1/../../../../arm-none-eabi/lib/thumb/v7e-m+fp/hard/libc_nano.a(lib_a-strlen.o)
                0x00000000080001d0                strlen
 .text          0x00000000080001e0       0xa0 /Applications/STM32CubeIDE.app/Contents/Eclipse/plugins/com.st.stm32cube.ide.mcu.externaltools.gnu-tools-for-stm32.9-2020-q2-update.macos64_2.0.0.202105311346/tools/bin/../lib/gcc/arm-none-eabi/9.3.1/../../../../arm-none-eabi/lib/thumb/v7e-m+fp/hard/libc_nano.a(lib_a-memchr.o)
                0x00000000080001e0                memchr
 .text          0x0000000008000280      0x378 /Applications/STM32CubeIDE.app/Contents/Eclipse/plugins/com.st.stm32cube.ide.mcu.externaltools.gnu-tools-for-stm32.9-2020-q2-update.macos64_2.0.0.202105311346/tools/bin/../lib/gcc/arm-none-eabi/9.3.1/thumb/v7e-m+fp/hard/libgcc.a(_arm_addsubdf3.o)
                0x0000000008000280                __aeabi_drsub
                0x0000000008000288                __subdf3
                0x0000000008000288                __aeabi_dsub
                0x000000000800028c                __aeabi_dadd
                0x000000000800028c                __adddf3
                0x0000000008000504                __aeabi_ui2d
                0x0000000008000504                __floatunsidf
                0x0000000008000524                __floatsidf
                0x0000000008000524                __aeabi_i2d
                0x0000000008000548                __extendsfdf2
                0x0000000008000548                __aeabi_f2d
                0x000000000800058c                __aeabi_ul2d
                0x000000000800058c                __floatundidf
                0x000000000800059c                __aeabi_l2d
                0x000000000800059c                __floatdidf
 .text          0x00000000080005f8      0x424 /Applications/STM32CubeIDE.app/Contents/Eclipse/plugins/com.st.stm32cube.ide.mcu.externaltools.gnu-tools-for-stm32.9-2020-q2-update.macos64_2.0.0.202105311346/tools/bin/../lib/gcc/arm-none-eabi/9.3.1/thumb/v7e-m+fp/hard/libgcc.a(_arm_muldivdf3.o)
                0x00000000080005f8                __aeabi_dmul
                0x00000000080005f8                __muldf3
                0x000000000800084c                __aeabi_ddiv
                0x000000000800084c                __divdf3
 .text          0x0000000008000a1c      0x110 /Applications/STM32CubeIDE.app/Contents/Eclipse/plugins/com.st.stm32cube.ide.mcu.externaltools.gnu-tools-for-stm32.9-2020-q2-update.macos64_2.0.0.202105311346/tools/bin/../lib/gcc/arm-none-eabi/9.3.1/thumb/v7e-m+fp/hard/libgcc.a(_arm_cmpdf2.o)
                0x0000000008000a1c                __gedf2
                0x0000000008000a1c                __gtdf2
                0x0000000008000a24                __ledf2
                0x0000000008000a24                __ltdf2
                0x0000000008000a2c                __cmpdf2
                0x0000000008000a2c                __eqdf2
                0x0000000008000a2c                __nedf2
                0x0000000008000aa8                __aeabi_cdrcmple
                0x0000000008000ab8                __aeabi_cdcmple
                0x0000000008000ab8                __aeabi_cdcmpeq
                0x0000000008000ac8                __aeabi_dcmpeq
                0x0000000008000adc                __aeabi_dcmplt
                0x0000000008000af0                __aeabi_dcmple
                0x0000000008000b04                __aeabi_dcmpge
                0x0000000008000b18                __aeabi_dcmpgt
 .text          0x0000000008000b2c       0x50 /Applications/STM32CubeIDE.app/Contents/Eclipse/plugins/com.st.stm32cube.ide.mcu.externaltools.gnu-tools-for-stm32.9-2020-q2-update.macos64_2.0.0.202105311346/tools/bin/../lib/gcc/arm-none-eabi/9.3.1/thumb/v7e-m+fp/hard/libgcc.a(_arm_fixdfsi.o)
                0x0000000008000b2c                __fixdfsi
                0x0000000008000b2c                __aeabi_d2iz
 .text          0x0000000008000b7c       0xa0 /Applications/STM32CubeIDE.app/Contents/Eclipse/plugins/com.st.stm32cube.ide.mcu.externaltools.gnu-tools-for-stm32.9-2020-q2-update.macos64_2.0.0.202105311346/tools/bin/../lib/gcc/arm-none-eabi/9.3.1/thumb/v7e-m+fp/hard/libgcc.a(_arm_truncdfsf2.o)
                0x0000000008000b7c                __aeabi_d2f
                0x0000000008000b7c                __truncdfsf2
 .text          0x0000000008000c1c       0x30 /Applications/STM32CubeIDE.app/Contents/Eclipse/plugins/com.st.stm32cube.ide.mcu.externaltools.gnu-tools-for-stm32.9-2020-q2-update.macos64_2.0.0.202105311346/tools/bin/../lib/gcc/arm-none-eabi/9.3.1/thumb/v7e-m+fp/hard/libgcc.a(_aeabi_uldivmod.o)
                0x0000000008000c1c                __aeabi_uldivmod
 .text          0x0000000008000c4c      0x2c4 /Applications/STM32CubeIDE.app/Contents/Eclipse/plugins/com.st.stm32cube.ide.mcu.externaltools.gnu-tools-for-stm32.9-2020-q2-update.macos64_2.0.0.202105311346/tools/bin/../lib/gcc/arm-none-eabi/9.3.1/thumb/v7e-m+fp/hard/libgcc.a(_udivmoddi4.o)
                0x0000000008000c4c                __udivmoddi4
 .text          0x0000000008000f10        0x4 /Applications/STM32CubeIDE.app/Contents/Eclipse/plugins/com.st.stm32cube.ide.mcu.externaltools.gnu-tools-for-stm32.9-2020-q2-update.macos64_2.0.0.202105311346/tools/bin/../lib/gcc/arm-none-eabi/9.3.1/thumb/v7e-m+fp/hard/libgcc.a(_dvmd_tls.o)
                0x0000000008000f10                __aeabi_ldiv0
                0x0000000008000f10                __aeabi_idiv0
 *(.text*)
 .text.__NVIC_GetPriorityGrouping
                0x0000000008000f14       0x1c ./Core/Src/Audio_Drivers.o
 .text.__NVIC_EnableIRQ
                0x0000000008000f30       0x3c ./Core/Src/Audio_Drivers.o
 .text.__NVIC_SetPriority
                0x0000000008000f6c       0x54 ./Core/Src/Audio_Drivers.o
 .text.NVIC_EncodePriority
                0x0000000008000fc0       0x66 ./Core/Src/Audio_Drivers.o
 *fill*         0x0000000008001026        0x2 
 .text.Configure_GPIO_Output
                0x0000000008001028       0xfc ./Core/Src/Audio_Drivers.o
                0x0000000008001028                Configure_GPIO_Output
 .text.initAudioTimer
                0x0000000008001124      0x114 ./Core/Src/Audio_Drivers.o
                0x0000000008001124                initAudioTimer
 .text.setAudioTimer
                0x0000000008001238       0x8c ./Core/Src/Audio_Drivers.o
                0x0000000008001238                setAudioTimer
 .text.hasAudioTimerFinished
                0x00000000080012c4       0x1c ./Core/Src/Audio_Drivers.o
                0x00000000080012c4                hasAudioTimerFinished
 .text.audioDelay
                0x00000000080012e0       0x22 ./Core/Src/Audio_Drivers.o
                0x00000000080012e0                audioDelay
 .text.waitForFlagWithTimeout
                0x0000000008001302       0x62 ./Core/Src/Audio_Drivers.o
                0x0000000008001302                waitForFlagWithTimeout
 .text.myConfigureI2SClock
                0x0000000008001364       0x74 ./Core/Src/Audio_Drivers.o
                0x0000000008001364                myConfigureI2SClock
 .text.myConfigureTheMainClockPLL
                0x00000000080013d8       0xac ./Core/Src/Audio_Drivers.o
                0x00000000080013d8                myConfigureTheMainClockPLL
 .text.myConfigureFlashWaitStatesAndBusClocks
                0x0000000008001484      0x1ac ./Core/Src/Audio_Drivers.o
                0x0000000008001484                myConfigureFlashWaitStatesAndBusClocks
 .text.myAudioSpeedUpTheSystemClock
                0x0000000008001630       0x7c ./Core/Src/Audio_Drivers.o
                0x0000000008001630                myAudioSpeedUpTheSystemClock
 .text.configureAudioDACI2CRegisters
                0x00000000080016ac       0x94 ./Core/Src/Audio_Drivers.o
                0x00000000080016ac                configureAudioDACI2CRegisters
 .text.setupClocksAndGPIOForAudioI2C
                0x0000000008001740       0xb0 ./Core/Src/Audio_Drivers.o
 .text.setupAudioI2CPeripheral
                0x00000000080017f0       0x1c ./Core/Src/Audio_Drivers.o
 .text.setupResetForAudioDAC
                0x000000000800180c       0x50 ./Core/Src/Audio_Drivers.o
                0x000000000800180c                setupResetForAudioDAC
 .text.waitForI2CMasterAddressFlagUntilTimeout
                0x000000000800185c       0x70 ./Core/Src/Audio_Drivers.o
 .text.waitForI2CTXEFlagUntilTimeout
                0x00000000080018cc       0x60 ./Core/Src/Audio_Drivers.o
 .text.waitForI2CBTFFlagUntilTimeout
                0x000000000800192c       0x64 ./Core/Src/Audio_Drivers.o
 .text.myI2C_WaitOnRXNEFlagUntilTimeout
                0x0000000008001990       0x64 ./Core/Src/Audio_Drivers.o
 .text.clearTheADDRFlag
                0x00000000080019f4       0x26 ./Core/Src/Audio_Drivers.o
 *fill*         0x0000000008001a1a        0x2 
 .text.readDataFromI2CPeripheral
                0x0000000008001a1c      0x234 ./Core/Src/Audio_Drivers.o
                0x0000000008001a1c                readDataFromI2CPeripheral
 .text.resetTheI2CDriver
                0x0000000008001c50       0x28 ./Core/Src/Audio_Drivers.o
 .text.writeDataToI2CPeripheral
                0x0000000008001c78      0x18c ./Core/Src/Audio_Drivers.o
                0x0000000008001c78                writeDataToI2CPeripheral
 .text.myI2Cx_WriteData
                0x0000000008001e04       0x68 ./Core/Src/Audio_Drivers.o
                0x0000000008001e04                myI2Cx_WriteData
 .text.checkAudioDAC_ID
                0x0000000008001e6c       0x50 ./Core/Src/Audio_Drivers.o
                0x0000000008001e6c                checkAudioDAC_ID
 .text.AUDIO_IO_Init
                0x0000000008001ebc        0xe ./Core/Src/Audio_Drivers.o
                0x0000000008001ebc                AUDIO_IO_Init
 .text.AUDIO_IO_Write
                0x0000000008001eca       0x26 ./Core/Src/Audio_Drivers.o
                0x0000000008001eca                AUDIO_IO_Write
 .text.setupI2SPeripheral
                0x0000000008001ef0      0x144 ./Core/Src/Audio_Drivers.o
                0x0000000008001ef0                setupI2SPeripheral
 .text.setupDMAForI2SPeripheral
                0x0000000008002034       0xec ./Core/Src/Audio_Drivers.o
                0x0000000008002034                setupDMAForI2SPeripheral
 .text.configureI2SClockPLL
                0x0000000008002120       0xc0 ./Core/Src/Audio_Drivers.o
                0x0000000008002120                configureI2SClockPLL
 .text.myAudioInitialisePeripherals
                0x00000000080021e0       0x88 ./Core/Src/Audio_Drivers.o
                0x00000000080021e0                myAudioInitialisePeripherals
 .text.setupDMAForAudioDAC
                0x0000000008002268       0x84 ./Core/Src/Audio_Drivers.o
                0x0000000008002268                setupDMAForAudioDAC
 .text.myAudioStartPlaying
                0x00000000080022ec       0x68 ./Core/Src/Audio_Drivers.o
                0x00000000080022ec                myAudioStartPlaying
 .text.DMA1_Stream7_IRQHandler
                0x0000000008002354       0xc0 ./Core/Src/Audio_Drivers.o
                0x0000000008002354                DMA1_Stream7_IRQHandler
 .text.myAudioChangeBuffer
                0x0000000008002414       0x78 ./Core/Src/Audio_Drivers.o
                0x0000000008002414                myAudioChangeBuffer
 .text.cs43l22_Init
                0x000000000800248c      0x1c8 ./Core/Src/cs43l22.o
                0x000000000800248c                cs43l22_Init
 .text.cs43l22_Play
                0x0000000008002654       0x74 ./Core/Src/cs43l22.o
                0x0000000008002654                cs43l22_Play
 .text.cs43l22_SetVolume
                0x00000000080026c8       0xbc ./Core/Src/cs43l22.o
                0x00000000080026c8                cs43l22_SetVolume
 .text.cs43l22_SetMute
                0x0000000008002784       0xbc ./Core/Src/cs43l22.o
                0x0000000008002784                cs43l22_SetMute
 .text.CODEC_IO_Write
                0x0000000008002840       0x2e ./Core/Src/cs43l22.o
 *fill*         0x000000000800286e        0x2 
 .text.main     0x0000000008002870       0x9c ./Core/Src/main.o
                0x0000000008002870                main
 .text.SystemClock_Config
                0x000000000800290c       0xbc ./Core/Src/main.o
                0x000000000800290c                SystemClock_Config
 .text.MX_ADC1_Init
                0x00000000080029c8       0xa4 ./Core/Src/main.o
 .text.MX_USART2_UART_Init
                0x0000000008002a6c       0x54 ./Core/Src/main.o
 .text.MX_GPIO_Init
                0x0000000008002ac0       0x34 ./Core/Src/main.o
 .text.Error_Handler
                0x0000000008002af4        0xa ./Core/Src/main.o
                0x0000000008002af4                Error_Handler
 *fill*         0x0000000008002afe        0x2 
 .text.__NVIC_SetPriority
                0x0000000008002b00       0x54 ./Core/Src/sineWave.o
 .text.SysTick_Config
                0x0000000008002b54       0x44 ./Core/Src/sineWave.o
 .text.flashGreen
                0x0000000008002b98       0x48 ./Core/Src/sineWave.o
                0x0000000008002b98                flashGreen
 .text.setup    0x0000000008002be0       0xe0 ./Core/Src/sineWave.o
                0x0000000008002be0                setup
 .text.loopAudio
                0x0000000008002cc0      0x10c ./Core/Src/sineWave.o
                0x0000000008002cc0                loopAudio
 .text.myAudioHalfTransferCallback
                0x0000000008002dcc       0x18 ./Core/Src/sineWave.o
                0x0000000008002dcc                myAudioHalfTransferCallback
 .text.myAudioTransferCompleteCallback
                0x0000000008002de4       0x20 ./Core/Src/sineWave.o
                0x0000000008002de4                myAudioTransferCompleteCallback
 .text.HAL_MspInit
                0x0000000008002e04       0x50 ./Core/Src/stm32f4xx_hal_msp.o
                0x0000000008002e04                HAL_MspInit
 .text.HAL_ADC_MspInit
                0x0000000008002e54       0x88 ./Core/Src/stm32f4xx_hal_msp.o
                0x0000000008002e54                HAL_ADC_MspInit
 .text.HAL_UART_MspInit
                0x0000000008002edc       0x90 ./Core/Src/stm32f4xx_hal_msp.o
                0x0000000008002edc                HAL_UART_MspInit
 .text.NMI_Handler
                0x0000000008002f6c        0x6 ./Core/Src/stm32f4xx_it.o
                0x0000000008002f6c                NMI_Handler
 .text.HardFault_Handler
                0x0000000008002f72        0x6 ./Core/Src/stm32f4xx_it.o
                0x0000000008002f72                HardFault_Handler
 .text.MemManage_Handler
                0x0000000008002f78        0x6 ./Core/Src/stm32f4xx_it.o
                0x0000000008002f78                MemManage_Handler
 .text.BusFault_Handler
                0x0000000008002f7e        0x6 ./Core/Src/stm32f4xx_it.o
                0x0000000008002f7e                BusFault_Handler
 .text.UsageFault_Handler
                0x0000000008002f84        0x6 ./Core/Src/stm32f4xx_it.o
                0x0000000008002f84                UsageFault_Handler
 .text.SVC_Handler
                0x0000000008002f8a        0xe ./Core/Src/stm32f4xx_it.o
                0x0000000008002f8a                SVC_Handler
 .text.DebugMon_Handler
                0x0000000008002f98        0xe ./Core/Src/stm32f4xx_it.o
                0x0000000008002f98                DebugMon_Handler
 .text.PendSV_Handler
                0x0000000008002fa6        0xe ./Core/Src/stm32f4xx_it.o
                0x0000000008002fa6                PendSV_Handler
 .text.SysTick_Handler
                0x0000000008002fb4        0xc ./Core/Src/stm32f4xx_it.o
                0x0000000008002fb4                SysTick_Handler
 .text._sbrk    0x0000000008002fc0       0x6c ./Core/Src/sysmem.o
                0x0000000008002fc0                _sbrk
 .text.SystemInit
                0x000000000800302c       0x24 ./Core/Src/system_stm32f4xx.o
                0x000000000800302c                SystemInit
 .text.SystemCoreClockUpdate
                0x0000000008003050      0x100 ./Core/Src/system_stm32f4xx.o
                0x0000000008003050                SystemCoreClockUpdate
 .text.Reset_Handler
                0x0000000008003150       0x50 ./Core/Startup/startup_stm32f407vgtx.o
                0x0000000008003150                Reset_Handler
 .text.Default_Handler
                0x00000000080031a0        0x2 ./Core/Startup/startup_stm32f407vgtx.o
                0x00000000080031a0                DMA1_Stream3_IRQHandler
                0x00000000080031a0                HASH_RNG_IRQHandler
                0x00000000080031a0                EXTI2_IRQHandler
                0x00000000080031a0                TIM8_CC_IRQHandler
                0x00000000080031a0                TIM1_CC_IRQHandler
                0x00000000080031a0                DMA2_Stream5_IRQHandler
                0x00000000080031a0                DMA1_Stream5_IRQHandler
                0x00000000080031a0                PVD_IRQHandler
                0x00000000080031a0                SDIO_IRQHandler
                0x00000000080031a0                TAMP_STAMP_IRQHandler
                0x00000000080031a0                CAN2_RX1_IRQHandler
                0x00000000080031a0                EXTI3_IRQHandler
                0x00000000080031a0                TIM8_TRG_COM_TIM14_IRQHandler
                0x00000000080031a0                TIM1_UP_TIM10_IRQHandler
                0x00000000080031a0                TIM8_UP_TIM13_IRQHandler
                0x00000000080031a0                I2C3_ER_IRQHandler
                0x00000000080031a0                EXTI0_IRQHandler
                0x00000000080031a0                I2C2_EV_IRQHandler
                0x00000000080031a0                DMA1_Stream2_IRQHandler
                0x00000000080031a0                CAN1_RX0_IRQHandler
                0x00000000080031a0                FPU_IRQHandler
                0x00000000080031a0                OTG_HS_WKUP_IRQHandler
                0x00000000080031a0                CAN2_SCE_IRQHandler
                0x00000000080031a0                DMA2_Stream2_IRQHandler
                0x00000000080031a0                SPI1_IRQHandler
                0x00000000080031a0                TIM6_DAC_IRQHandler
                0x00000000080031a0                TIM1_BRK_TIM9_IRQHandler
                0x00000000080031a0                DCMI_IRQHandler
                0x00000000080031a0                CAN2_RX0_IRQHandler
                0x00000000080031a0                DMA2_Stream3_IRQHandler
                0x00000000080031a0                USART6_IRQHandler
                0x00000000080031a0                USART3_IRQHandler
                0x00000000080031a0                CAN1_RX1_IRQHandler
                0x00000000080031a0                UART5_IRQHandler
                0x00000000080031a0                DMA2_Stream0_IRQHandler
                0x00000000080031a0                TIM4_IRQHandler
                0x00000000080031a0                I2C1_EV_IRQHandler
                0x00000000080031a0                DMA1_Stream6_IRQHandler
                0x00000000080031a0                DMA1_Stream1_IRQHandler
                0x00000000080031a0                UART4_IRQHandler
                0x00000000080031a0                TIM3_IRQHandler
                0x00000000080031a0                RCC_IRQHandler
                0x00000000080031a0                TIM8_BRK_TIM12_IRQHandler
                0x00000000080031a0                Default_Handler
                0x00000000080031a0                EXTI15_10_IRQHandler
                0x00000000080031a0                ADC_IRQHandler
                0x00000000080031a0                TIM7_IRQHandler
                0x00000000080031a0                CAN2_TX_IRQHandler
                0x00000000080031a0                TIM5_IRQHandler
                0x00000000080031a0                DMA2_Stream7_IRQHandler
                0x00000000080031a0                I2C3_EV_IRQHandler
                0x00000000080031a0                EXTI9_5_IRQHandler
                0x00000000080031a0                RTC_WKUP_IRQHandler
                0x00000000080031a0                ETH_WKUP_IRQHandler
                0x00000000080031a0                SPI2_IRQHandler
                0x00000000080031a0                OTG_HS_EP1_IN_IRQHandler
                0x00000000080031a0                DMA1_Stream0_IRQHandler
                0x00000000080031a0                CAN1_TX_IRQHandler
                0x00000000080031a0                EXTI4_IRQHandler
                0x00000000080031a0                FSMC_IRQHandler
                0x00000000080031a0                ETH_IRQHandler
                0x00000000080031a0                OTG_HS_EP1_OUT_IRQHandler
                0x00000000080031a0                WWDG_IRQHandler
                0x00000000080031a0                TIM2_IRQHandler
                0x00000000080031a0                OTG_FS_WKUP_IRQHandler
                0x00000000080031a0                TIM1_TRG_COM_TIM11_IRQHandler
                0x00000000080031a0                OTG_HS_IRQHandler
                0x00000000080031a0                EXTI1_IRQHandler
                0x00000000080031a0                USART2_IRQHandler
                0x00000000080031a0                I2C2_ER_IRQHandler
                0x00000000080031a0                DMA2_Stream1_IRQHandler
                0x00000000080031a0                CAN1_SCE_IRQHandler
                0x00000000080031a0                FLASH_IRQHandler
                0x00000000080031a0                DMA2_Stream4_IRQHandler
                0x00000000080031a0                USART1_IRQHandler
                0x00000000080031a0                OTG_FS_IRQHandler
                0x00000000080031a0                SPI3_IRQHandler
                0x00000000080031a0                DMA1_Stream4_IRQHandler
                0x00000000080031a0                I2C1_ER_IRQHandler
                0x00000000080031a0                DMA2_Stream6_IRQHandler
                0x00000000080031a0                RTC_Alarm_IRQHandler
 *fill*         0x00000000080031a2        0x2 
 .text.HAL_Init
                0x00000000080031a4       0x44 ./Drivers/STM32F4xx_HAL_Driver/Src/stm32f4xx_hal.o
                0x00000000080031a4                HAL_Init
 .text.HAL_InitTick
                0x00000000080031e8       0x60 ./Drivers/STM32F4xx_HAL_Driver/Src/stm32f4xx_hal.o
                0x00000000080031e8                HAL_InitTick
 .text.HAL_IncTick
                0x0000000008003248       0x28 ./Drivers/STM32F4xx_HAL_Driver/Src/stm32f4xx_hal.o
                0x0000000008003248                HAL_IncTick
 .text.HAL_GetTick
                0x0000000008003270       0x18 ./Drivers/STM32F4xx_HAL_Driver/Src/stm32f4xx_hal.o
                0x0000000008003270                HAL_GetTick
 .text.HAL_ADC_Init
                0x0000000008003288       0x86 ./Drivers/STM32F4xx_HAL_Driver/Src/stm32f4xx_hal_adc.o
                0x0000000008003288                HAL_ADC_Init
 *fill*         0x000000000800330e        0x2 
 .text.HAL_ADC_Start
                0x0000000008003310      0x1a4 ./Drivers/STM32F4xx_HAL_Driver/Src/stm32f4xx_hal_adc.o
                0x0000000008003310                HAL_ADC_Start
 .text.HAL_ADC_PollForConversion
                0x00000000080034b4      0x116 ./Drivers/STM32F4xx_HAL_Driver/Src/stm32f4xx_hal_adc.o
                0x00000000080034b4                HAL_ADC_PollForConversion
 .text.HAL_ADC_GetValue
                0x00000000080035ca       0x1a ./Drivers/STM32F4xx_HAL_Driver/Src/stm32f4xx_hal_adc.o
                0x00000000080035ca                HAL_ADC_GetValue
 .text.HAL_ADC_ConfigChannel
                0x00000000080035e4      0x244 ./Drivers/STM32F4xx_HAL_Driver/Src/stm32f4xx_hal_adc.o
                0x00000000080035e4                HAL_ADC_ConfigChannel
 .text.ADC_Init
                0x0000000008003828      0x1f8 ./Drivers/STM32F4xx_HAL_Driver/Src/stm32f4xx_hal_adc.o
 .text.__NVIC_SetPriorityGrouping
                0x0000000008003a20       0x48 ./Drivers/STM32F4xx_HAL_Driver/Src/stm32f4xx_hal_cortex.o
 .text.__NVIC_GetPriorityGrouping
                0x0000000008003a68       0x1c ./Drivers/STM32F4xx_HAL_Driver/Src/stm32f4xx_hal_cortex.o
 .text.__NVIC_SetPriority
                0x0000000008003a84       0x54 ./Drivers/STM32F4xx_HAL_Driver/Src/stm32f4xx_hal_cortex.o
 .text.NVIC_EncodePriority
                0x0000000008003ad8       0x66 ./Drivers/STM32F4xx_HAL_Driver/Src/stm32f4xx_hal_cortex.o
 *fill*         0x0000000008003b3e        0x2 
 .text.SysTick_Config
                0x0000000008003b40       0x44 ./Drivers/STM32F4xx_HAL_Driver/Src/stm32f4xx_hal_cortex.o
 .text.HAL_NVIC_SetPriorityGrouping
                0x0000000008003b84       0x16 ./Drivers/STM32F4xx_HAL_Driver/Src/stm32f4xx_hal_cortex.o
                0x0000000008003b84                HAL_NVIC_SetPriorityGrouping
 .text.HAL_NVIC_SetPriority
                0x0000000008003b9a       0x38 ./Drivers/STM32F4xx_HAL_Driver/Src/stm32f4xx_hal_cortex.o
                0x0000000008003b9a                HAL_NVIC_SetPriority
 .text.HAL_SYSTICK_Config
                0x0000000008003bd2       0x18 ./Drivers/STM32F4xx_HAL_Driver/Src/stm32f4xx_hal_cortex.o
                0x0000000008003bd2                HAL_SYSTICK_Config
 *fill*         0x0000000008003bea        0x2 
 .text.HAL_GPIO_Init
                0x0000000008003bec      0x338 ./Drivers/STM32F4xx_HAL_Driver/Src/stm32f4xx_hal_gpio.o
                0x0000000008003bec                HAL_GPIO_Init
 .text.HAL_GPIO_WritePin
                0x0000000008003f24       0x32 ./Drivers/STM32F4xx_HAL_Driver/Src/stm32f4xx_hal_gpio.o
                0x0000000008003f24                HAL_GPIO_WritePin
 *fill*         0x0000000008003f56        0x2 
 .text.HAL_RCC_OscConfig
                0x0000000008003f58      0x4f0 ./Drivers/STM32F4xx_HAL_Driver/Src/stm32f4xx_hal_rcc.o
                0x0000000008003f58                HAL_RCC_OscConfig
 .text.HAL_RCC_ClockConfig
                0x0000000008004448      0x1cc ./Drivers/STM32F4xx_HAL_Driver/Src/stm32f4xx_hal_rcc.o
                0x0000000008004448                HAL_RCC_ClockConfig
 .text.HAL_RCC_GetSysClockFreq
                0x0000000008004614      0x16c ./Drivers/STM32F4xx_HAL_Driver/Src/stm32f4xx_hal_rcc.o
                0x0000000008004614                HAL_RCC_GetSysClockFreq
 .text.HAL_RCC_GetHCLKFreq
                0x0000000008004780       0x18 ./Drivers/STM32F4xx_HAL_Driver/Src/stm32f4xx_hal_rcc.o
                0x0000000008004780                HAL_RCC_GetHCLKFreq
 .text.HAL_RCC_GetPCLK1Freq
                0x0000000008004798       0x28 ./Drivers/STM32F4xx_HAL_Driver/Src/stm32f4xx_hal_rcc.o
                0x0000000008004798                HAL_RCC_GetPCLK1Freq
 .text.HAL_RCC_GetPCLK2Freq
                0x00000000080047c0       0x28 ./Drivers/STM32F4xx_HAL_Driver/Src/stm32f4xx_hal_rcc.o
                0x00000000080047c0                HAL_RCC_GetPCLK2Freq
 .text.HAL_UART_Init
                0x00000000080047e8       0x9a ./Drivers/STM32F4xx_HAL_Driver/Src/stm32f4xx_hal_uart.o
                0x00000000080047e8                HAL_UART_Init
 .text.HAL_UART_Transmit
                0x0000000008004882      0x124 ./Drivers/STM32F4xx_HAL_Driver/Src/stm32f4xx_hal_uart.o
                0x0000000008004882                HAL_UART_Transmit
 .text.UART_WaitOnFlagUntilTimeout
                0x00000000080049a6       0xdc ./Drivers/STM32F4xx_HAL_Driver/Src/stm32f4xx_hal_uart.o
 *fill*         0x0000000008004a82        0x2 
 .text.UART_SetConfig
                0x0000000008004a84      0x390 ./Drivers/STM32F4xx_HAL_Driver/Src/stm32f4xx_hal_uart.o
 .text.__errno  0x0000000008004e14        0xc /Applications/STM32CubeIDE.app/Contents/Eclipse/plugins/com.st.stm32cube.ide.mcu.externaltools.gnu-tools-for-stm32.9-2020-q2-update.macos64_2.0.0.202105311346/tools/bin/../lib/gcc/arm-none-eabi/9.3.1/../../../../arm-none-eabi/lib/thumb/v7e-m+fp/hard/libc_nano.a(lib_a-errno.o)
                0x0000000008004e14                __errno
 .text.__libc_init_array
                0x0000000008004e20       0x48 /Applications/STM32CubeIDE.app/Contents/Eclipse/plugins/com.st.stm32cube.ide.mcu.externaltools.gnu-tools-for-stm32.9-2020-q2-update.macos64_2.0.0.202105311346/tools/bin/../lib/gcc/arm-none-eabi/9.3.1/../../../../arm-none-eabi/lib/thumb/v7e-m+fp/hard/libc_nano.a(lib_a-init.o)
                0x0000000008004e20                __libc_init_array
 .text.memset   0x0000000008004e68       0x10 /Applications/STM32CubeIDE.app/Contents/Eclipse/plugins/com.st.stm32cube.ide.mcu.externaltools.gnu-tools-for-stm32.9-2020-q2-update.macos64_2.0.0.202105311346/tools/bin/../lib/gcc/arm-none-eabi/9.3.1/../../../../arm-none-eabi/lib/thumb/v7e-m+fp/hard/libc_nano.a(lib_a-memset.o)
                0x0000000008004e68                memset
 .text.sprintf  0x0000000008004e78       0x40 /Applications/STM32CubeIDE.app/Contents/Eclipse/plugins/com.st.stm32cube.ide.mcu.externaltools.gnu-tools-for-stm32.9-2020-q2-update.macos64_2.0.0.202105311346/tools/bin/../lib/gcc/arm-none-eabi/9.3.1/../../../../arm-none-eabi/lib/thumb/v7e-m+fp/hard/libc_nano.a(lib_a-sprintf.o)
                0x0000000008004e78                sprintf
                0x0000000008004e78                siprintf
 .text.__ssputs_r
                0x0000000008004eb8       0xb6 /Applications/STM32CubeIDE.app/Contents/Eclipse/plugins/com.st.stm32cube.ide.mcu.externaltools.gnu-tools-for-stm32.9-2020-q2-update.macos64_2.0.0.202105311346/tools/bin/../lib/gcc/arm-none-eabi/9.3.1/../../../../arm-none-eabi/lib/thumb/v7e-m+fp/hard/libc_nano.a(lib_a-nano-svfprintf.o)
                0x0000000008004eb8                __ssputs_r
 *fill*         0x0000000008004f6e        0x2 
 .text._svfprintf_r
                0x0000000008004f70      0x200 /Applications/STM32CubeIDE.app/Contents/Eclipse/plugins/com.st.stm32cube.ide.mcu.externaltools.gnu-tools-for-stm32.9-2020-q2-update.macos64_2.0.0.202105311346/tools/bin/../lib/gcc/arm-none-eabi/9.3.1/../../../../arm-none-eabi/lib/thumb/v7e-m+fp/hard/libc_nano.a(lib_a-nano-svfprintf.o)
                0x0000000008004f70                _svfprintf_r
                0x0000000008004f70                _svfiprintf_r
 .text._printf_common
                0x0000000008005170       0xda /Applications/STM32CubeIDE.app/Contents/Eclipse/plugins/com.st.stm32cube.ide.mcu.externaltools.gnu-tools-for-stm32.9-2020-q2-update.macos64_2.0.0.202105311346/tools/bin/../lib/gcc/arm-none-eabi/9.3.1/../../../../arm-none-eabi/lib/thumb/v7e-m+fp/hard/libc_nano.a(lib_a-nano-vfprintf_i.o)
                0x0000000008005170                _printf_common
 *fill*         0x000000000800524a        0x2 
 .text._printf_i
                0x000000000800524c      0x24c /Applications/STM32CubeIDE.app/Contents/Eclipse/plugins/com.st.stm32cube.ide.mcu.externaltools.gnu-tools-for-stm32.9-2020-q2-update.macos64_2.0.0.202105311346/tools/bin/../lib/gcc/arm-none-eabi/9.3.1/../../../../arm-none-eabi/lib/thumb/v7e-m+fp/hard/libc_nano.a(lib_a-nano-vfprintf_i.o)
                0x000000000800524c                _printf_i
 .text.memcpy   0x0000000008005498       0x1c /Applications/STM32CubeIDE.app/Contents/Eclipse/plugins/com.st.stm32cube.ide.mcu.externaltools.gnu-tools-for-stm32.9-2020-q2-update.macos64_2.0.0.202105311346/tools/bin/../lib/gcc/arm-none-eabi/9.3.1/../../../../arm-none-eabi/lib/thumb/v7e-m+fp/hard/libc_nano.a(lib_a-memcpy-stub.o)
                0x0000000008005498                memcpy
 .text.memmove  0x00000000080054b4       0x34 /Applications/STM32CubeIDE.app/Contents/Eclipse/plugins/com.st.stm32cube.ide.mcu.externaltools.gnu-tools-for-stm32.9-2020-q2-update.macos64_2.0.0.202105311346/tools/bin/../lib/gcc/arm-none-eabi/9.3.1/../../../../arm-none-eabi/lib/thumb/v7e-m+fp/hard/libc_nano.a(lib_a-memmove.o)
                0x00000000080054b4                memmove
 .text._free_r  0x00000000080054e8       0xa0 /Applications/STM32CubeIDE.app/Contents/Eclipse/plugins/com.st.stm32cube.ide.mcu.externaltools.gnu-tools-for-stm32.9-2020-q2-update.macos64_2.0.0.202105311346/tools/bin/../lib/gcc/arm-none-eabi/9.3.1/../../../../arm-none-eabi/lib/thumb/v7e-m+fp/hard/libc_nano.a(lib_a-nano-freer.o)
                0x00000000080054e8                _free_r
 .text._malloc_r
                0x0000000008005588       0xb4 /Applications/STM32CubeIDE.app/Contents/Eclipse/plugins/com.st.stm32cube.ide.mcu.externaltools.gnu-tools-for-stm32.9-2020-q2-update.macos64_2.0.0.202105311346/tools/bin/../lib/gcc/arm-none-eabi/9.3.1/../../../../arm-none-eabi/lib/thumb/v7e-m+fp/hard/libc_nano.a(lib_a-nano-mallocr.o)
                0x0000000008005588                _malloc_r
 .text._realloc_r
                0x000000000800563c       0x4c /Applications/STM32CubeIDE.app/Contents/Eclipse/plugins/com.st.stm32cube.ide.mcu.externaltools.gnu-tools-for-stm32.9-2020-q2-update.macos64_2.0.0.202105311346/tools/bin/../lib/gcc/arm-none-eabi/9.3.1/../../../../arm-none-eabi/lib/thumb/v7e-m+fp/hard/libc_nano.a(lib_a-nano-reallocr.o)
                0x000000000800563c                _realloc_r
 .text._sbrk_r  0x0000000008005688       0x20 /Applications/STM32CubeIDE.app/Contents/Eclipse/plugins/com.st.stm32cube.ide.mcu.externaltools.gnu-tools-for-stm32.9-2020-q2-update.macos64_2.0.0.202105311346/tools/bin/../lib/gcc/arm-none-eabi/9.3.1/../../../../arm-none-eabi/lib/thumb/v7e-m+fp/hard/libc_nano.a(lib_a-sbrkr.o)
                0x0000000008005688                _sbrk_r
 .text.__malloc_lock
                0x00000000080056a8        0xc /Applications/STM32CubeIDE.app/Contents/Eclipse/plugins/com.st.stm32cube.ide.mcu.externaltools.gnu-tools-for-stm32.9-2020-q2-update.macos64_2.0.0.202105311346/tools/bin/../lib/gcc/arm-none-eabi/9.3.1/../../../../arm-none-eabi/lib/thumb/v7e-m+fp/hard/libc_nano.a(lib_a-mlock.o)
                0x00000000080056a8                __malloc_lock
 .text.__malloc_unlock
                0x00000000080056b4        0xc /Applications/STM32CubeIDE.app/Contents/Eclipse/plugins/com.st.stm32cube.ide.mcu.externaltools.gnu-tools-for-stm32.9-2020-q2-update.macos64_2.0.0.202105311346/tools/bin/../lib/gcc/arm-none-eabi/9.3.1/../../../../arm-none-eabi/lib/thumb/v7e-m+fp/hard/libc_nano.a(lib_a-mlock.o)
                0x00000000080056b4                __malloc_unlock
 .text._malloc_usable_size_r
                0x00000000080056c0       0x10 /Applications/STM32CubeIDE.app/Contents/Eclipse/plugins/com.st.stm32cube.ide.mcu.externaltools.gnu-tools-for-stm32.9-2020-q2-update.macos64_2.0.0.202105311346/tools/bin/../lib/gcc/arm-none-eabi/9.3.1/../../../../arm-none-eabi/lib/thumb/v7e-m+fp/hard/libc_nano.a(lib_a-nano-msizer.o)
                0x00000000080056c0                _malloc_usable_size_r
 .text.__retarget_lock_acquire_recursive
                0x00000000080056d0        0x2 /Applications/STM32CubeIDE.app/Contents/Eclipse/plugins/com.st.stm32cube.ide.mcu.externaltools.gnu-tools-for-stm32.9-2020-q2-update.macos64_2.0.0.202105311346/tools/bin/../lib/gcc/arm-none-eabi/9.3.1/../../../../arm-none-eabi/lib/thumb/v7e-m+fp/hard/libc_nano.a(lib_a-lock.o)
                0x00000000080056d0                __retarget_lock_acquire_recursive
 .text.__retarget_lock_release_recursive
                0x00000000080056d2        0x2 /Applications/STM32CubeIDE.app/Contents/Eclipse/plugins/com.st.stm32cube.ide.mcu.externaltools.gnu-tools-for-stm32.9-2020-q2-update.macos64_2.0.0.202105311346/tools/bin/../lib/gcc/arm-none-eabi/9.3.1/../../../../arm-none-eabi/lib/thumb/v7e-m+fp/hard/libc_nano.a(lib_a-lock.o)
                0x00000000080056d2                __retarget_lock_release_recursive
 *fill*         0x00000000080056d4        0x4 
 .text.sin      0x00000000080056d8       0xa8 /Applications/STM32CubeIDE.app/Contents/Eclipse/plugins/com.st.stm32cube.ide.mcu.externaltools.gnu-tools-for-stm32.9-2020-q2-update.macos64_2.0.0.202105311346/tools/bin/../lib/gcc/arm-none-eabi/9.3.1/../../../../arm-none-eabi/lib/thumb/v7e-m+fp/hard/libm.a(lib_a-s_sin.o)
                0x00000000080056d8                sin
 .text.__ieee754_rem_pio2
                0x0000000008005780      0x414 /Applications/STM32CubeIDE.app/Contents/Eclipse/plugins/com.st.stm32cube.ide.mcu.externaltools.gnu-tools-for-stm32.9-2020-q2-update.macos64_2.0.0.202105311346/tools/bin/../lib/gcc/arm-none-eabi/9.3.1/../../../../arm-none-eabi/lib/thumb/v7e-m+fp/hard/libm.a(lib_a-e_rem_pio2.o)
                0x0000000008005780                __ieee754_rem_pio2
 *fill*         0x0000000008005b94        0x4 
 .text.__kernel_cos
                0x0000000008005b98      0x18c /Applications/STM32CubeIDE.app/Contents/Eclipse/plugins/com.st.stm32cube.ide.mcu.externaltools.gnu-tools-for-stm32.9-2020-q2-update.macos64_2.0.0.202105311346/tools/bin/../lib/gcc/arm-none-eabi/9.3.1/../../../../arm-none-eabi/lib/thumb/v7e-m+fp/hard/libm.a(lib_a-k_cos.o)
                0x0000000008005b98                __kernel_cos
 *fill*         0x0000000008005d24        0x4 
 .text.__kernel_rem_pio2
                0x0000000008005d28      0x680 /Applications/STM32CubeIDE.app/Contents/Eclipse/plugins/com.st.stm32cube.ide.mcu.externaltools.gnu-tools-for-stm32.9-2020-q2-update.macos64_2.0.0.202105311346/tools/bin/../lib/gcc/arm-none-eabi/9.3.1/../../../../arm-none-eabi/lib/thumb/v7e-m+fp/hard/libm.a(lib_a-k_rem_pio2.o)
                0x0000000008005d28                __kernel_rem_pio2
 .text.__kernel_sin
                0x00000000080063a8      0x17c /Applications/STM32CubeIDE.app/Contents/Eclipse/plugins/com.st.stm32cube.ide.mcu.externaltools.gnu-tools-for-stm32.9-2020-q2-update.macos64_2.0.0.202105311346/tools/bin/../lib/gcc/arm-none-eabi/9.3.1/../../../../arm-none-eabi/lib/thumb/v7e-m+fp/hard/libm.a(lib_a-k_sin.o)
                0x00000000080063a8                __kernel_sin
 .text.fabs     0x0000000008006524       0x12 /Applications/STM32CubeIDE.app/Contents/Eclipse/plugins/com.st.stm32cube.ide.mcu.externaltools.gnu-tools-for-stm32.9-2020-q2-update.macos64_2.0.0.202105311346/tools/bin/../lib/gcc/arm-none-eabi/9.3.1/../../../../arm-none-eabi/lib/thumb/v7e-m+fp/hard/libm.a(lib_a-s_fabs.o)
                0x0000000008006524                fabs
 *fill*         0x0000000008006536        0x2 
 .text.floor    0x0000000008006538      0x100 /Applications/STM32CubeIDE.app/Contents/Eclipse/plugins/com.st.stm32cube.ide.mcu.externaltools.gnu-tools-for-stm32.9-2020-q2-update.macos64_2.0.0.202105311346/tools/bin/../lib/gcc/arm-none-eabi/9.3.1/../../../../arm-none-eabi/lib/thumb/v7e-m+fp/hard/libm.a(lib_a-s_floor.o)
                0x0000000008006538                floor
 .text.scalbn   0x0000000008006638      0x10c /Applications/STM32CubeIDE.app/Contents/Eclipse/plugins/com.st.stm32cube.ide.mcu.externaltools.gnu-tools-for-stm32.9-2020-q2-update.macos64_2.0.0.202105311346/tools/bin/../lib/gcc/arm-none-eabi/9.3.1/../../../../arm-none-eabi/lib/thumb/v7e-m+fp/hard/libm.a(lib_a-s_scalbn.o)
                0x0000000008006638                scalbn
 *(.glue_7)
 .glue_7        0x0000000008006744        0x0 linker stubs
 *(.glue_7t)
 .glue_7t       0x0000000008006744        0x0 linker stubs
 *(.eh_frame)
 .eh_frame      0x0000000008006744        0x0 /Applications/STM32CubeIDE.app/Contents/Eclipse/plugins/com.st.stm32cube.ide.mcu.externaltools.gnu-tools-for-stm32.9-2020-q2-update.macos64_2.0.0.202105311346/tools/bin/../lib/gcc/arm-none-eabi/9.3.1/thumb/v7e-m+fp/hard/crtbegin.o
 *(.init)
 .init          0x0000000008006744        0x4 /Applications/STM32CubeIDE.app/Contents/Eclipse/plugins/com.st.stm32cube.ide.mcu.externaltools.gnu-tools-for-stm32.9-2020-q2-update.macos64_2.0.0.202105311346/tools/bin/../lib/gcc/arm-none-eabi/9.3.1/thumb/v7e-m+fp/hard/crti.o
                0x0000000008006744                _init
 .init          0x0000000008006748        0x8 /Applications/STM32CubeIDE.app/Contents/Eclipse/plugins/com.st.stm32cube.ide.mcu.externaltools.gnu-tools-for-stm32.9-2020-q2-update.macos64_2.0.0.202105311346/tools/bin/../lib/gcc/arm-none-eabi/9.3.1/thumb/v7e-m+fp/hard/crtn.o
 *(.fini)
 .fini          0x0000000008006750        0x4 /Applications/STM32CubeIDE.app/Contents/Eclipse/plugins/com.st.stm32cube.ide.mcu.externaltools.gnu-tools-for-stm32.9-2020-q2-update.macos64_2.0.0.202105311346/tools/bin/../lib/gcc/arm-none-eabi/9.3.1/thumb/v7e-m+fp/hard/crti.o
                0x0000000008006750                _fini
 .fini          0x0000000008006754        0x8 /Applications/STM32CubeIDE.app/Contents/Eclipse/plugins/com.st.stm32cube.ide.mcu.externaltools.gnu-tools-for-stm32.9-2020-q2-update.macos64_2.0.0.202105311346/tools/bin/../lib/gcc/arm-none-eabi/9.3.1/thumb/v7e-m+fp/hard/crtn.o
                0x000000000800675c                . = ALIGN (0x4)
                0x000000000800675c                _etext = .

.vfp11_veneer   0x000000000800675c        0x0
 .vfp11_veneer  0x000000000800675c        0x0 linker stubs

.v4_bx          0x000000000800675c        0x0
 .v4_bx         0x000000000800675c        0x0 linker stubs

.iplt           0x000000000800675c        0x0
 .iplt          0x000000000800675c        0x0 /Applications/STM32CubeIDE.app/Contents/Eclipse/plugins/com.st.stm32cube.ide.mcu.externaltools.gnu-tools-for-stm32.9-2020-q2-update.macos64_2.0.0.202105311346/tools/bin/../lib/gcc/arm-none-eabi/9.3.1/thumb/v7e-m+fp/hard/crtbegin.o

.rodata         0x0000000008006760      0x2b0
                0x0000000008006760                . = ALIGN (0x4)
 *(.rodata)
 .rodata        0x0000000008006760       0x20 ./Core/Src/Audio_Drivers.o
 .rodata        0x0000000008006780        0x6 ./Core/Src/main.o
 *(.rodata*)
 *fill*         0x0000000008006786        0x2 
 .rodata.myI2SFreq
                0x0000000008006788       0x20 ./Core/Src/Audio_Drivers.o
                0x0000000008006788                myI2SFreq
 .rodata.myI2SPLLN
                0x00000000080067a8       0x20 ./Core/Src/Audio_Drivers.o
                0x00000000080067a8                myI2SPLLN
 .rodata.myI2SPLLR
                0x00000000080067c8       0x20 ./Core/Src/Audio_Drivers.o
                0x00000000080067c8                myI2SPLLR
 .rodata.AHBPrescTable
                0x00000000080067e8       0x10 ./Core/Src/system_stm32f4xx.o
                0x00000000080067e8                AHBPrescTable
 .rodata.APBPrescTable
                0x00000000080067f8        0x8 ./Core/Src/system_stm32f4xx.o
                0x00000000080067f8                APBPrescTable
 .rodata._svfprintf_r.str1.1
                0x0000000008006800       0x11 /Applications/STM32CubeIDE.app/Contents/Eclipse/plugins/com.st.stm32cube.ide.mcu.externaltools.gnu-tools-for-stm32.9-2020-q2-update.macos64_2.0.0.202105311346/tools/bin/../lib/gcc/arm-none-eabi/9.3.1/../../../../arm-none-eabi/lib/thumb/v7e-m+fp/hard/libc_nano.a(lib_a-nano-svfprintf.o)
 .rodata._printf_i.str1.1
                0x0000000008006811       0x22 /Applications/STM32CubeIDE.app/Contents/Eclipse/plugins/com.st.stm32cube.ide.mcu.externaltools.gnu-tools-for-stm32.9-2020-q2-update.macos64_2.0.0.202105311346/tools/bin/../lib/gcc/arm-none-eabi/9.3.1/../../../../arm-none-eabi/lib/thumb/v7e-m+fp/hard/libc_nano.a(lib_a-nano-vfprintf_i.o)
 *fill*         0x0000000008006833        0x1 
 .rodata.npio2_hw
                0x0000000008006834       0x80 /Applications/STM32CubeIDE.app/Contents/Eclipse/plugins/com.st.stm32cube.ide.mcu.externaltools.gnu-tools-for-stm32.9-2020-q2-update.macos64_2.0.0.202105311346/tools/bin/../lib/gcc/arm-none-eabi/9.3.1/../../../../arm-none-eabi/lib/thumb/v7e-m+fp/hard/libm.a(lib_a-e_rem_pio2.o)
 .rodata.two_over_pi
                0x00000000080068b4      0x108 /Applications/STM32CubeIDE.app/Contents/Eclipse/plugins/com.st.stm32cube.ide.mcu.externaltools.gnu-tools-for-stm32.9-2020-q2-update.macos64_2.0.0.202105311346/tools/bin/../lib/gcc/arm-none-eabi/9.3.1/../../../../arm-none-eabi/lib/thumb/v7e-m+fp/hard/libm.a(lib_a-e_rem_pio2.o)
 *fill*         0x00000000080069bc        0x4 
 .rodata.PIo2   0x00000000080069c0       0x40 /Applications/STM32CubeIDE.app/Contents/Eclipse/plugins/com.st.stm32cube.ide.mcu.externaltools.gnu-tools-for-stm32.9-2020-q2-update.macos64_2.0.0.202105311346/tools/bin/../lib/gcc/arm-none-eabi/9.3.1/../../../../arm-none-eabi/lib/thumb/v7e-m+fp/hard/libm.a(lib_a-k_rem_pio2.o)
 .rodata.init_jk
                0x0000000008006a00       0x10 /Applications/STM32CubeIDE.app/Contents/Eclipse/plugins/com.st.stm32cube.ide.mcu.externaltools.gnu-tools-for-stm32.9-2020-q2-update.macos64_2.0.0.202105311346/tools/bin/../lib/gcc/arm-none-eabi/9.3.1/../../../../arm-none-eabi/lib/thumb/v7e-m+fp/hard/libm.a(lib_a-k_rem_pio2.o)
                0x0000000008006a10                . = ALIGN (0x4)

.ARM.extab      0x0000000008006a10        0x0
                0x0000000008006a10                . = ALIGN (0x4)
 *(.ARM.extab* .gnu.linkonce.armextab.*)
                0x0000000008006a10                . = ALIGN (0x4)

.ARM            0x0000000008006a10        0x8
                0x0000000008006a10                . = ALIGN (0x4)
                0x0000000008006a10                __exidx_start = .
 *(.ARM.exidx*)
 .ARM.exidx     0x0000000008006a10        0x8 /Applications/STM32CubeIDE.app/Contents/Eclipse/plugins/com.st.stm32cube.ide.mcu.externaltools.gnu-tools-for-stm32.9-2020-q2-update.macos64_2.0.0.202105311346/tools/bin/../lib/gcc/arm-none-eabi/9.3.1/thumb/v7e-m+fp/hard/libgcc.a(_udivmoddi4.o)
                0x0000000008006a18                __exidx_end = .
                0x0000000008006a18                . = ALIGN (0x4)

.rel.dyn        0x0000000008006a18        0x0
 .rel.iplt      0x0000000008006a18        0x0 /Applications/STM32CubeIDE.app/Contents/Eclipse/plugins/com.st.stm32cube.ide.mcu.externaltools.gnu-tools-for-stm32.9-2020-q2-update.macos64_2.0.0.202105311346/tools/bin/../lib/gcc/arm-none-eabi/9.3.1/thumb/v7e-m+fp/hard/crtbegin.o

.preinit_array  0x0000000008006a18        0x0
                0x0000000008006a18                . = ALIGN (0x4)
                0x0000000008006a18                PROVIDE (__preinit_array_start = .)
 *(.preinit_array*)
                0x0000000008006a18                PROVIDE (__preinit_array_end = .)
                0x0000000008006a18                . = ALIGN (0x4)

.init_array     0x0000000008006a18        0x4
                0x0000000008006a18                . = ALIGN (0x4)
                0x0000000008006a18                PROVIDE (__init_array_start = .)
 *(SORT_BY_NAME(.init_array.*))
 *(.init_array*)
 .init_array    0x0000000008006a18        0x4 /Applications/STM32CubeIDE.app/Contents/Eclipse/plugins/com.st.stm32cube.ide.mcu.externaltools.gnu-tools-for-stm32.9-2020-q2-update.macos64_2.0.0.202105311346/tools/bin/../lib/gcc/arm-none-eabi/9.3.1/thumb/v7e-m+fp/hard/crtbegin.o
                0x0000000008006a1c                PROVIDE (__init_array_end = .)
                0x0000000008006a1c                . = ALIGN (0x4)

.fini_array     0x0000000008006a1c        0x4
                0x0000000008006a1c                . = ALIGN (0x4)
                [!provide]                        PROVIDE (__fini_array_start = .)
 *(SORT_BY_NAME(.fini_array.*))
 *(.fini_array*)
 .fini_array    0x0000000008006a1c        0x4 /Applications/STM32CubeIDE.app/Contents/Eclipse/plugins/com.st.stm32cube.ide.mcu.externaltools.gnu-tools-for-stm32.9-2020-q2-update.macos64_2.0.0.202105311346/tools/bin/../lib/gcc/arm-none-eabi/9.3.1/thumb/v7e-m+fp/hard/crtbegin.o
                [!provide]                        PROVIDE (__fini_array_end = .)
                0x0000000008006a20                . = ALIGN (0x4)
                0x0000000008006a20                _sidata = LOADADDR (.data)

.data           0x0000000020000000       0x8c load address 0x0000000008006a20
                0x0000000020000000                . = ALIGN (0x4)
                0x0000000020000000                _sdata = .
 *(.data)
 *(.data*)
 .data.audioI2SStatus
                0x0000000020000000        0x1 ./Core/Src/Audio_Drivers.o
                0x0000000020000000                audioI2SStatus
 .data.audioDMAStatus
                0x0000000020000001        0x1 ./Core/Src/Audio_Drivers.o
                0x0000000020000001                audioDMAStatus
 .data.audioI2CStatus
                0x0000000020000002        0x1 ./Core/Src/Audio_Drivers.o
                0x0000000020000002                audioI2CStatus
 .data.audioDACStatus
                0x0000000020000003        0x1 ./Core/Src/Audio_Drivers.o
                0x0000000020000003                audioDACStatus
 .data.AudioI2C
                0x0000000020000004        0x4 ./Core/Src/Audio_Drivers.o
                0x0000000020000004                AudioI2C
 .data.AudioI2S
                0x0000000020000008        0x4 ./Core/Src/Audio_Drivers.o
                0x0000000020000008                AudioI2S
 .data.audioTimer
                0x000000002000000c        0x4 ./Core/Src/Audio_Drivers.o
 .data.Is_cs43l22_Stop
                0x0000000020000010        0x1 ./Core/Src/cs43l22.o
 *fill*         0x0000000020000011        0x3 
 .data.frequency
                0x0000000020000014        0x4 ./Core/Src/main.o
                0x0000000020000014                frequency
 .data.volume   0x0000000020000018        0x4 ./Core/Src/sineWave.o
                0x0000000020000018                volume
 .data.SystemCoreClock
                0x000000002000001c        0x4 ./Core/Src/system_stm32f4xx.o
                0x000000002000001c                SystemCoreClock
 .data.uwTickPrio
                0x0000000020000020        0x4 ./Drivers/STM32F4xx_HAL_Driver/Src/stm32f4xx_hal.o
                0x0000000020000020                uwTickPrio
 .data.uwTickFreq
                0x0000000020000024        0x1 ./Drivers/STM32F4xx_HAL_Driver/Src/stm32f4xx_hal.o
                0x0000000020000024                uwTickFreq
 *fill*         0x0000000020000025        0x3 
 .data._impure_ptr
                0x0000000020000028        0x4 /Applications/STM32CubeIDE.app/Contents/Eclipse/plugins/com.st.stm32cube.ide.mcu.externaltools.gnu-tools-for-stm32.9-2020-q2-update.macos64_2.0.0.202105311346/tools/bin/../lib/gcc/arm-none-eabi/9.3.1/../../../../arm-none-eabi/lib/thumb/v7e-m+fp/hard/libc_nano.a(lib_a-impure.o)
                0x0000000020000028                _impure_ptr
 .data.impure_data
                0x000000002000002c       0x60 /Applications/STM32CubeIDE.app/Contents/Eclipse/plugins/com.st.stm32cube.ide.mcu.externaltools.gnu-tools-for-stm32.9-2020-q2-update.macos64_2.0.0.202105311346/tools/bin/../lib/gcc/arm-none-eabi/9.3.1/../../../../arm-none-eabi/lib/thumb/v7e-m+fp/hard/libc_nano.a(lib_a-impure.o)
 *(.RamFunc)
 *(.RamFunc*)
                0x000000002000008c                . = ALIGN (0x4)
                0x000000002000008c                _edata = .
                0x0000000008006aac                _siccmram = LOADADDR (.ccmram)

.igot.plt       0x000000002000008c        0x0 load address 0x0000000008006aac
 .igot.plt      0x000000002000008c        0x0 /Applications/STM32CubeIDE.app/Contents/Eclipse/plugins/com.st.stm32cube.ide.mcu.externaltools.gnu-tools-for-stm32.9-2020-q2-update.macos64_2.0.0.202105311346/tools/bin/../lib/gcc/arm-none-eabi/9.3.1/thumb/v7e-m+fp/hard/crtbegin.o

.ccmram         0x0000000010000000        0x0 load address 0x0000000008006aac
                0x0000000010000000                . = ALIGN (0x4)
                0x0000000010000000                _sccmram = .
 *(.ccmram)
 *(.ccmram*)
                0x0000000010000000                . = ALIGN (0x4)
                0x0000000010000000                _eccmram = .
                0x0000000010000000                . = ALIGN (0x4)

.bss            0x000000002000008c     0x28d0
                0x000000002000008c                _sbss = .
                0x000000002000008c                __bss_start__ = _sbss
 *(.bss)
 .bss           0x000000002000008c       0x1c /Applications/STM32CubeIDE.app/Contents/Eclipse/plugins/com.st.stm32cube.ide.mcu.externaltools.gnu-tools-for-stm32.9-2020-q2-update.macos64_2.0.0.202105311346/tools/bin/../lib/gcc/arm-none-eabi/9.3.1/thumb/v7e-m+fp/hard/crtbegin.o
 *(.bss*)
 .bss.OutputDev
                0x00000000200000a8        0x1 ./Core/Src/cs43l22.o
                0x00000000200000a8                OutputDev
 .bss.bufferStatus
                0x00000000200000a9        0x1 ./Core/Src/sineWave.o
                0x00000000200000a9                bufferStatus
 *fill*         0x00000000200000aa        0x2 
 .bss.currentPhase
                0x00000000200000ac        0x4 ./Core/Src/sineWave.o
                0x00000000200000ac                currentPhase
 .bss.__sbrk_heap_end
                0x00000000200000b0        0x4 ./Core/Src/sysmem.o
 .bss.__malloc_free_list
                0x00000000200000b4        0x4 /Applications/STM32CubeIDE.app/Contents/Eclipse/plugins/com.st.stm32cube.ide.mcu.externaltools.gnu-tools-for-stm32.9-2020-q2-update.macos64_2.0.0.202105311346/tools/bin/../lib/gcc/arm-none-eabi/9.3.1/../../../../arm-none-eabi/lib/thumb/v7e-m+fp/hard/libc_nano.a(lib_a-nano-mallocr.o)
                0x00000000200000b4                __malloc_free_list
 .bss.__malloc_sbrk_start
                0x00000000200000b8        0x4 /Applications/STM32CubeIDE.app/Contents/Eclipse/plugins/com.st.stm32cube.ide.mcu.externaltools.gnu-tools-for-stm32.9-2020-q2-update.macos64_2.0.0.202105311346/tools/bin/../lib/gcc/arm-none-eabi/9.3.1/../../../../arm-none-eabi/lib/thumb/v7e-m+fp/hard/libc_nano.a(lib_a-nano-mallocr.o)
                0x00000000200000b8                __malloc_sbrk_start
 *(COMMON)
 COMMON         0x00000000200000bc       0x8c ./Core/Src/main.o
                0x00000000200000bc                hadc1
                0x0000000020000104                huart2
 COMMON         0x0000000020000148     0x2800 ./Core/Src/sineWave.o
                0x0000000020000148                PlayBuff
                0x0000000020002148                SineBuff
 COMMON         0x0000000020002948        0x4 ./Drivers/STM32F4xx_HAL_Driver/Src/stm32f4xx_hal.o
                0x0000000020002948                uwTick
 COMMON         0x000000002000294c        0x4 /Applications/STM32CubeIDE.app/Contents/Eclipse/plugins/com.st.stm32cube.ide.mcu.externaltools.gnu-tools-for-stm32.9-2020-q2-update.macos64_2.0.0.202105311346/tools/bin/../lib/gcc/arm-none-eabi/9.3.1/../../../../arm-none-eabi/lib/thumb/v7e-m+fp/hard/libc_nano.a(lib_a-reent.o)
                0x000000002000294c                errno
 COMMON         0x0000000020002950        0x9 /Applications/STM32CubeIDE.app/Contents/Eclipse/plugins/com.st.stm32cube.ide.mcu.externaltools.gnu-tools-for-stm32.9-2020-q2-update.macos64_2.0.0.202105311346/tools/bin/../lib/gcc/arm-none-eabi/9.3.1/../../../../arm-none-eabi/lib/thumb/v7e-m+fp/hard/libc_nano.a(lib_a-lock.o)
                0x0000000020002950                __lock___atexit_recursive_mutex
                0x0000000020002951                __lock___arc4random_mutex
                0x0000000020002952                __lock___env_recursive_mutex
                0x0000000020002953                __lock___sinit_recursive_mutex
                0x0000000020002954                __lock___malloc_recursive_mutex
                0x0000000020002955                __lock___at_quick_exit_mutex
                0x0000000020002956                __lock___dd_hash_mutex
                0x0000000020002957                __lock___tz_mutex
                0x0000000020002958                __lock___sfp_recursive_mutex
                0x000000002000295c                . = ALIGN (0x4)
 *fill*         0x0000000020002959        0x3 
                0x000000002000295c                _ebss = .
                0x000000002000295c                __bss_end__ = _ebss

._user_heap_stack
                0x000000002000295c      0x604
                0x0000000020002960                . = ALIGN (0x8)
 *fill*         0x000000002000295c        0x4 
                [!provide]                        PROVIDE (end = .)
                0x0000000020002960                PROVIDE (_end = .)
                0x0000000020002b60                . = (. + _Min_Heap_Size)
 *fill*         0x0000000020002960      0x200 
                0x0000000020002f60                . = (. + _Min_Stack_Size)
 *fill*         0x0000000020002b60      0x400 
                0x0000000020002f60                . = ALIGN (0x8)

/DISCARD/
 libc.a(*)
 libm.a(*)
 libgcc.a(*)

.ARM.attributes
                0x0000000000000000       0x30
 *(.ARM.attributes)
 .ARM.attributes
                0x0000000000000000       0x1e /Applications/STM32CubeIDE.app/Contents/Eclipse/plugins/com.st.stm32cube.ide.mcu.externaltools.gnu-tools-for-stm32.9-2020-q2-update.macos64_2.0.0.202105311346/tools/bin/../lib/gcc/arm-none-eabi/9.3.1/thumb/v7e-m+fp/hard/crti.o
 .ARM.attributes
                0x000000000000001e       0x34 /Applications/STM32CubeIDE.app/Contents/Eclipse/plugins/com.st.stm32cube.ide.mcu.externaltools.gnu-tools-for-stm32.9-2020-q2-update.macos64_2.0.0.202105311346/tools/bin/../lib/gcc/arm-none-eabi/9.3.1/thumb/v7e-m+fp/hard/crtbegin.o
 .ARM.attributes
                0x0000000000000052       0x34 ./Core/Src/Audio_Drivers.o
 .ARM.attributes
                0x0000000000000086       0x34 ./Core/Src/cs43l22.o
 .ARM.attributes
                0x00000000000000ba       0x34 ./Core/Src/main.o
 .ARM.attributes
                0x00000000000000ee       0x34 ./Core/Src/sineWave.o
 .ARM.attributes
                0x0000000000000122       0x34 ./Core/Src/stm32f4xx_hal_msp.o
 .ARM.attributes
                0x0000000000000156       0x34 ./Core/Src/stm32f4xx_it.o
 .ARM.attributes
                0x000000000000018a       0x34 ./Core/Src/sysmem.o
 .ARM.attributes
                0x00000000000001be       0x34 ./Core/Src/system_stm32f4xx.o
 .ARM.attributes
                0x00000000000001f2       0x21 ./Core/Startup/startup_stm32f407vgtx.o
 .ARM.attributes
                0x0000000000000213       0x34 ./Drivers/STM32F4xx_HAL_Driver/Src/stm32f4xx_hal.o
 .ARM.attributes
                0x0000000000000247       0x34 ./Drivers/STM32F4xx_HAL_Driver/Src/stm32f4xx_hal_adc.o
 .ARM.attributes
                0x000000000000027b       0x34 ./Drivers/STM32F4xx_HAL_Driver/Src/stm32f4xx_hal_cortex.o
 .ARM.attributes
                0x00000000000002af       0x34 ./Drivers/STM32F4xx_HAL_Driver/Src/stm32f4xx_hal_gpio.o
 .ARM.attributes
                0x00000000000002e3       0x34 ./Drivers/STM32F4xx_HAL_Driver/Src/stm32f4xx_hal_rcc.o
 .ARM.attributes
                0x0000000000000317       0x34 ./Drivers/STM32F4xx_HAL_Driver/Src/stm32f4xx_hal_uart.o
 .ARM.attributes
                0x000000000000034b       0x34 /Applications/STM32CubeIDE.app/Contents/Eclipse/plugins/com.st.stm32cube.ide.mcu.externaltools.gnu-tools-for-stm32.9-2020-q2-update.macos64_2.0.0.202105311346/tools/bin/../lib/gcc/arm-none-eabi/9.3.1/../../../../arm-none-eabi/lib/thumb/v7e-m+fp/hard/libc_nano.a(lib_a-errno.o)
 .ARM.attributes
                0x000000000000037f       0x32 /Applications/STM32CubeIDE.app/Contents/Eclipse/plugins/com.st.stm32cube.ide.mcu.externaltools.gnu-tools-for-stm32.9-2020-q2-update.macos64_2.0.0.202105311346/tools/bin/../lib/gcc/arm-none-eabi/9.3.1/../../../../arm-none-eabi/lib/thumb/v7e-m+fp/hard/libc_nano.a(lib_a-impure.o)
 .ARM.attributes
                0x00000000000003b1       0x34 /Applications/STM32CubeIDE.app/Contents/Eclipse/plugins/com.st.stm32cube.ide.mcu.externaltools.gnu-tools-for-stm32.9-2020-q2-update.macos64_2.0.0.202105311346/tools/bin/../lib/gcc/arm-none-eabi/9.3.1/../../../../arm-none-eabi/lib/thumb/v7e-m+fp/hard/libc_nano.a(lib_a-init.o)
 .ARM.attributes
                0x00000000000003e5       0x34 /Applications/STM32CubeIDE.app/Contents/Eclipse/plugins/com.st.stm32cube.ide.mcu.externaltools.gnu-tools-for-stm32.9-2020-q2-update.macos64_2.0.0.202105311346/tools/bin/../lib/gcc/arm-none-eabi/9.3.1/../../../../arm-none-eabi/lib/thumb/v7e-m+fp/hard/libc_nano.a(lib_a-memset.o)
 .ARM.attributes
                0x0000000000000419       0x34 /Applications/STM32CubeIDE.app/Contents/Eclipse/plugins/com.st.stm32cube.ide.mcu.externaltools.gnu-tools-for-stm32.9-2020-q2-update.macos64_2.0.0.202105311346/tools/bin/../lib/gcc/arm-none-eabi/9.3.1/../../../../arm-none-eabi/lib/thumb/v7e-m+fp/hard/libc_nano.a(lib_a-sprintf.o)
 .ARM.attributes
                0x000000000000044d       0x17 /Applications/STM32CubeIDE.app/Contents/Eclipse/plugins/com.st.stm32cube.ide.mcu.externaltools.gnu-tools-for-stm32.9-2020-q2-update.macos64_2.0.0.202105311346/tools/bin/../lib/gcc/arm-none-eabi/9.3.1/../../../../arm-none-eabi/lib/thumb/v7e-m+fp/hard/libc_nano.a(lib_a-strlen.o)
 .ARM.attributes
                0x0000000000000464       0x34 /Applications/STM32CubeIDE.app/Contents/Eclipse/plugins/com.st.stm32cube.ide.mcu.externaltools.gnu-tools-for-stm32.9-2020-q2-update.macos64_2.0.0.202105311346/tools/bin/../lib/gcc/arm-none-eabi/9.3.1/../../../../arm-none-eabi/lib/thumb/v7e-m+fp/hard/libc_nano.a(lib_a-nano-svfprintf.o)
 .ARM.attributes
                0x0000000000000498       0x34 /Applications/STM32CubeIDE.app/Contents/Eclipse/plugins/com.st.stm32cube.ide.mcu.externaltools.gnu-tools-for-stm32.9-2020-q2-update.macos64_2.0.0.202105311346/tools/bin/../lib/gcc/arm-none-eabi/9.3.1/../../../../arm-none-eabi/lib/thumb/v7e-m+fp/hard/libc_nano.a(lib_a-nano-vfprintf_i.o)
 .ARM.attributes
                0x00000000000004cc       0x1c /Applications/STM32CubeIDE.app/Contents/Eclipse/plugins/com.st.stm32cube.ide.mcu.externaltools.gnu-tools-for-stm32.9-2020-q2-update.macos64_2.0.0.202105311346/tools/bin/../lib/gcc/arm-none-eabi/9.3.1/../../../../arm-none-eabi/lib/thumb/v7e-m+fp/hard/libc_nano.a(lib_a-memchr.o)
 .ARM.attributes
                0x00000000000004e8       0x34 /Applications/STM32CubeIDE.app/Contents/Eclipse/plugins/com.st.stm32cube.ide.mcu.externaltools.gnu-tools-for-stm32.9-2020-q2-update.macos64_2.0.0.202105311346/tools/bin/../lib/gcc/arm-none-eabi/9.3.1/../../../../arm-none-eabi/lib/thumb/v7e-m+fp/hard/libc_nano.a(lib_a-memcpy-stub.o)
 .ARM.attributes
                0x000000000000051c       0x34 /Applications/STM32CubeIDE.app/Contents/Eclipse/plugins/com.st.stm32cube.ide.mcu.externaltools.gnu-tools-for-stm32.9-2020-q2-update.macos64_2.0.0.202105311346/tools/bin/../lib/gcc/arm-none-eabi/9.3.1/../../../../arm-none-eabi/lib/thumb/v7e-m+fp/hard/libc_nano.a(lib_a-memmove.o)
 .ARM.attributes
                0x0000000000000550       0x34 /Applications/STM32CubeIDE.app/Contents/Eclipse/plugins/com.st.stm32cube.ide.mcu.externaltools.gnu-tools-for-stm32.9-2020-q2-update.macos64_2.0.0.202105311346/tools/bin/../lib/gcc/arm-none-eabi/9.3.1/../../../../arm-none-eabi/lib/thumb/v7e-m+fp/hard/libc_nano.a(lib_a-nano-freer.o)
 .ARM.attributes
                0x0000000000000584       0x34 /Applications/STM32CubeIDE.app/Contents/Eclipse/plugins/com.st.stm32cube.ide.mcu.externaltools.gnu-tools-for-stm32.9-2020-q2-update.macos64_2.0.0.202105311346/tools/bin/../lib/gcc/arm-none-eabi/9.3.1/../../../../arm-none-eabi/lib/thumb/v7e-m+fp/hard/libc_nano.a(lib_a-nano-mallocr.o)
 .ARM.attributes
                0x00000000000005b8       0x34 /Applications/STM32CubeIDE.app/Contents/Eclipse/plugins/com.st.stm32cube.ide.mcu.externaltools.gnu-tools-for-stm32.9-2020-q2-update.macos64_2.0.0.202105311346/tools/bin/../lib/gcc/arm-none-eabi/9.3.1/../../../../arm-none-eabi/lib/thumb/v7e-m+fp/hard/libc_nano.a(lib_a-nano-reallocr.o)
 .ARM.attributes
                0x00000000000005ec       0x34 /Applications/STM32CubeIDE.app/Contents/Eclipse/plugins/com.st.stm32cube.ide.mcu.externaltools.gnu-tools-for-stm32.9-2020-q2-update.macos64_2.0.0.202105311346/tools/bin/../lib/gcc/arm-none-eabi/9.3.1/../../../../arm-none-eabi/lib/thumb/v7e-m+fp/hard/libc_nano.a(lib_a-sbrkr.o)
 .ARM.attributes
                0x0000000000000620       0x34 /Applications/STM32CubeIDE.app/Contents/Eclipse/plugins/com.st.stm32cube.ide.mcu.externaltools.gnu-tools-for-stm32.9-2020-q2-update.macos64_2.0.0.202105311346/tools/bin/../lib/gcc/arm-none-eabi/9.3.1/../../../../arm-none-eabi/lib/thumb/v7e-m+fp/hard/libc_nano.a(lib_a-mlock.o)
 .ARM.attributes
                0x0000000000000654       0x34 /Applications/STM32CubeIDE.app/Contents/Eclipse/plugins/com.st.stm32cube.ide.mcu.externaltools.gnu-tools-for-stm32.9-2020-q2-update.macos64_2.0.0.202105311346/tools/bin/../lib/gcc/arm-none-eabi/9.3.1/../../../../arm-none-eabi/lib/thumb/v7e-m+fp/hard/libc_nano.a(lib_a-nano-msizer.o)
 .ARM.attributes
                0x0000000000000688       0x34 /Applications/STM32CubeIDE.app/Contents/Eclipse/plugins/com.st.stm32cube.ide.mcu.externaltools.gnu-tools-for-stm32.9-2020-q2-update.macos64_2.0.0.202105311346/tools/bin/../lib/gcc/arm-none-eabi/9.3.1/../../../../arm-none-eabi/lib/thumb/v7e-m+fp/hard/libc_nano.a(lib_a-reent.o)
 .ARM.attributes
                0x00000000000006bc       0x34 /Applications/STM32CubeIDE.app/Contents/Eclipse/plugins/com.st.stm32cube.ide.mcu.externaltools.gnu-tools-for-stm32.9-2020-q2-update.macos64_2.0.0.202105311346/tools/bin/../lib/gcc/arm-none-eabi/9.3.1/../../../../arm-none-eabi/lib/thumb/v7e-m+fp/hard/libc_nano.a(lib_a-lock.o)
 .ARM.attributes
                0x00000000000006f0       0x34 /Applications/STM32CubeIDE.app/Contents/Eclipse/plugins/com.st.stm32cube.ide.mcu.externaltools.gnu-tools-for-stm32.9-2020-q2-update.macos64_2.0.0.202105311346/tools/bin/../lib/gcc/arm-none-eabi/9.3.1/../../../../arm-none-eabi/lib/thumb/v7e-m+fp/hard/libm.a(lib_a-s_sin.o)
 .ARM.attributes
                0x0000000000000724       0x34 /Applications/STM32CubeIDE.app/Contents/Eclipse/plugins/com.st.stm32cube.ide.mcu.externaltools.gnu-tools-for-stm32.9-2020-q2-update.macos64_2.0.0.202105311346/tools/bin/../lib/gcc/arm-none-eabi/9.3.1/../../../../arm-none-eabi/lib/thumb/v7e-m+fp/hard/libm.a(lib_a-e_rem_pio2.o)
 .ARM.attributes
                0x0000000000000758       0x34 /Applications/STM32CubeIDE.app/Contents/Eclipse/plugins/com.st.stm32cube.ide.mcu.externaltools.gnu-tools-for-stm32.9-2020-q2-update.macos64_2.0.0.202105311346/tools/bin/../lib/gcc/arm-none-eabi/9.3.1/../../../../arm-none-eabi/lib/thumb/v7e-m+fp/hard/libm.a(lib_a-k_cos.o)
 .ARM.attributes
                0x000000000000078c       0x34 /Applications/STM32CubeIDE.app/Contents/Eclipse/plugins/com.st.stm32cube.ide.mcu.externaltools.gnu-tools-for-stm32.9-2020-q2-update.macos64_2.0.0.202105311346/tools/bin/../lib/gcc/arm-none-eabi/9.3.1/../../../../arm-none-eabi/lib/thumb/v7e-m+fp/hard/libm.a(lib_a-k_rem_pio2.o)
 .ARM.attributes
                0x00000000000007c0       0x34 /Applications/STM32CubeIDE.app/Contents/Eclipse/plugins/com.st.stm32cube.ide.mcu.externaltools.gnu-tools-for-stm32.9-2020-q2-update.macos64_2.0.0.202105311346/tools/bin/../lib/gcc/arm-none-eabi/9.3.1/../../../../arm-none-eabi/lib/thumb/v7e-m+fp/hard/libm.a(lib_a-k_sin.o)
 .ARM.attributes
                0x00000000000007f4       0x34 /Applications/STM32CubeIDE.app/Contents/Eclipse/plugins/com.st.stm32cube.ide.mcu.externaltools.gnu-tools-for-stm32.9-2020-q2-update.macos64_2.0.0.202105311346/tools/bin/../lib/gcc/arm-none-eabi/9.3.1/../../../../arm-none-eabi/lib/thumb/v7e-m+fp/hard/libm.a(lib_a-s_fabs.o)
 .ARM.attributes
                0x0000000000000828       0x34 /Applications/STM32CubeIDE.app/Contents/Eclipse/plugins/com.st.stm32cube.ide.mcu.externaltools.gnu-tools-for-stm32.9-2020-q2-update.macos64_2.0.0.202105311346/tools/bin/../lib/gcc/arm-none-eabi/9.3.1/../../../../arm-none-eabi/lib/thumb/v7e-m+fp/hard/libm.a(lib_a-s_floor.o)
 .ARM.attributes
                0x000000000000085c       0x34 /Applications/STM32CubeIDE.app/Contents/Eclipse/plugins/com.st.stm32cube.ide.mcu.externaltools.gnu-tools-for-stm32.9-2020-q2-update.macos64_2.0.0.202105311346/tools/bin/../lib/gcc/arm-none-eabi/9.3.1/../../../../arm-none-eabi/lib/thumb/v7e-m+fp/hard/libm.a(lib_a-s_scalbn.o)
 .ARM.attributes
                0x0000000000000890       0x1e /Applications/STM32CubeIDE.app/Contents/Eclipse/plugins/com.st.stm32cube.ide.mcu.externaltools.gnu-tools-for-stm32.9-2020-q2-update.macos64_2.0.0.202105311346/tools/bin/../lib/gcc/arm-none-eabi/9.3.1/thumb/v7e-m+fp/hard/libgcc.a(_arm_addsubdf3.o)
 .ARM.attributes
                0x00000000000008ae       0x1e /Applications/STM32CubeIDE.app/Contents/Eclipse/plugins/com.st.stm32cube.ide.mcu.externaltools.gnu-tools-for-stm32.9-2020-q2-update.macos64_2.0.0.202105311346/tools/bin/../lib/gcc/arm-none-eabi/9.3.1/thumb/v7e-m+fp/hard/libgcc.a(_arm_muldivdf3.o)
 .ARM.attributes
                0x00000000000008cc       0x1e /Applications/STM32CubeIDE.app/Contents/Eclipse/plugins/com.st.stm32cube.ide.mcu.externaltools.gnu-tools-for-stm32.9-2020-q2-update.macos64_2.0.0.202105311346/tools/bin/../lib/gcc/arm-none-eabi/9.3.1/thumb/v7e-m+fp/hard/libgcc.a(_arm_cmpdf2.o)
 .ARM.attributes
                0x00000000000008ea       0x1e /Applications/STM32CubeIDE.app/Contents/Eclipse/plugins/com.st.stm32cube.ide.mcu.externaltools.gnu-tools-for-stm32.9-2020-q2-update.macos64_2.0.0.202105311346/tools/bin/../lib/gcc/arm-none-eabi/9.3.1/thumb/v7e-m+fp/hard/libgcc.a(_arm_fixdfsi.o)
 .ARM.attributes
                0x0000000000000908       0x1e /Applications/STM32CubeIDE.app/Contents/Eclipse/plugins/com.st.stm32cube.ide.mcu.externaltools.gnu-tools-for-stm32.9-2020-q2-update.macos64_2.0.0.202105311346/tools/bin/../lib/gcc/arm-none-eabi/9.3.1/thumb/v7e-m+fp/hard/libgcc.a(_arm_truncdfsf2.o)
 .ARM.attributes
                0x0000000000000926       0x1e /Applications/STM32CubeIDE.app/Contents/Eclipse/plugins/com.st.stm32cube.ide.mcu.externaltools.gnu-tools-for-stm32.9-2020-q2-update.macos64_2.0.0.202105311346/tools/bin/../lib/gcc/arm-none-eabi/9.3.1/thumb/v7e-m+fp/hard/libgcc.a(_aeabi_uldivmod.o)
 .ARM.attributes
                0x0000000000000944       0x34 /Applications/STM32CubeIDE.app/Contents/Eclipse/plugins/com.st.stm32cube.ide.mcu.externaltools.gnu-tools-for-stm32.9-2020-q2-update.macos64_2.0.0.202105311346/tools/bin/../lib/gcc/arm-none-eabi/9.3.1/thumb/v7e-m+fp/hard/libgcc.a(_udivmoddi4.o)
 .ARM.attributes
                0x0000000000000978       0x1e /Applications/STM32CubeIDE.app/Contents/Eclipse/plugins/com.st.stm32cube.ide.mcu.externaltools.gnu-tools-for-stm32.9-2020-q2-update.macos64_2.0.0.202105311346/tools/bin/../lib/gcc/arm-none-eabi/9.3.1/thumb/v7e-m+fp/hard/libgcc.a(_dvmd_tls.o)
 .ARM.attributes
                0x0000000000000996       0x1e /Applications/STM32CubeIDE.app/Contents/Eclipse/plugins/com.st.stm32cube.ide.mcu.externaltools.gnu-tools-for-stm32.9-2020-q2-update.macos64_2.0.0.202105311346/tools/bin/../lib/gcc/arm-none-eabi/9.3.1/thumb/v7e-m+fp/hard/crtn.o
OUTPUT(adc.elf elf32-littlearm)
LOAD linker stubs
LOAD /Applications/STM32CubeIDE.app/Contents/Eclipse/plugins/com.st.stm32cube.ide.mcu.externaltools.gnu-tools-for-stm32.9-2020-q2-update.macos64_2.0.0.202105311346/tools/bin/../lib/gcc/arm-none-eabi/9.3.1/../../../../arm-none-eabi/lib/thumb/v7e-m+fp/hard/libc.a
LOAD /Applications/STM32CubeIDE.app/Contents/Eclipse/plugins/com.st.stm32cube.ide.mcu.externaltools.gnu-tools-for-stm32.9-2020-q2-update.macos64_2.0.0.202105311346/tools/bin/../lib/gcc/arm-none-eabi/9.3.1/../../../../arm-none-eabi/lib/thumb/v7e-m+fp/hard/libm.a
LOAD /Applications/STM32CubeIDE.app/Contents/Eclipse/plugins/com.st.stm32cube.ide.mcu.externaltools.gnu-tools-for-stm32.9-2020-q2-update.macos64_2.0.0.202105311346/tools/bin/../lib/gcc/arm-none-eabi/9.3.1/thumb/v7e-m+fp/hard/libgcc.a

.debug_info     0x0000000000000000     0xd77f
 .debug_info    0x0000000000000000     0x1a1d ./Core/Src/Audio_Drivers.o
 .debug_info    0x0000000000001a1d      0x658 ./Core/Src/cs43l22.o
 .debug_info    0x0000000000002075     0x1892 ./Core/Src/main.o
 .debug_info    0x0000000000003907     0x157b ./Core/Src/sineWave.o
 .debug_info    0x0000000000004e82      0xcf9 ./Core/Src/stm32f4xx_hal_msp.o
 .debug_info    0x0000000000005b7b      0x222 ./Core/Src/stm32f4xx_it.o
 .debug_info    0x0000000000005d9d      0xa25 ./Core/Src/sysmem.o
 .debug_info    0x00000000000067c2      0x5a4 ./Core/Src/system_stm32f4xx.o
 .debug_info    0x0000000000006d66       0x22 ./Core/Startup/startup_stm32f407vgtx.o
 .debug_info    0x0000000000006d88      0x9b2 ./Drivers/STM32F4xx_HAL_Driver/Src/stm32f4xx_hal.o
 .debug_info    0x000000000000773a      0xdbc ./Drivers/STM32F4xx_HAL_Driver/Src/stm32f4xx_hal_adc.o
 .debug_info    0x00000000000084f6      0xed7 ./Drivers/STM32F4xx_HAL_Driver/Src/stm32f4xx_hal_cortex.o
 .debug_info    0x00000000000093cd      0x83e ./Drivers/STM32F4xx_HAL_Driver/Src/stm32f4xx_hal_gpio.o
 .debug_info    0x0000000000009c0b      0x996 ./Drivers/STM32F4xx_HAL_Driver/Src/stm32f4xx_hal_rcc.o
 .debug_info    0x000000000000a5a1     0x31de ./Drivers/STM32F4xx_HAL_Driver/Src/stm32f4xx_hal_uart.o

.debug_abbrev   0x0000000000000000     0x2021
 .debug_abbrev  0x0000000000000000      0x42b ./Core/Src/Audio_Drivers.o
 .debug_abbrev  0x000000000000042b      0x1e7 ./Core/Src/cs43l22.o
 .debug_abbrev  0x0000000000000612      0x2b9 ./Core/Src/main.o
 .debug_abbrev  0x00000000000008cb      0x319 ./Core/Src/sineWave.o
 .debug_abbrev  0x0000000000000be4      0x1ac ./Core/Src/stm32f4xx_hal_msp.o
 .debug_abbrev  0x0000000000000d90       0xd2 ./Core/Src/stm32f4xx_it.o
 .debug_abbrev  0x0000000000000e62      0x1bf ./Core/Src/sysmem.o
 .debug_abbrev  0x0000000000001021      0x145 ./Core/Src/system_stm32f4xx.o
 .debug_abbrev  0x0000000000001166       0x12 ./Core/Startup/startup_stm32f407vgtx.o
 .debug_abbrev  0x0000000000001178      0x1ed ./Drivers/STM32F4xx_HAL_Driver/Src/stm32f4xx_hal.o
 .debug_abbrev  0x0000000000001365      0x22f ./Drivers/STM32F4xx_HAL_Driver/Src/stm32f4xx_hal_adc.o
 .debug_abbrev  0x0000000000001594      0x33c ./Drivers/STM32F4xx_HAL_Driver/Src/stm32f4xx_hal_cortex.o
 .debug_abbrev  0x00000000000018d0      0x1f1 ./Drivers/STM32F4xx_HAL_Driver/Src/stm32f4xx_hal_gpio.o
 .debug_abbrev  0x0000000000001ac1      0x275 ./Drivers/STM32F4xx_HAL_Driver/Src/stm32f4xx_hal_rcc.o
 .debug_abbrev  0x0000000000001d36      0x2eb ./Drivers/STM32F4xx_HAL_Driver/Src/stm32f4xx_hal_uart.o

.debug_aranges  0x0000000000000000      0x950
 .debug_aranges
                0x0000000000000000      0x158 ./Core/Src/Audio_Drivers.o
 .debug_aranges
                0x0000000000000158       0x80 ./Core/Src/cs43l22.o
 .debug_aranges
                0x00000000000001d8       0x48 ./Core/Src/main.o
 .debug_aranges
                0x0000000000000220       0x50 ./Core/Src/sineWave.o
 .debug_aranges
                0x0000000000000270       0x40 ./Core/Src/stm32f4xx_hal_msp.o
 .debug_aranges
                0x00000000000002b0       0x60 ./Core/Src/stm32f4xx_it.o
 .debug_aranges
                0x0000000000000310       0x20 ./Core/Src/sysmem.o
 .debug_aranges
                0x0000000000000330       0x28 ./Core/Src/system_stm32f4xx.o
 .debug_aranges
                0x0000000000000358       0x28 ./Core/Startup/startup_stm32f407vgtx.o
 .debug_aranges
                0x0000000000000380       0xf0 ./Drivers/STM32F4xx_HAL_Driver/Src/stm32f4xx_hal.o
 .debug_aranges
                0x0000000000000470       0xe8 ./Drivers/STM32F4xx_HAL_Driver/Src/stm32f4xx_hal_adc.o
 .debug_aranges
                0x0000000000000558      0x118 ./Drivers/STM32F4xx_HAL_Driver/Src/stm32f4xx_hal_cortex.o
 .debug_aranges
                0x0000000000000670       0x58 ./Drivers/STM32F4xx_HAL_Driver/Src/stm32f4xx_hal_gpio.o
 .debug_aranges
                0x00000000000006c8       0x88 ./Drivers/STM32F4xx_HAL_Driver/Src/stm32f4xx_hal_rcc.o
 .debug_aranges
                0x0000000000000750      0x200 ./Drivers/STM32F4xx_HAL_Driver/Src/stm32f4xx_hal_uart.o

.debug_ranges   0x0000000000000000      0x898
 .debug_ranges  0x0000000000000000      0x148 ./Core/Src/Audio_Drivers.o
 .debug_ranges  0x0000000000000148       0x70 ./Core/Src/cs43l22.o
 .debug_ranges  0x00000000000001b8       0x38 ./Core/Src/main.o
 .debug_ranges  0x00000000000001f0       0x40 ./Core/Src/sineWave.o
 .debug_ranges  0x0000000000000230       0x30 ./Core/Src/stm32f4xx_hal_msp.o
 .debug_ranges  0x0000000000000260       0x50 ./Core/Src/stm32f4xx_it.o
 .debug_ranges  0x00000000000002b0       0x10 ./Core/Src/sysmem.o
 .debug_ranges  0x00000000000002c0       0x18 ./Core/Src/system_stm32f4xx.o
 .debug_ranges  0x00000000000002d8       0x20 ./Core/Startup/startup_stm32f407vgtx.o
 .debug_ranges  0x00000000000002f8       0xe0 ./Drivers/STM32F4xx_HAL_Driver/Src/stm32f4xx_hal.o
 .debug_ranges  0x00000000000003d8       0xd8 ./Drivers/STM32F4xx_HAL_Driver/Src/stm32f4xx_hal_adc.o
 .debug_ranges  0x00000000000004b0      0x108 ./Drivers/STM32F4xx_HAL_Driver/Src/stm32f4xx_hal_cortex.o
 .debug_ranges  0x00000000000005b8       0x48 ./Drivers/STM32F4xx_HAL_Driver/Src/stm32f4xx_hal_gpio.o
 .debug_ranges  0x0000000000000600       0x78 ./Drivers/STM32F4xx_HAL_Driver/Src/stm32f4xx_hal_rcc.o
 .debug_ranges  0x0000000000000678      0x220 ./Drivers/STM32F4xx_HAL_Driver/Src/stm32f4xx_hal_uart.o

.debug_macro    0x0000000000000000    0x21fff
 .debug_macro   0x0000000000000000       0xfb ./Core/Src/Audio_Drivers.o
 .debug_macro   0x00000000000000fb      0xaa8 ./Core/Src/Audio_Drivers.o
 .debug_macro   0x0000000000000ba3       0x22 ./Core/Src/Audio_Drivers.o
 .debug_macro   0x0000000000000bc5       0x8e ./Core/Src/Audio_Drivers.o
 .debug_macro   0x0000000000000c53       0x51 ./Core/Src/Audio_Drivers.o
 .debug_macro   0x0000000000000ca4      0x103 ./Core/Src/Audio_Drivers.o
 .debug_macro   0x0000000000000da7       0x6a ./Core/Src/Audio_Drivers.o
 .debug_macro   0x0000000000000e11      0x1df ./Core/Src/Audio_Drivers.o
 .debug_macro   0x0000000000000ff0       0x2f ./Core/Src/Audio_Drivers.o
 .debug_macro   0x000000000000101f       0x1c ./Core/Src/Audio_Drivers.o
 .debug_macro   0x000000000000103b       0x22 ./Core/Src/Audio_Drivers.o
 .debug_macro   0x000000000000105d       0xdf ./Core/Src/Audio_Drivers.o
 .debug_macro   0x000000000000113c     0x102d ./Core/Src/Audio_Drivers.o
 .debug_macro   0x0000000000002169      0x11f ./Core/Src/Audio_Drivers.o
 .debug_macro   0x0000000000002288    0x15e58 ./Core/Src/Audio_Drivers.o
 .debug_macro   0x00000000000180e0       0x16 ./Core/Src/Audio_Drivers.o
 .debug_macro   0x00000000000180f6      0x191 ./Core/Src/Audio_Drivers.o
 .debug_macro   0x0000000000018287       0xe3 ./Core/Src/cs43l22.o
 .debug_macro   0x000000000001836a       0x10 ./Core/Src/cs43l22.o
 .debug_macro   0x000000000001837a      0x3b5 ./Core/Src/main.o
 .debug_macro   0x000000000001872f       0x52 ./Core/Src/main.o
 .debug_macro   0x0000000000018781       0x18 ./Core/Src/main.o
 .debug_macro   0x0000000000018799       0x3c ./Core/Src/main.o
 .debug_macro   0x00000000000187d5       0x34 ./Core/Src/main.o
 .debug_macro   0x0000000000018809       0x16 ./Core/Src/main.o
 .debug_macro   0x000000000001881f       0x97 ./Core/Src/main.o
 .debug_macro   0x00000000000188b6      0x339 ./Core/Src/main.o
 .debug_macro   0x0000000000018bef       0xfd ./Core/Src/main.o
 .debug_macro   0x0000000000018cec       0x10 ./Core/Src/main.o
 .debug_macro   0x0000000000018cfc       0x16 ./Core/Src/main.o
 .debug_macro   0x0000000000018d12       0x43 ./Core/Src/main.o
 .debug_macro   0x0000000000018d55       0x34 ./Core/Src/main.o
 .debug_macro   0x0000000000018d89       0x10 ./Core/Src/main.o
 .debug_macro   0x0000000000018d99       0x58 ./Core/Src/main.o
 .debug_macro   0x0000000000018df1       0x71 ./Core/Src/main.o
 .debug_macro   0x0000000000018e62       0x1c ./Core/Src/main.o
 .debug_macro   0x0000000000018e7e      0x12a ./Core/Src/main.o
 .debug_macro   0x0000000000018fa8       0x10 ./Core/Src/main.o
 .debug_macro   0x0000000000018fb8       0x1c ./Core/Src/main.o
 .debug_macro   0x0000000000018fd4       0x52 ./Core/Src/main.o
 .debug_macro   0x0000000000019026       0x22 ./Core/Src/main.o
 .debug_macro   0x0000000000019048       0x10 ./Core/Src/main.o
 .debug_macro   0x0000000000019058       0x40 ./Core/Src/main.o
 .debug_macro   0x0000000000019098       0xd5 ./Core/Src/main.o
 .debug_macro   0x000000000001916d       0x1c ./Core/Src/main.o
 .debug_macro   0x0000000000019189       0x3d ./Core/Src/main.o
 .debug_macro   0x00000000000191c6       0x16 ./Core/Src/main.o
 .debug_macro   0x00000000000191dc      0x145 ./Core/Src/main.o
 .debug_macro   0x0000000000019321       0xd9 ./Core/Src/main.o
 .debug_macro   0x00000000000193fa      0x29b ./Core/Src/main.o
 .debug_macro   0x0000000000019695       0x2e ./Core/Src/main.o
 .debug_macro   0x00000000000196c3       0x6d ./Core/Src/main.o
 .debug_macro   0x0000000000019730     0x3666 ./Core/Src/main.o
 .debug_macro   0x000000000001cd96       0x56 ./Core/Src/main.o
 .debug_macro   0x000000000001cdec      0x96b ./Core/Src/main.o
 .debug_macro   0x000000000001d757      0x9fe ./Core/Src/main.o
 .debug_macro   0x000000000001e155      0x116 ./Core/Src/main.o
 .debug_macro   0x000000000001e26b      0x13e ./Core/Src/main.o
 .debug_macro   0x000000000001e3a9       0xa5 ./Core/Src/main.o
 .debug_macro   0x000000000001e44e      0x174 ./Core/Src/main.o
 .debug_macro   0x000000000001e5c2      0x287 ./Core/Src/main.o
 .debug_macro   0x000000000001e849       0x5f ./Core/Src/main.o
 .debug_macro   0x000000000001e8a8      0x236 ./Core/Src/main.o
 .debug_macro   0x000000000001eade      0xb5b ./Core/Src/main.o
 .debug_macro   0x000000000001f639      0x38b ./Core/Src/main.o
 .debug_macro   0x000000000001f9c4      0x176 ./Core/Src/main.o
 .debug_macro   0x000000000001fb3a       0xf9 ./Core/Src/main.o
 .debug_macro   0x000000000001fc33      0x12c ./Core/Src/main.o
 .debug_macro   0x000000000001fd5f      0x21e ./Core/Src/main.o
 .debug_macro   0x000000000001ff7d       0x2e ./Core/Src/main.o
 .debug_macro   0x000000000001ffab      0x11a ./Core/Src/main.o
 .debug_macro   0x00000000000200c5       0x7e ./Core/Src/main.o
 .debug_macro   0x0000000000020143       0x89 ./Core/Src/main.o
 .debug_macro   0x00000000000201cc      0x295 ./Core/Src/main.o
 .debug_macro   0x0000000000020461      0x12d ./Core/Src/main.o
 .debug_macro   0x000000000002058e       0x16 ./Core/Src/main.o
 .debug_macro   0x00000000000205a4       0x35 ./Core/Src/main.o
 .debug_macro   0x00000000000205d9       0x20 ./Core/Src/main.o
 .debug_macro   0x00000000000205f9      0x1b7 ./Core/Src/sineWave.o
 .debug_macro   0x00000000000207b0      0x174 ./Core/Src/sineWave.o
 .debug_macro   0x0000000000020924      0x1a9 ./Core/Src/sineWave.o
 .debug_macro   0x0000000000020acd      0x1ec ./Core/Src/stm32f4xx_hal_msp.o
 .debug_macro   0x0000000000020cb9       0x5c ./Core/Src/stm32f4xx_hal_msp.o
 .debug_macro   0x0000000000020d15      0x1f6 ./Core/Src/stm32f4xx_it.o
 .debug_macro   0x0000000000020f0b       0xff ./Core/Src/sysmem.o
 .debug_macro   0x000000000002100a      0x23b ./Core/Src/sysmem.o
 .debug_macro   0x0000000000021245      0x1e2 ./Core/Src/system_stm32f4xx.o
 .debug_macro   0x0000000000021427      0x242 ./Drivers/STM32F4xx_HAL_Driver/Src/stm32f4xx_hal.o
 .debug_macro   0x0000000000021669      0x1e3 ./Drivers/STM32F4xx_HAL_Driver/Src/stm32f4xx_hal_adc.o
 .debug_macro   0x000000000002184c      0x1e2 ./Drivers/STM32F4xx_HAL_Driver/Src/stm32f4xx_hal_cortex.o
 .debug_macro   0x0000000000021a2e      0x1e8 ./Drivers/STM32F4xx_HAL_Driver/Src/stm32f4xx_hal_gpio.o
 .debug_macro   0x0000000000021c16      0x206 ./Drivers/STM32F4xx_HAL_Driver/Src/stm32f4xx_hal_rcc.o
 .debug_macro   0x0000000000021e1c      0x1e3 ./Drivers/STM32F4xx_HAL_Driver/Src/stm32f4xx_hal_uart.o

.debug_line     0x0000000000000000     0xb65b
 .debug_line    0x0000000000000000     0x1325 ./Core/Src/Audio_Drivers.o
 .debug_line    0x0000000000001325      0x78d ./Core/Src/cs43l22.o
 .debug_line    0x0000000000001ab2      0xae8 ./Core/Src/main.o
 .debug_line    0x000000000000259a      0x7dc ./Core/Src/sineWave.o
 .debug_line    0x0000000000002d76      0x7a0 ./Core/Src/stm32f4xx_hal_msp.o
 .debug_line    0x0000000000003516      0x7cf ./Core/Src/stm32f4xx_it.o
 .debug_line    0x0000000000003ce5      0x4f8 ./Core/Src/sysmem.o
 .debug_line    0x00000000000041dd      0x78e ./Core/Src/system_stm32f4xx.o
 .debug_line    0x000000000000496b       0x88 ./Core/Startup/startup_stm32f407vgtx.o
 .debug_line    0x00000000000049f3      0x9f4 ./Drivers/STM32F4xx_HAL_Driver/Src/stm32f4xx_hal.o
 .debug_line    0x00000000000053e7     0x127e ./Drivers/STM32F4xx_HAL_Driver/Src/stm32f4xx_hal_adc.o
 .debug_line    0x0000000000006665      0xca3 ./Drivers/STM32F4xx_HAL_Driver/Src/stm32f4xx_hal_cortex.o
 .debug_line    0x0000000000007308      0xb6a ./Drivers/STM32F4xx_HAL_Driver/Src/stm32f4xx_hal_gpio.o
 .debug_line    0x0000000000007e72      0xd6e ./Drivers/STM32F4xx_HAL_Driver/Src/stm32f4xx_hal_rcc.o
 .debug_line    0x0000000000008be0     0x2a7b ./Drivers/STM32F4xx_HAL_Driver/Src/stm32f4xx_hal_uart.o

.debug_str      0x0000000000000000    0xd0d9f
 .debug_str     0x0000000000000000    0x88dbd ./Core/Src/Audio_Drivers.o
                                      0x890b4 (size before relaxing)
 .debug_str     0x0000000000088dbd      0x16d ./Core/Src/cs43l22.o
                                      0x8829c (size before relaxing)
 .debug_str     0x0000000000088f2a    0x4599e ./Core/Src/main.o
                                      0xcde03 (size before relaxing)
 .debug_str     0x00000000000ce8c8      0x977 ./Core/Src/sineWave.o
                                      0x8c67d (size before relaxing)
 .debug_str     0x00000000000cf23f       0xad ./Core/Src/stm32f4xx_hal_msp.o
                                      0xc9329 (size before relaxing)
 .debug_str     0x00000000000cf2ec       0xbd ./Core/Src/stm32f4xx_it.o
                                      0xc8c43 (size before relaxing)
 .debug_str     0x00000000000cf3a9      0x51e ./Core/Src/sysmem.o
                                       0x629a (size before relaxing)
 .debug_str     0x00000000000cf8c7       0x40 ./Core/Src/system_stm32f4xx.o
                                      0xc8d27 (size before relaxing)
 .debug_str     0x00000000000cf907       0x36 ./Core/Startup/startup_stm32f407vgtx.o
                                         0x77 (size before relaxing)
 .debug_str     0x00000000000cf93d      0x54d ./Drivers/STM32F4xx_HAL_Driver/Src/stm32f4xx_hal.o
                                      0xc9809 (size before relaxing)
 .debug_str     0x00000000000cfe8a      0x294 ./Drivers/STM32F4xx_HAL_Driver/Src/stm32f4xx_hal_adc.o
                                      0xc92d3 (size before relaxing)
 .debug_str     0x00000000000d011e      0x2d4 ./Drivers/STM32F4xx_HAL_Driver/Src/stm32f4xx_hal_cortex.o
                                      0xc95f8 (size before relaxing)
 .debug_str     0x00000000000d03f2      0x15a ./Drivers/STM32F4xx_HAL_Driver/Src/stm32f4xx_hal_gpio.o
                                      0xc8ece (size before relaxing)
 .debug_str     0x00000000000d054c      0x24e ./Drivers/STM32F4xx_HAL_Driver/Src/stm32f4xx_hal_rcc.o
                                      0xc9129 (size before relaxing)
 .debug_str     0x00000000000d079a      0x605 ./Drivers/STM32F4xx_HAL_Driver/Src/stm32f4xx_hal_uart.o
                                      0xc96af (size before relaxing)

.comment        0x0000000000000000       0x53
 .comment       0x0000000000000000       0x53 ./Core/Src/Audio_Drivers.o
                                         0x54 (size before relaxing)
 .comment       0x0000000000000053       0x54 ./Core/Src/cs43l22.o
 .comment       0x0000000000000053       0x54 ./Core/Src/main.o
 .comment       0x0000000000000053       0x54 ./Core/Src/sineWave.o
 .comment       0x0000000000000053       0x54 ./Core/Src/stm32f4xx_hal_msp.o
 .comment       0x0000000000000053       0x54 ./Core/Src/stm32f4xx_it.o
 .comment       0x0000000000000053       0x54 ./Core/Src/sysmem.o
 .comment       0x0000000000000053       0x54 ./Core/Src/system_stm32f4xx.o
 .comment       0x0000000000000053       0x54 ./Drivers/STM32F4xx_HAL_Driver/Src/stm32f4xx_hal.o
 .comment       0x0000000000000053       0x54 ./Drivers/STM32F4xx_HAL_Driver/Src/stm32f4xx_hal_adc.o
 .comment       0x0000000000000053       0x54 ./Drivers/STM32F4xx_HAL_Driver/Src/stm32f4xx_hal_cortex.o
 .comment       0x0000000000000053       0x54 ./Drivers/STM32F4xx_HAL_Driver/Src/stm32f4xx_hal_gpio.o
 .comment       0x0000000000000053       0x54 ./Drivers/STM32F4xx_HAL_Driver/Src/stm32f4xx_hal_rcc.o
 .comment       0x0000000000000053       0x54 ./Drivers/STM32F4xx_HAL_Driver/Src/stm32f4xx_hal_uart.o
